Component: ARM Compiler 5.05 update 2 (build 169) Tool: armlink [4d0f33]

==============================================================================

Section Cross References

    startup.o(RESET) refers (Special) to __main.o(!!!main) for __main
    startup.o(RESET) refers to startup.o(.text) for Reset_Handler
    startup.o(.text) refers (Special) to __main.o(!!!main) for __main
    startup.o(.text) refers to supervisor.o(i.SAPI_AesEncryptDirect) for SAPI_AesEncryptDirect
    startup.o(.text) refers to supervisor.o(i.SAPI_AesDecryptDirect) for SAPI_AesDecryptDirect
    startup.o(.text) refers to supervisor.o(i.SAPI_AesDecryptDirectKey2) for SAPI_AesDecryptDirectKey2
    startup.o(.text) refers to supervisor.o(i.SystemInit) for SystemInit
    startup.o(.text) refers to supervisor.o(i.ConfigMpu) for ConfigMpu
    supervisor.o(i.ConfigMpu) refers to supervisor.o(i.MpuSetRegion) for MpuSetRegion
    supervisor.o(i.SAPI_AesDecryptDirect) refers to wolf_aes.o(i.AesSetKey) for AesSetKey
    supervisor.o(i.SAPI_AesDecryptDirect) refers to wolf_aes.o(i.AesCbcDecrypt) for AesCbcDecrypt
    supervisor.o(i.SAPI_AesDecryptDirect) refers to supervisor.o(.constdata) for iv
    supervisor.o(i.SAPI_AesDecryptDirectKey2) refers to wolf_aes.o(i.AesSetKey) for AesSetKey
    supervisor.o(i.SAPI_AesDecryptDirectKey2) refers to wolf_aes.o(i.AesCbcDecrypt) for AesCbcDecrypt
    supervisor.o(i.SAPI_AesDecryptDirectKey2) refers to supervisor.o(.constdata) for iv
    supervisor.o(i.SAPI_AesEncryptDirect) refers to wolf_aes.o(i.AesSetKey) for AesSetKey
    supervisor.o(i.SAPI_AesEncryptDirect) refers to wolf_aes.o(i.AesCbcEncrypt) for AesCbcEncrypt
    supervisor.o(i.SAPI_AesEncryptDirect) refers to supervisor.o(.constdata) for iv
    supervisor.o(i.SystemCoreClockUpdate) refers to supervisor.o(.data) for SystemCoreClock
    supervisor.o(i.SystemInit) refers to supervisor.o(.data) for SystemCoreClock
    misc.o(i.ByteReverseWord32) refers to misc.o(i.rotlFixed) for rotlFixed
    misc.o(i.ByteReverseWords) refers to misc.o(i.ByteReverseWord32) for ByteReverseWord32
    misc.o(i.xorbuf) refers to misc.o(i.XorWords) for XorWords
    wolf_aes.o(i.AesCbcDecrypt) refers to rt_memcpy.o(.text) for __aeabi_memcpy
    wolf_aes.o(i.AesCbcDecrypt) refers to wolf_aes.o(i.AesDecrypt) for AesDecrypt
    wolf_aes.o(i.AesCbcDecrypt) refers to wolf_aes.o(i.xorbuf) for xorbuf
    wolf_aes.o(i.AesCbcDecryptWithKey) refers to wolf_aes.o(i.AesSetKey) for AesSetKey
    wolf_aes.o(i.AesCbcDecryptWithKey) refers to wolf_aes.o(i.AesCbcDecrypt) for AesCbcDecrypt
    wolf_aes.o(i.AesCbcEncrypt) refers to wolf_aes.o(i.xorbuf) for xorbuf
    wolf_aes.o(i.AesCbcEncrypt) refers to wolf_aes.o(i.AesEncrypt) for AesEncrypt
    wolf_aes.o(i.AesCbcEncrypt) refers to rt_memcpy.o(.text) for __aeabi_memcpy
    wolf_aes.o(i.AesDecrypt) refers to noretval__2printf.o(.text) for __2printf
    wolf_aes.o(i.AesDecrypt) refers to rt_memcpy.o(.text) for __aeabi_memcpy
    wolf_aes.o(i.AesDecrypt) refers to wolf_aes.o(i.ByteReverseWord32) for ByteReverseWord32
    wolf_aes.o(i.AesDecrypt) refers to wolf_aes.o(.constdata) for Td
    wolf_aes.o(i.AesEncrypt) refers to noretval__2printf.o(.text) for __2printf
    wolf_aes.o(i.AesEncrypt) refers to rt_memcpy.o(.text) for __aeabi_memcpy
    wolf_aes.o(i.AesEncrypt) refers to wolf_aes.o(i.ByteReverseWord32) for ByteReverseWord32
    wolf_aes.o(i.AesEncrypt) refers to wolf_aes.o(i.aes_core) for aes_core
    wolf_aes.o(i.AesSetIV) refers to rt_memcpy.o(.text) for __aeabi_memcpy
    wolf_aes.o(i.AesSetKey) refers to wolf_aes.o(i.AesSetKeyLocal) for AesSetKeyLocal
    wolf_aes.o(i.AesSetKeyLocal) refers to rt_memcpy.o(.text) for __aeabi_memcpy
    wolf_aes.o(i.AesSetKeyLocal) refers to wolf_aes.o(i.ByteReverseWords) for ByteReverseWords
    wolf_aes.o(i.AesSetKeyLocal) refers to wolf_aes.o(i.AesSetIV) for AesSetIV
    wolf_aes.o(i.AesSetKeyLocal) refers to wolf_aes.o(.constdata) for Te
    wolf_aes.o(i.ByteReverseWord32) refers to wolf_aes.o(i.rotlFixed) for rotlFixed
    wolf_aes.o(i.ByteReverseWords) refers to wolf_aes.o(i.ByteReverseWord32) for ByteReverseWord32
    wolf_aes.o(i.aes_core) refers to wolf_aes.o(.constdata) for Te
    wolf_aes.o(i.xorbuf) refers to wolf_aes.o(i.XorWords) for XorWords
    aes_core.o(.text) refers to wolf_aes.o(.constdata) for Te
    __2printf.o(.text) refers to _printf_char_file.o(.text) for _printf_char_file
    __2printf.o(.text) refers to stdio_streams.o(.bss) for __stdout
    noretval__2printf.o(.text) refers to _printf_char_file.o(.text) for _printf_char_file
    noretval__2printf.o(.text) refers to stdio_streams.o(.bss) for __stdout
    rt_memcpy.o(.text) refers to rt_memcpy.o(.emb_text) for __aeabi_memcpy4
    __main.o(!!!main) refers to __rtentry.o(.ARM.Collect$$rtentry$$00000000) for __rt_entry
    __rtentry.o(.ARM.Collect$$rtentry$$00000000) refers (Special) to __rtentry2.o(.ARM.Collect$$rtentry$$0000000A) for __rt_entry_li
[...]
    initio_locked.o(.text) refers to h1_free.o(.text) for free
    initio_locked.o(.text) refers to stdio_streams.o(.bss) for __stdin
    initio_locked.o(.text) refers to stdio_streams.o(.bss) for __stdout
    initio_locked.o(.text) refers to stdio_streams.o(.bss) for __stderr
    initio_locked.o(.text) refers to stdio_streams.o(.data) for __aeabi_stdin
    initio_locked.o(.text) refers to stdio_streams.o(.data) for __aeabi_stdout
    initio_locked.o(.text) refers to stdio_streams.o(.data) for __aeabi_stderr
    initio_locked.o(.text) refers to streamlock.o(.data) for _stream_list_lock
    initio_locked.o(.text) refers to sys_io.o(.constdata) for __stdin_name
    initio_locked.o(.text) refers to sys_io.o(.constdata) for __stdout_name
    initio_locked.o(.text) refers to sys_io.o(.constdata) for __stderr_name
    sys_io.o(.text) refers (Special) to use_no_semi.o(.text) for __I$use$semihosting
    sys_io.o(.text) refers (Special) to indicate_semi.o(.text) for __semihosting_library_function
    sys_io.o(.text) refers to strlen.o(.text) for strlen
    sys_io.o(.constdata) refers (Special) to use_no_semi.o(.text) for __I$use$semihosting
    sys_io.o(.constdata) refers (Special) to indicate_semi.o(.text) for __semihosting_library_function
    sys_io.o(.constdata) refers (Special) to use_no_semi.o(.text) for __I$use$semihosting
    sys_io.o(.constdata) refers (Special) to indicate_semi.o(.text) for __semihosting_library_function
    sys_io.o(.constdata) refers (Special) to use_no_semi.o(.text) for __I$use$semihosting
    sys_io.o(.constdata) refers (Special) to indicate_semi.o(.text) for __semihosting_library_function
    sys_stackheap_outer.o(.text) refers to libspace.o(.text) for __user_perproc_libspace
    sys_stackheap_outer.o(.text) refers to sys_stackheap.o(.text) for __user_initial_stackheap
    sys_stackheap_outer.o(__vectab_stack_and_reset_area) refers to tempstk.o(.text) for __temporary_stack_top
    sys_stackheap_outer.o(__vectab_stack_and_reset_area) refers to __main.o(!!!main) for __main
    free.o(.text) refers (Special) to hguard.o(.text) for __heap$guard
    free.o(.text) refers to rt_heap_descriptor_intlibspace.o(.text) for __rt_heap_descriptor
    h1_free.o(.text) refers to rt_heap_descriptor_intlibspace.o(.text) for __rt_heap_descriptor
    h1_free_mt.o(.text) refers to rt_heap_descriptor_intlibspace.o(.text) for __rt_heap_descriptor
    heap2.o(i._FDIterate) refers to heap2.o(.conststring) for .conststring
    heap2.o(i.___Heap_ProvideMemory$realtime) refers to fdtree.o(i._FDTree_Delete) for _FDTree_Delete
    heap2.o(i.___Heap_ProvideMemory$realtime) refers to fdtree.o(i._FDTree_Insert) for _FDTree_Insert
    heap2.o(i.___Heap_Stats$realtime) refers to heap2.o(i._Heap2_StatsIterate) for _Heap2_StatsIterate
    heap2.o(i.___Heap_Stats$realtime) refers to aeabi_sdiv.o(.text) for __aeabi_uidivmod
    heap2.o(i.___Heap_Valid$realtime) refers to heap2.o(i._FDIterate) for _FDIterate
    heap2.o(i.___Heap_Valid$realtime) refers to heap2.o(.conststring) for .conststring
    heap2.o(i._free$realtime) refers to rt_heap_descriptor_intlibspace.o(.text) for __rt_heap_descriptor
    heap2.o(i._free$realtime) refers to fdtree.o(i._FDTree_Delete) for _FDTree_Delete
    heap2.o(i._free$realtime) refers to fdtree.o(i._FDTree_Insert) for _FDTree_Insert
    heap2.o(i._malloc$realtime) refers to rt_heap_descriptor_intlibspace.o(.text) for __rt_heap_descriptor
    heap2.o(i._malloc$realtime) refers to fdtree.o(i._FDTree_FindFirst) for _FDTree_FindFirst
    heap2.o(i._malloc$realtime) refers to init_alloc.o(.text) for __Heap_Full
    heap2.o(i._malloc$realtime) refers to fdtree.o(i._FDTree_RemoveNode) for _FDTree_RemoveNode
    heap2.o(i._malloc$realtime) refers to fdtree.o(i._FDTree_Insert) for _FDTree_Insert
    heap2.o(i._posix_memalign$realtime) refers to rt_heap_descriptor_intlibspace.o(.text) for __rt_heap_descriptor
    heap2.o(i._posix_memalign$realtime) refers to fdtree.o(i._FDTree_FindFirst) for _FDTree_FindFirst
    heap2.o(i._posix_memalign$realtime) refers to init_alloc.o(.text) for __Heap_Full
    heap2.o(i._posix_memalign$realtime) refers to fdtree.o(i._FDTree_RemoveNode) for _FDTree_RemoveNode
    heap2.o(i._posix_memalign$realtime) refers to fdtree.o(i._FDTree_Insert) for _FDTree_Insert
    heap2.o(i._realloc$realtime) refers to rt_heap_descriptor_intlibspace.o(.text) for __rt_heap_descriptor
    heap2.o(i._realloc$realtime) refers to h1_free.o(.text) for free
    heap2.o(i._realloc$realtime) refers to h1_alloc.o(.text) for malloc
    heap2.o(i._realloc$realtime) refers to fdtree.o(i._FDTree_Delete) for _FDTree_Delete
    heap2.o(i._realloc$realtime) refers to fdtree.o(i._FDTree_Insert) for _FDTree_Insert
    heap2.o(i._realloc$realtime) refers to rt_memcpy.o(.emb_text) for __aeabi_memcpy4
    heap2mt.o(i._FDIterate) refers to heap2mt.o(.conststring) for .conststring
    heap2mt.o(i.___Heap_ProvideMemory$realtime$concurrent) refers to fdtree.o(i._FDTree_Delete) for _FDTree_Delete
    heap2mt.o(i.___Heap_ProvideMemory$realtime$concurrent) refers to fdtree.o(i._FDTree_Insert) for _FDTree_Insert
    heap2mt.o(i.___Heap_Stats$realtime$concurrent) refers to heap2mt.o(i._Heap2_StatsIterate) for _Heap2_StatsIterate
    heap2mt.o(i.___Heap_Stats$realtime$concurrent) refers to aeabi_sdiv.o(.text) for __aeabi_uidivmod
    heap2mt.o(i.___Heap_Valid$realtime$concurrent) refers to heap2mt.o(i._FDIterate) for _FDIterate
    heap2mt.o(i.___Heap_Valid$realtime$concurrent) refers to heap2mt.o(.conststring) for .conststring
    heap2mt.o(i._free$realtime$concurrent) refers to rt_heap_descriptor_intlibspace.o(.text) for __rt_heap_descriptor
    heap2mt.o(i._free$realtime$concurrent) refers to fdtree.o(i._FDTree_Delete) for _FDTree_Delete
    heap2mt.o(i._free$realtime$concurrent) refers to fdtree.o(i._FDTree_Insert) for _FDTree_Insert
    heap2mt.o(i._malloc$realtime$concurrent) refers to rt_heap_descriptor_intlibspace.o(.text) for __rt_heap_descriptor
    heap2mt.o(i._malloc$realtime$concurrent) refers to fdtree.o(i._FDTree_FindFirst) for _FDTree_FindFirst
    heap2mt.o(i._malloc$realtime$concurrent) refers to init_alloc.o(.text) for __Heap_Full
    heap2mt.o(i._malloc$realtime$concurrent) refers to fdtree.o(i._FDTree_RemoveNode) for _FDTree_RemoveNode
    heap2mt.o(i._malloc$realtime$concurrent) refers to fdtree.o(i._FDTree_Insert) for _FDTree_Insert
    heap2mt.o(i._posix_memalign$realtime$concurrent) refers to rt_heap_descriptor_intlibspace.o(.text) for __rt_heap_descriptor
    heap2mt.o(i._posix_memalign$realtime$concurrent) refers to fdtree.o(i._FDTree_FindFirst) for _FDTree_FindFirst
    heap2mt.o(i._posix_memalign$realtime$concurrent) refers to init_alloc.o(.text) for __Heap_Full
    heap2mt.o(i._posix_memalign$realtime$concurrent) refers to fdtree.o(i._FDTree_RemoveNode) for _FDTree_RemoveNode
    heap2mt.o(i._posix_memalign$realtime$concurrent) refers to fdtree.o(i._FDTree_Insert) for _FDTree_Insert
    heap2mt.o(i._realloc$realtime$concurrent) refers to rt_heap_descriptor_intlibspace.o(.text) for __rt_heap_descriptor
    heap2mt.o(i._realloc$realtime$concurrent) refers to h1_free.o(.text) for free
    heap2mt.o(i._realloc$realtime$concurrent) refers to h1_alloc.o(.text) for malloc
    heap2mt.o(i._realloc$realtime$concurrent) refers to fdtree.o(i._FDTree_Delete) for _FDTree_Delete
    heap2mt.o(i._realloc$realtime$concurrent) refers to fdtree.o(i._FDTree_Insert) for _FDTree_Insert
    heap2mt.o(i._realloc$realtime$concurrent) refers to rt_memcpy.o(.emb_text) for __aeabi_memcpy4
    flsbuf.o(.text) refers to stdio.o(.text) for _deferredlazyseek
    flsbuf.o(.text) refers to sys_io.o(.text) for _sys_flen
    flsbuf.o(.text) refers to h1_alloc.o(.text) for malloc
    streamlock.o(.data) refers (Special) to initio.o(.text) for _initio
    fopen.o(.text) refers to fclose.o(.text) for _fclose_internal
    fopen.o(.text) refers to sys_io.o(.text) for _sys_open
    fopen.o(.text) refers to fseek.o(.text) for _fseek
    fopen.o(.text) refers to h1_alloc.o(.text) for malloc
    fopen.o(.text) refers to rt_memclr.o(.text) for __aeabi_memclr4
    fopen.o(.text) refers to stdio_streams.o(.bss) for __stdin
    fclose.o(.text) refers to stdio.o(.text) for _fflush
    fclose.o(.text) refers to sys_io.o(.text) for _sys_close
    fclose.o(.text) refers to h1_free.o(.text) for free
    fclose.o(.text) refers to rt_memclr.o(.text) for __aeabi_memclr4
    fopen_locked.o(.text) refers to fclose.o(.text) for _fclose_internal
    fopen_locked.o(.text) refers to sys_io.o(.text) for _sys_open
    fopen_locked.o(.text) refers to fseek.o(.text) for _fseek
    fopen_locked.o(.text) refers to h1_alloc.o(.text) for malloc
    fopen_locked.o(.text) refers to rt_memclr.o(.text) for __aeabi_memclr4
    fopen_locked.o(.text) refers to streamlock.o(.data) for _stream_list_lock
    fopen_locked.o(.text) refers to stdio_streams.o(.bss) for __stdin
    exit.o(.text) refers to rtexit.o(.ARM.Collect$$rtexit$$00000000) for __rt_exit
    defsig_rtred_outer.o(.text) refers to defsig_rtred_inner.o(.text) for __rt_SIGRTRED_inner
    defsig_rtred_outer.o(.text) refers to defsig_exit.o(.text) for __sig_exit
    defsig_rtred_formal.o(.text) refers to rt_raise.o(.text) for __rt_raise
    libinit.o(.ARM.Collect$$libinit$$00000000) refers (Special) to libinit2.o(.ARM.Collect$$libinit$$0000002E) for __rt_lib_init_alloca_1
    libinit.o(.ARM.Collect$$libinit$$00000000) refers (Special) to libinit2.o(.ARM.Collect$$libinit$$0000002C) for __rt_lib_init_argv_1
    libinit.o(.ARM.Collect$$libinit$$00000000) refers (Special) to libinit2.o(.ARM.Collect$$libinit$$0000001B) for __rt_lib_init_atexit_1
    libinit.o(.ARM.Collect$$libinit$$00000000) refers (Special) to libinit2.o(.ARM.Collect$$libinit$$00000021) for __rt_lib_init_clock_1
    libinit.o(.ARM.Collect$$libinit$$00000000) refers (Special) to libinit2.o(.ARM.Collect$$libinit$$00000032) for __rt_lib_init_cpp_1
    libinit.o(.ARM.Collect$$libinit$$00000000) refers (Special) to libinit2.o(.ARM.Collect$$libinit$$00000030) for __rt_lib_init_exceptions_1
    libinit.o(.ARM.Collect$$libinit$$00000000) refers (Special) to libinit2.o(.ARM.Collect$$libinit$$00000002) for __rt_lib_init_fp_1
    libinit.o(.ARM.Collect$$libinit$$00000000) refers (Special) to libinit2.o(.ARM.Collect$$libinit$$0000001F) for __rt_lib_init_fp_trap_1
    libinit.o(.ARM.Collect$$libinit$$00000000) refers (Special) to libinit2.o(.ARM.Collect$$libinit$$00000023) for __rt_lib_init_getenv_1
    libinit.o(.ARM.Collect$$libinit$$00000000) refers (Special) to libinit2.o(.ARM.Collect$$libinit$$0000000A) for __rt_lib_init_heap_1
    libinit.o(.ARM.Collect$$libinit$$00000000) refers (Special) to libinit2.o(.ARM.Collect$$libinit$$00000011) for __rt_lib_init_lc_collate_1
    libinit.o(.ARM.Collect$$libinit$$00000000) refers (Special) to libinit2.o(.ARM.Collect$$libinit$$00000013) for __rt_lib_init_lc_ctype_1
    libinit.o(.ARM.Collect$$libinit$$00000000) refers (Special) to libinit2.o(.ARM.Collect$$libinit$$00000015) for __rt_lib_init_lc_monetary_1
    libinit.o(.ARM.Collect$$libinit$$00000000) refers (Special) to libinit2.o(.ARM.Collect$$libinit$$00000017) for __rt_lib_init_lc_numeric_1
    libinit.o(.ARM.Collect$$libinit$$00000000) refers (Special) to libinit2.o(.ARM.Collect$$libinit$$00000019) for __rt_lib_init_lc_time_1
    libinit.o(.ARM.Collect$$libinit$$00000000) refers (Special) to libinit2.o(.ARM.Collect$$libinit$$00000004) for __rt_lib_init_preinit_1
    libinit.o(.ARM.Collect$$libinit$$00000000) refers (Special) to libinit2.o(.ARM.Collect$$libinit$$0000000E) for __rt_lib_init_rand_1
    libinit.o(.ARM.Collect$$libinit$$00000000) refers (Special) to libinit2.o(.ARM.Collect$$libinit$$00000033) for __rt_lib_init_return
    libinit.o(.ARM.Collect$$libinit$$00000000) refers (Special) to libinit2.o(.ARM.Collect$$libinit$$0000001D) for __rt_lib_init_signal_1
    libinit.o(.ARM.Collect$$libinit$$00000000) refers (Special) to libinit2.o(.ARM.Collect$$libinit$$00000025) for __rt_lib_init_stdio_1
    libinit.o(.ARM.Collect$$libinit$$00000000) refers (Special) to libinit2.o(.ARM.Collect$$libinit$$0000000C) for __rt_lib_init_user_alloc_1
    libinit2.o(.ARM.Collect$$libinit$$00000005) refers (Weak) to init_alloc.o(.text) for _init_alloc
    libinit2.o(.ARM.Collect$$libinit$$00000010) refers to libinit2.o(.ARM.Collect$$libinit$$0000000F) for .ARM.Collect$$libinit$$0000000F
    libinit2.o(.ARM.Collect$$libinit$$00000012) refers to libinit2.o(.ARM.Collect$$libinit$$0000000F) for .ARM.Collect$$libinit$$0000000F
    libinit2.o(.ARM.Collect$$libinit$$00000014) refers to libinit2.o(.ARM.Collect$$libinit$$0000000F) for .ARM.Collect$$libinit$$0000000F
    libinit2.o(.ARM.Collect$$libinit$$00000016) refers to libinit2.o(.ARM.Collect$$libinit$$0000000F) for .ARM.Collect$$libinit$$0000000F
    libinit2.o(.ARM.Collect$$libinit$$00000018) refers to libinit2.o(.ARM.Collect$$libinit$$0000000F) for .ARM.Collect$$libinit$$0000000F
    libinit2.o(.ARM.Collect$$libinit$$00000024) refers (Weak) to initio.o(.text) for _initio
    libinit2.o(.ARM.Collect$$libinit$$00000026) refers to argv_veneer.o(.text) for __ARM_argv_veneer
    libinit2.o(.ARM.Collect$$libinit$$00000027) refers to argv_veneer.o(.text) for __ARM_argv_veneer
    libshutdown2.o(.ARM.Collect$$libshutdown$$00000002) refers (Weak) to initio.o(.text) for _terminateio
    libshutdown2.o(.ARM.Collect$$libshutdown$$0000000C) refers (Weak) to term_alloc.o(.text) for _terminate_alloc
    flsbuf_fwide.o(.text) refers to flsbuf.o(.text) for __flsbuf
    libspace.o(.text) refers to libspace.o(.bss) for __libspace_start
    sys_stackheap.o(.text) refers (Special) to indicate_semi.o(.text) for __semihosting_library_function
    sys_stackheap.o(.text) refers to use_no_semi.o(.text) for __I$use$semihosting
    rtexit.o(.ARM.Collect$$rtexit$$00000000) refers (Special) to rtexit2.o(.ARM.Collect$$rtexit$$00000004) for __rt_exit_exit
    rtexit.o(.ARM.Collect$$rtexit$$00000000) refers (Special) to rtexit2.o(.ARM.Collect$$rtexit$$00000003) for __rt_exit_ls
    rtexit.o(.ARM.Collect$$rtexit$$00000000) refers (Special) to rtexit2.o(.ARM.Collect$$rtexit$$00000002) for __rt_exit_prels_1
    rtexit.o(.ARM.exidx) refers (Special) to rtexit2.o(.ARM.Collect$$rtexit$$00000004) for __rt_exit_exit
    rtexit.o(.ARM.exidx) refers (Special) to rtexit2.o(.ARM.Collect$$rtexit$$00000003) for __rt_exit_ls
    rtexit.o(.ARM.exidx) refers (Special) to rtexit2.o(.ARM.Collect$$rtexit$$00000002) for __rt_exit_prels_1
    rtexit.o(.ARM.exidx) refers to rtexit.o(.ARM.Collect$$rtexit$$00000000) for .ARM.Collect$$rtexit$$00000000
    rt_raise.o(.text) refers to __raise.o(.text) for __raise
    rt_raise.o(.text) refers to sys_exit.o(.text) for _sys_exit
    rt_heap_descriptor.o(.text) refers to rt_heap_descriptor.o(.bss) for __rt_heap_descriptor_data
    rt_heap_descriptor_intlibspace.o(.text) refers to libspace.o(.bss) for __libspace_start
    init_alloc.o(.text) refers (Special) to hguard.o(.text) for __heap$guard
    init_alloc.o(.text) refers (Special) to libinit2.o(.ARM.Collect$$libinit$$00000005) for __rt_lib_init_heap_2
    init_alloc.o(.text) refers (Special) to maybetermalloc1.o(.emb_text) for _maybe_terminate_alloc
    init_alloc.o(.text) refers to heapauxa.o(.text) for __rt_heap_expand
    init_alloc.o(.text) refers to h1_extend.o(.text) for __Heap_ProvideMemory
    init_alloc.o(.text) refers to defsig_rtmem_outer.o(.text) for __rt_SIGRTMEM
    init_alloc.o(.text) refers to rt_heap_descriptor_intlibspace.o(.text) for __rt_heap_descriptor
    init_alloc.o(.text) refers to h1_init.o(.text) for __Heap_Initialize
    malloc.o(.text) refers (Special) to hguard.o(.text) for __heap$guard
    malloc.o(.text) refers (Special) to init_alloc.o(.text) for _init_alloc
    malloc.o(.text) refers to rt_heap_descriptor_intlibspace.o(.text) for __rt_heap_descriptor
    h1_alloc.o(.text) refers (Special) to h1_init.o(.text) for __Heap_Initialize
    h1_alloc.o(.text) refers to rt_heap_descriptor_intlibspace.o(.text) for __rt_heap_descriptor
    h1_alloc.o(.text) refers to init_alloc.o(.text) for __Heap_Full
    h1_alloc_mt.o(.text) refers (Special) to h1_init.o(.text) for __Heap_Initialize
    h1_alloc_mt.o(.text) refers to init_alloc.o(.text) for __Heap_Full
    h1_alloc_mt.o(.text) refers to rt_heap_descriptor_intlibspace.o(.text) for __rt_heap_descriptor
    _printf_char_file_locked.o(.text) refers to _printf_char_common.o(.text) for _printf_char_common
    _printf_char_file_locked.o(.text) refers to fputc.o(i._fputc$unlocked) for _fputc$unlocked
    fseek.o(.text) refers to sys_io.o(.text) for _sys_istty
    fseek.o(.text) refers to ftell.o(.text) for _ftell_internal
    fseek.o(.text) refers to stdio.o(.text) for _seterr
    stdio.o(.text) refers to sys_io.o(.text) for _sys_seek
    fwritefast.o(.text) refers to stdio.o(.text) for _writebuf
    fwritefast.o(.text) refers to flsbuf.o(.text) for __flsbuf_byte
    fwritefast.o(.text) refers to rt_memcpy.o(.text) for __aeabi_memcpy
    fwritefast_locked.o(.text) refers to stdio.o(.text) for _writebuf
    fwritefast_locked.o(.text) refers to flsbuf.o(.text) for __flsbuf_byte
    fwritefast_locked.o(.text) refers to rt_memcpy.o(.text) for __aeabi_memcpy
    defsig_exit.o(.text) refers to sys_exit.o(.text) for _sys_exit
    defsig_rtred_inner.o(.text) refers to defsig_general.o(.text) for __default_signal_display
    assert_stdio.o(.text) refers to fputs.o(.text) for fputs
    assert_stdio.o(.text) refers to fflush.o(.text) for fflush
    assert_stdio.o(.text) refers to stdio_streams.o(.bss) for __stderr
    sys_exit.o(.text) refers (Special) to use_no_semi.o(.text) for __I$use$semihosting
    sys_exit.o(.text) refers (Special) to indicate_semi.o(.text) for __semihosting_library_function
    rtexit2.o(.ARM.Collect$$rtexit$$00000003) refers to libshutdown.o(.ARM.Collect$$libshutdown$$00000000) for __rt_lib_shutdown
    rtexit2.o(.ARM.Collect$$rtexit$$00000004) refers to sys_exit.o(.text) for _sys_exit
    rtexit2.o(.ARM.exidx) refers to rtexit2.o(.ARM.Collect$$rtexit$$00000001) for .ARM.Collect$$rtexit$$00000001
    rtexit2.o(.ARM.exidx) refers to rtexit2.o(.ARM.Collect$$rtexit$$00000003) for .ARM.Collect$$rtexit$$00000003
    rtexit2.o(.ARM.exidx) refers to rtexit2.o(.ARM.Collect$$rtexit$$00000004) for .ARM.Collect$$rtexit$$00000004
    aeabi_idiv0_sigfpe.o(.text) refers to rt_div0.o(.text) for __rt_div0
    maybetermalloc2.o(.emb_text) refers (Special) to term_alloc.o(.text) for _terminate_alloc
    h1_extend.o(.text) refers to h1_free.o(.text) for free
    h1_extend_mt.o(.text) refers to h1_free_mt.o(.text) for _free_internal
    fflush.o(.text) refers to stdio.o(.text) for _fflush
    fflush.o(.text) refers to fseek.o(.text) for _fseek
    fflush.o(.text) refers to stdio_streams.o(.bss) for __stdin
    fputs.o(.text) refers to fputc.o(i.fputc) for fputc
    ftell.o(.text) refers to rt_errno_addr_intlibspace.o(.text) for __aeabi_errno_addr
    fflush_locked.o(.text) refers to stdio.o(.text) for _fflush
    fflush_locked.o(.text) refers to fseek.o(.text) for _fseek
    fflush_locked.o(.text) refers to fflush.o(.text) for _do_fflush
    fflush_locked.o(.text) refers to streamlock.o(.data) for _stream_list_lock
    fflush_locked.o(.text) refers to stdio_streams.o(.bss) for __stdin
    __raise.o(.text) refers to defsig.o(CL$$defsig) for __default_signal_handler
    defsig_general.o(.text) refers to sys_wrch.o(.text) for _ttywrch
    defsig_rtmem_outer.o(.text) refers to defsig_rtmem_inner.o(.text) for __rt_SIGRTMEM_inner
    defsig_rtmem_outer.o(.text) refers to defsig_exit.o(.text) for __sig_exit
    defsig_rtmem_formal.o(.text) refers to rt_raise.o(.text) for __rt_raise
    heapauxa.o(.text) refers to heapauxa.o(.data) for .data
    _get_argv.o(.text) refers (Special) to hrguard.o(.text) for __heap_region$guard
    _get_argv.o(.text) refers to h1_alloc.o(.text) for malloc
    _get_argv.o(.text) refers to defsig_rtmem_outer.o(.text) for __rt_SIGRTMEM
    _get_argv.o(.text) refers to sys_command.o(.text) for _sys_command_string
    _get_argv_nomalloc.o(.text) refers (Special) to hrguard.o(.text) for __heap_region$guard
    _get_argv_nomalloc.o(.text) refers to defsig_rtmem_outer.o(.text) for __rt_SIGRTMEM
    _get_argv_nomalloc.o(.text) refers to sys_command.o(.text) for _sys_command_string
    sys_wrch.o(.text) refers (Special) to use_no_semi.o(.text) for __I$use$semihosting
    sys_wrch.o(.text) refers (Special) to indicate_semi.o(.text) for __semihosting_library_function
    sys_command.o(.text) refers (Special) to use_no_semi.o(.text) for __I$use$semihosting
    sys_command.o(.text) refers (Special) to indicate_semi.o(.text) for __semihosting_library_function
    rt_div0.o(.text) refers to defsig_fpe_outer.o(.text) for __rt_SIGFPE
    rt_errno_addr.o(.text) refers to rt_errno_addr.o(.bss) for __aeabi_errno_addr_data
    rt_errno_addr_intlibspace.o(.text) refers to libspace.o(.bss) for __libspace_start
    term_alloc.o(.text) refers (Special) to libshutdown2.o(.ARM.Collect$$libshutdown$$0000000D) for __rt_lib_shutdown_heap_2
    term_alloc.o(.text) refers to rt_heap_descriptor_intlibspace.o(.text) for __rt_heap_descriptor
    defsig_rtmem_inner.o(.text) refers to defsig_general.o(.text) for __default_signal_display
    defsig.o(CL$$defsig) refers to defsig_fpe_inner.o(.text) for __rt_SIGFPE_inner
    defsig.o(CL$$defsig) refers to defsig_rtred_inner.o(.text) for __rt_SIGRTRED_inner
    defsig.o(CL$$defsig) refers to defsig_rtmem_inner.o(.text) for __rt_SIGRTMEM_inner
    libshutdown.o(.ARM.Collect$$libshutdown$$00000000) refers (Special) to libshutdown2.o(.ARM.Collect$$libshutdown$$00000006) for __rt_lib_shutdown_fp_trap_1
    libshutdown.o(.ARM.Collect$$libshutdown$$00000000) refers (Special) to libshutdown2.o(.ARM.Collect$$libshutdown$$0000000E) for __rt_lib_shutdown_heap_1
    libshutdown.o(.ARM.Collect$$libshutdown$$00000000) refers (Special) to libshutdown2.o(.ARM.Collect$$libshutdown$$0000000F) for __rt_lib_shutdown_return
    libshutdown.o(.ARM.Collect$$libshutdown$$00000000) refers (Special) to libshutdown2.o(.ARM.Collect$$libshutdown$$00000009) for __rt_lib_shutdown_signal_1
    libshutdown.o(.ARM.Collect$$libshutdown$$00000000) refers (Special) to libshutdown2.o(.ARM.Collect$$libshutdown$$00000003) for __rt_lib_shutdown_stdio_1
    libshutdown.o(.ARM.Collect$$libshutdown$$00000000) refers (Special) to libshutdown2.o(.ARM.Collect$$libshutdown$$0000000B) for __rt_lib_shutdown_user_alloc_1
    defsig_abrt_inner.o(.text) refers to defsig_general.o(.text) for __default_signal_display
    defsig_fpe_inner.o(.text) refers to defsig_general.o(.text) for __default_signal_display
    defsig_fpe_outer.o(.text) refers to defsig_fpe_inner.o(.text) for __rt_SIGFPE_inner
    defsig_fpe_outer.o(.text) refers to defsig_exit.o(.text) for __sig_exit
    defsig_fpe_formal.o(.text) refers to rt_raise.o(.text) for __rt_raise
    defsig_stak_inner.o(.text) refers to defsig_general.o(.text) for __default_signal_display
    defsig_pvfn_inner.o(.text) refers to defsig_general.o(.text) for __default_signal_display
    defsig_cppl_inner.o(.text) refers to defsig_general.o(.text) for __default_signal_display
    defsig_segv_inner.o(.text) refers to defsig_general.o(.text) for __default_signal_display
    defsig_other.o(.text) refers to defsig_general.o(.text) for __default_signal_display


==============================================================================

Removing Unused input sections from the image.

    Removing supervisor.o(.rev16_text), (4 bytes).
    Removing supervisor.o(.revsh_text), (4 bytes).
    Removing supervisor.o(i.SystemCoreClockUpdate), (16 bytes).
    Removing misc.o(i.ByteReverseWord32), (36 bytes).
    Removing misc.o(i.ByteReverseWords), (38 bytes).
    Removing misc.o(i.XorWords), (30 bytes).
    Removing misc.o(i.rotlFixed), (20 bytes).
    Removing misc.o(i.rotrFixed), (20 bytes).
    Removing misc.o(i.xorbuf), (60 bytes).
    Removing wolf_aes.o(i.AesCbcDecryptWithKey), (60 bytes).
    Removing wolf_aes.o(i.rotrFixed), (20 bytes).
    Removing aes_core.o(.text), (1556 bytes).

12 unused section(s) (total 1864 bytes) removed from the image.

==============================================================================

Image Symbol Table

    Local Symbols

    Symbol Name                              Value     Ov Type        Size  Object(Section)

    RESET                                    0x00000000   Section      192  startup.o(RESET)
    ../clib/angel/boardlib.s                 0x00000000   Number         0  boardinit3.o ABSOLUTE
    ../clib/angel/boardlib.s                 0x00000000   Number         0  boardinit1.o ABSOLUTE
    ../clib/angel/boardlib.s                 0x00000000   Number         0  boardinit2.o ABSOLUTE
    ../clib/angel/boardlib.s                 0x00000000   Number         0  boardshut.o ABSOLUTE
    ../clib/angel/handlers.s                 0x00000000   Number         0  __scatter_zi.o ABSOLUTE
    ../clib/angel/handlers.s                 0x00000000   Number         0  __scatter_copy.o ABSOLUTE
    ../clib/angel/kernel.s                   0x00000000   Number         0  __rtentry2.o ABSOLUTE
    ../clib/angel/kernel.s                   0x00000000   Number         0  __rtentry.o ABSOLUTE
    ../clib/angel/kernel.s                   0x00000000   Number         0  __rtentry4.o ABSOLUTE
    ../clib/angel/kernel.s                   0x00000000   Number         0  rtexit2.o ABSOLUTE
    ../clib/angel/kernel.s                   0x00000000   Number         0  rtexit.o ABSOLUTE
    ../clib/angel/rt.s                       0x00000000   Number         0  rt_heap_descriptor.o ABSOLUTE
    ../clib/angel/rt.s                       0x00000000   Number         0  rt_raise.o ABSOLUTE
    ../clib/angel/rt.s                       0x00000000   Number         0  rt_heap_descriptor_intlibspace.o ABSOLUTE
    ../clib/angel/rt.s                       0x00000000   Number         0  rt_errno_addr_intlibspace.o ABSOLUTE
    ../clib/angel/rt.s                       0x00000000   Number         0  rt_errno_addr.o ABSOLUTE
    ../clib/angel/rt.s                       0x00000000   Number         0  rt_div0.o ABSOLUTE
    ../clib/angel/rt.s                       0x00000000   Number         0  aeabi_idiv0.o ABSOLUTE
    ../clib/angel/rt.s                       0x00000000   Number         0  aeabi_idiv0_sigfpe.o ABSOLUTE
    ../clib/angel/scatterp.s                 0x00000000   Number         0  __scatter.o ABSOLUTE
    ../clib/angel/startup.s                  0x00000000   Number         0  __main.o ABSOLUTE
    ../clib/angel/sys.s                      0x00000000   Number         0  use_no_semi.o ABSOLUTE
    ../clib/angel/sys.s                      0x00000000   Number         0  tempstk.o ABSOLUTE
    ../clib/angel/sys.s                      0x00000000   Number         0  sys_stackheap_outer.o ABSOLUTE
    ../clib/angel/sys.s                      0x00000000   Number         0  libspace.o ABSOLUTE
    ../clib/angel/sys.s                      0x00000000   Number         0  sys_stackheap.o ABSOLUTE
    ../clib/angel/sys.s                      0x00000000   Number         0  indicate_semi.o ABSOLUTE
    ../clib/angel/sys.s                      0x00000000   Number         0  mutex_dummy.o ABSOLUTE
    ../clib/angel/sysapp.c                   0x00000000   Number         0  sys_command.o ABSOLUTE
    ../clib/angel/sysapp.c                   0x00000000   Number         0  sys_wrch.o ABSOLUTE
    ../clib/angel/sysapp.c                   0x00000000   Number         0  sys_io.o ABSOLUTE
    ../clib/angel/sysapp.c                   0x00000000   Number         0  sys_exit.o ABSOLUTE
    ../clib/armsys.c                         0x00000000   Number         0  no_argv.o ABSOLUTE
    ../clib/armsys.c                         0x00000000   Number         0  _get_argv.o ABSOLUTE
    ../clib/armsys.c                         0x00000000   Number         0  _get_argv_nomalloc.o ABSOLUTE
    ../clib/armsys.c                         0x00000000   Number         0  argv_veneer.o ABSOLUTE
    ../clib/assert.c                         0x00000000   Number         0  assert_stdio.o ABSOLUTE
    ../clib/division.s                       0x00000000   Number         0  aeabi_sdiv_div0.o ABSOLUTE
    ../clib/division.s                       0x00000000   Number         0  aeabi_sdiv.o ABSOLUTE
    ../clib/heap1.c                          0x00000000   Number         0  h1_extend.o ABSOLUTE
    ../clib/heap1.c                          0x00000000   Number         0  h1_init_mt.o ABSOLUTE
    ../clib/heap1.c                          0x00000000   Number         0  h1_alloc.o ABSOLUTE
    ../clib/heap1.c                          0x00000000   Number         0  h1_alloc_mt.o ABSOLUTE
    ../clib/heap1.c                          0x00000000   Number         0  h1_final_mt.o ABSOLUTE
    ../clib/heap1.c                          0x00000000   Number         0  h1_final.o ABSOLUTE
    ../clib/heap1.c                          0x00000000   Number         0  h1_extend_mt.o ABSOLUTE
    ../clib/heap1.c                          0x00000000   Number         0  h1_init.o ABSOLUTE
    ../clib/heap1.c                          0x00000000   Number         0  h1_free.o ABSOLUTE
    ../clib/heap1.c                          0x00000000   Number         0  h1_free_mt.o ABSOLUTE
    ../clib/heap2.c                          0x00000000   Number         0  heap2mt.o ABSOLUTE
    ../clib/heap2.c                          0x00000000   Number         0  fdtree.o ABSOLUTE
    ../clib/heap2.c                          0x00000000   Number         0  heap2.o ABSOLUTE
    ../clib/heapalloc.c                      0x00000000   Number         0  heapstubs.o ABSOLUTE
    ../clib/heapalloc.c                      0x00000000   Number         0  term_alloc.o ABSOLUTE
    ../clib/heapalloc.c                      0x00000000   Number         0  maybetermalloc1.o ABSOLUTE
    ../clib/heapalloc.c                      0x00000000   Number         0  malloc.o ABSOLUTE
    ../clib/heapalloc.c                      0x00000000   Number         0  hrguard.o ABSOLUTE
    ../clib/heapalloc.c                      0x00000000   Number         0  free.o ABSOLUTE
    ../clib/heapalloc.c                      0x00000000   Number         0  maybetermalloc2.o ABSOLUTE
    ../clib/heapalloc.c                      0x00000000   Number         0  init_alloc.o ABSOLUTE
    ../clib/heapalloc.c                      0x00000000   Number         0  maybetermalloc2.o ABSOLUTE
    ../clib/heapalloc.c                      0x00000000   Number         0  hguard.o ABSOLUTE
    ../clib/heapalloc.c                      0x00000000   Number         0  maybetermalloc1.o ABSOLUTE
    ../clib/heapaux.c                        0x00000000   Number         0  heapauxa.o ABSOLUTE
    ../clib/heapaux.c                        0x00000000   Number         0  heapauxi.o ABSOLUTE
    ../clib/libinit.s                        0x00000000   Number         0  libshutdown.o ABSOLUTE
    ../clib/libinit.s                        0x00000000   Number         0  libshutdown2.o ABSOLUTE
    ../clib/libinit.s                        0x00000000   Number         0  libinit.o ABSOLUTE
    ../clib/libinit.s                        0x00000000   Number         0  libinit2.o ABSOLUTE
    ../clib/memcpset.c                       0x00000000   Number         0  rt_memcpy.o ABSOLUTE
    ../clib/memcpset.c                       0x00000000   Number         0  rt_memclr.o ABSOLUTE
    ../clib/memcpset.c                       0x00000000   Number         0  rt_memcpy.o ABSOLUTE
    ../clib/printf.c                         0x00000000   Number         0  noretval__2printf.o ABSOLUTE
    ../clib/printf.c                         0x00000000   Number         0  __2printf.o ABSOLUTE
    ../clib/printf.c                         0x00000000   Number         0  _printf_char_file.o ABSOLUTE
    ../clib/printf.c                         0x00000000   Number         0  __printf_nopercent.o ABSOLUTE
    ../clib/printf.c                         0x00000000   Number         0  _printf_char_file_locked.o ABSOLUTE
    ../clib/printf.c                         0x00000000   Number         0  _printf_char_common.o ABSOLUTE
    ../clib/signal.c                         0x00000000   Number         0  defsig_rtred_inner.o ABSOLUTE
    ../clib/signal.c                         0x00000000   Number         0  defsig_rtmem_inner.o ABSOLUTE
    ../clib/signal.c                         0x00000000   Number         0  defsig_abrt_inner.o ABSOLUTE
    ../clib/signal.c                         0x00000000   Number         0  defsig_fpe_outer.o ABSOLUTE
    ../clib/signal.c                         0x00000000   Number         0  defsig_fpe_formal.o ABSOLUTE
    ../clib/signal.c                         0x00000000   Number         0  defsig_stak_inner.o ABSOLUTE
    ../clib/signal.c                         0x00000000   Number         0  defsig_pvfn_inner.o ABSOLUTE
    ../clib/signal.c                         0x00000000   Number         0  defsig_cppl_inner.o ABSOLUTE
    ../clib/signal.c                         0x00000000   Number         0  defsig_fpe_inner.o ABSOLUTE
    ../clib/signal.c                         0x00000000   Number         0  defsig_segv_inner.o ABSOLUTE
    ../clib/signal.c                         0x00000000   Number         0  defsig_other.o ABSOLUTE
    ../clib/signal.c                         0x00000000   Number         0  defsig_rtmem_formal.o ABSOLUTE
    ../clib/signal.c                         0x00000000   Number         0  defsig_rtmem_outer.o ABSOLUTE
    ../clib/signal.c                         0x00000000   Number         0  defsig_general.o ABSOLUTE
    ../clib/signal.c                         0x00000000   Number         0  __raise.o ABSOLUTE
    ../clib/signal.c                         0x00000000   Number         0  defsig_rtred_formal.o ABSOLUTE
    ../clib/signal.c                         0x00000000   Number         0  defsig_rtred_outer.o ABSOLUTE
    ../clib/signal.c                         0x00000000   Number         0  defsig_exit.o ABSOLUTE
    ../clib/signal.s                         0x00000000   Number         0  defsig.o ABSOLUTE
    ../clib/stdio.c                          0x00000000   Number         0  fputs_locked.o ABSOLUTE
    ../clib/stdio.c                          0x00000000   Number         0  fflush_locked.o ABSOLUTE
    ../clib/stdio.c                          0x00000000   Number         0  stdio_streams.o ABSOLUTE
    ../clib/stdio.c                          0x00000000   Number         0  ferror.o ABSOLUTE
    ../clib/stdio.c                          0x00000000   Number         0  fputc.o ABSOLUTE
    ../clib/stdio.c                          0x00000000   Number         0  initio.o ABSOLUTE
    ../clib/stdio.c                          0x00000000   Number         0  fputc_locked.o ABSOLUTE
    ../clib/stdio.c                          0x00000000   Number         0  ferror_locked.o ABSOLUTE
    ../clib/stdio.c                          0x00000000   Number         0  initio_locked.o ABSOLUTE
    ../clib/stdio.c                          0x00000000   Number         0  flsbuf.o ABSOLUTE
    ../clib/stdio.c                          0x00000000   Number         0  streamlock.o ABSOLUTE
    ../clib/stdio.c                          0x00000000   Number         0  fopen.o ABSOLUTE
    ../clib/stdio.c                          0x00000000   Number         0  fclose.o ABSOLUTE
    ../clib/stdio.c                          0x00000000   Number         0  setvbuf_locked.o ABSOLUTE
    ../clib/stdio.c                          0x00000000   Number         0  fopen_locked.o ABSOLUTE
    ../clib/stdio.c                          0x00000000   Number         0  setvbuf.o ABSOLUTE
    ../clib/stdio.c                          0x00000000   Number         0  fseek.o ABSOLUTE
    ../clib/stdio.c                          0x00000000   Number         0  stdio.o ABSOLUTE
    ../clib/stdio.c                          0x00000000   Number         0  fwritefast.o ABSOLUTE
    ../clib/stdio.c                          0x00000000   Number         0  fwritefast_locked.o ABSOLUTE
    ../clib/stdio.c                          0x00000000   Number         0  fflush.o ABSOLUTE
    ../clib/stdio.c                          0x00000000   Number         0  fputs.o ABSOLUTE
    ../clib/stdio.c                          0x00000000   Number         0  ftell.o ABSOLUTE
    ../clib/stdlib.c                         0x00000000   Number         0  exit.o ABSOLUTE
    ../clib/string.c                         0x00000000   Number         0  strlen.o ABSOLUTE
    ../clib/wchar.c                          0x00000000   Number         0  flsbuf_fwide.o ABSOLUTE
    ../fplib/cfplib/fpinit.c                 0x00000000   Number         0  fpinit.o ABSOLUTE
    aes_core.s                               0x00000000   Number         0  aes_core.o ABSOLUTE
    dc.s                                     0x00000000   Number         0  dc.o ABSOLUTE
    misc.c                                   0x00000000   Number         0  misc.o ABSOLUTE
    startup.s                                0x00000000   Number         0  startup.o ABSOLUTE
    supervisor.c                             0x00000000   Number         0  supervisor.o ABSOLUTE
    supervisor.c                             0x00000000   Number         0  supervisor.o ABSOLUTE
    wolf_aes.c                               0x00000000   Number         0  wolf_aes.o ABSOLUTE
    !!!main                                  0x000000c0   Section        8  __main.o(!!!main)
    !!!scatter                               0x000000c8   Section       60  __scatter.o(!!!scatter)
    !!handler_copy                           0x00000104   Section       26  __scatter_copy.o(!!handler_copy)
    !!handler_zi                             0x00000120   Section       28  __scatter_zi.o(!!handler_zi)
    .ARM.Collect$$libinit$$00000000          0x0000013c   Section        2  libinit.o(.ARM.Collect$$libinit$$00000000)
    .ARM.Collect$$libinit$$00000002          0x0000013e   Section        0  libinit2.o(.ARM.Collect$$libinit$$00000002)
    .ARM.Collect$$libinit$$00000004          0x0000013e   Section        0  libinit2.o(.ARM.Collect$$libinit$$00000004)
    .ARM.Collect$$libinit$$00000005          0x0000013e   Section        8  libinit2.o(.ARM.Collect$$libinit$$00000005)
    .ARM.Collect$$libinit$$0000000A          0x00000146   Section        0  libinit2.o(.ARM.Collect$$libinit$$0000000A)
    .ARM.Collect$$libinit$$0000000C          0x00000146   Section        0  libinit2.o(.ARM.Collect$$libinit$$0000000C)
    .ARM.Collect$$libinit$$0000000E          0x00000146   Section        0  libinit2.o(.ARM.Collect$$libinit$$0000000E)
    .ARM.Collect$$libinit$$00000011          0x00000146   Section        0  libinit2.o(.ARM.Collect$$libinit$$00000011)
    .ARM.Collect$$libinit$$00000013          0x00000146   Section        0  libinit2.o(.ARM.Collect$$libinit$$00000013)
    .ARM.Collect$$libinit$$00000015          0x00000146   Section        0  libinit2.o(.ARM.Collect$$libinit$$00000015)
    .ARM.Collect$$libinit$$00000017          0x00000146   Section        0  libinit2.o(.ARM.Collect$$libinit$$00000017)
    .ARM.Collect$$libinit$$00000019          0x00000146   Section        0  libinit2.o(.ARM.Collect$$libinit$$00000019)
    .ARM.Collect$$libinit$$0000001B          0x00000146   Section        0  libinit2.o(.ARM.Collect$$libinit$$0000001B)
    .ARM.Collect$$libinit$$0000001D          0x00000146   Section        0  libinit2.o(.ARM.Collect$$libinit$$0000001D)
    .ARM.Collect$$libinit$$0000001F          0x00000146   Section        0  libinit2.o(.ARM.Collect$$libinit$$0000001F)
    .ARM.Collect$$libinit$$00000021          0x00000146   Section        0  libinit2.o(.ARM.Collect$$libinit$$00000021)
    .ARM.Collect$$libinit$$00000023          0x00000146   Section        0  libinit2.o(.ARM.Collect$$libinit$$00000023)
    .ARM.Collect$$libinit$$00000024          0x00000146   Section        4  libinit2.o(.ARM.Collect$$libinit$$00000024)
    .ARM.Collect$$libinit$$00000025          0x0000014a   Section        0  libinit2.o(.ARM.Collect$$libinit$$00000025)
    .ARM.Collect$$libinit$$0000002C          0x0000014a   Section        0  libinit2.o(.ARM.Collect$$libinit$$0000002C)
    .ARM.Collect$$libinit$$0000002E          0x0000014a   Section        0  libinit2.o(.ARM.Collect$$libinit$$0000002E)
    .ARM.Collect$$libinit$$00000030          0x0000014a   Section        0  libinit2.o(.ARM.Collect$$libinit$$00000030)
    .ARM.Collect$$libinit$$00000032          0x0000014a   Section        0  libinit2.o(.ARM.Collect$$libinit$$00000032)
    .ARM.Collect$$libinit$$00000033          0x0000014a   Section        2  libinit2.o(.ARM.Collect$$libinit$$00000033)
    .ARM.Collect$$libshutdown$$00000000      0x0000014c   Section        2  libshutdown.o(.ARM.Collect$$libshutdown$$00000000)
    .ARM.Collect$$libshutdown$$00000002      0x0000014e   Section        4  libshutdown2.o(.ARM.Collect$$libshutdown$$00000002)
    .ARM.Collect$$libshutdown$$00000003      0x00000152   Section        0  libshutdown2.o(.ARM.Collect$$libshutdown$$00000003)
    .ARM.Collect$$libshutdown$$00000006      0x00000152   Section        0  libshutdown2.o(.ARM.Collect$$libshutdown$$00000006)
    .ARM.Collect$$libshutdown$$00000009      0x00000152   Section        0  libshutdown2.o(.ARM.Collect$$libshutdown$$00000009)
    .ARM.Collect$$libshutdown$$0000000B      0x00000152   Section        0  libshutdown2.o(.ARM.Collect$$libshutdown$$0000000B)
    .ARM.Collect$$libshutdown$$0000000E      0x00000152   Section        0  libshutdown2.o(.ARM.Collect$$libshutdown$$0000000E)
    .ARM.Collect$$libshutdown$$0000000F      0x00000152   Section        2  libshutdown2.o(.ARM.Collect$$libshutdown$$0000000F)
    .ARM.Collect$$rtentry$$00000000          0x00000154   Section        0  __rtentry.o(.ARM.Collect$$rtentry$$00000000)
    .ARM.Collect$$rtentry$$00000002          0x00000154   Section        0  __rtentry2.o(.ARM.Collect$$rtentry$$00000002)
    .ARM.Collect$$rtentry$$00000004          0x00000154   Section        6  __rtentry4.o(.ARM.Collect$$rtentry$$00000004)
    .ARM.Collect$$rtentry$$00000009          0x0000015a   Section        0  __rtentry2.o(.ARM.Collect$$rtentry$$00000009)
    .ARM.Collect$$rtentry$$0000000A          0x0000015a   Section        4  __rtentry2.o(.ARM.Collect$$rtentry$$0000000A)
    .ARM.Collect$$rtentry$$0000000C          0x0000015e   Section        0  __rtentry2.o(.ARM.Collect$$rtentry$$0000000C)
    .ARM.Collect$$rtentry$$0000000D          0x0000015e   Section        8  __rtentry2.o(.ARM.Collect$$rtentry$$0000000D)
    .ARM.Collect$$rtexit$$00000000           0x00000166   Section        2  rtexit.o(.ARM.Collect$$rtexit$$00000000)
    .ARM.Collect$$rtexit$$00000002           0x00000168   Section        0  rtexit2.o(.ARM.Collect$$rtexit$$00000002)
    .ARM.Collect$$rtexit$$00000003           0x00000168   Section        4  rtexit2.o(.ARM.Collect$$rtexit$$00000003)
    .ARM.Collect$$rtexit$$00000004           0x0000016c   Section        6  rtexit2.o(.ARM.Collect$$rtexit$$00000004)
    .emb_text                                0x00000174   Section       56  rt_memcpy.o(.emb_text)
    .emb_text                                0x000001ac   Section        0  maybetermalloc1.o(.emb_text)
    .text                                    0x000001ac   Section      164  startup.o(.text)
    SVC_Handler_vectors                      0x000001f0   Data           0  startup.o(.text)
    switch_to_user_mode                      0x00000215   Thumb Code     0  startup.o(.text)
    .text                                    0x00000250   Section        0  noretval__2printf.o(.text)
    .text                                    0x0000026c   Section        0  rt_memcpy.o(.text)
    .text                                    0x000002f0   Section        0  _printf_char_file.o(.text)
    .text                                    0x00000318   Section        0  _printf_char_common.o(.text)
    _printf_input_char                       0x00000319   Thumb Code    10  _printf_char_common.o(.text)
    .text                                    0x00000348   Section        0  ferror.o(.text)
    .text                                    0x00000350   Section        0  initio.o(.text)
    .text                                    0x0000048c   Section        0  sys_io.o(.text)
    .text                                    0x000004f2   Section       62  sys_stackheap_outer.o(.text)
    .text                                    0x00000530   Section        0  h1_free.o(.text)
    .text                                    0x0000057c   Section        0  __printf_nopercent.o(.text)
    .text                                    0x000005a0   Section        0  flsbuf.o(.text)
    .text                                    0x00000790   Section        0  setvbuf.o(.text)
    .text                                    0x000007dc   Section        0  fopen.o(.text)
    _freopen_locked                          0x000007dd   Thumb Code     0  fopen.o(.text)
    .text                                    0x000008c4   Section        0  fclose.o(.text)
    .text                                    0x00000910   Section        0  exit.o(.text)
    .text                                    0x0000091c   Section        0  defsig_rtred_outer.o(.text)
    .text                                    0x00000928   Section        0  rt_memclr.o(.text)
    .text                                    0x00000968   Section        8  libspace.o(.text)
    .text                                    0x00000970   Section        2  use_no_semi.o(.text)
    .text                                    0x00000972   Section        0  indicate_semi.o(.text)
    .text                                    0x00000974   Section       52  sys_stackheap.o(.text)
    .text                                    0x000009a8   Section        8  rt_heap_descriptor_intlibspace.o(.text)
    .text                                    0x000009b0   Section        0  hguard.o(.text)
    .text                                    0x000009b4   Section        0  init_alloc.o(.text)
    .text                                    0x00000a3c   Section        0  h1_alloc.o(.text)
    .text                                    0x00000aa0   Section        0  fseek.o(.text)
    .text                                    0x00000b94   Section        0  stdio.o(.text)
    .text                                    0x00000c84   Section        0  defsig_exit.o(.text)
    .text                                    0x00000c90   Section        0  defsig_rtred_inner.o(.text)
    .text                                    0x00000cc4   Section        0  strlen.o(.text)
    .text                                    0x00000d08   Section        0  sys_exit.o(.text)
    .text                                    0x00000d14   Section        0  h1_init.o(.text)
    .text                                    0x00000d22   Section        0  h1_extend.o(.text)
    .text                                    0x00000d56   Section        0  ftell.o(.text)
    .text                                    0x00000d98   Section        0  defsig_general.o(.text)
    .text                                    0x00000dcc   Section        0  defsig_rtmem_outer.o(.text)
    .text                                    0x00000dd8   Section        0  heapauxa.o(.text)
    .text                                    0x00000e28   Section        0  sys_wrch.o(.text)
    .text                                    0x00000e34   Section        8  rt_errno_addr_intlibspace.o(.text)
    .text                                    0x00000e3c   Section        0  defsig_rtmem_inner.o(.text)
    i.AesCbcDecrypt                          0x00000e8c   Section        0  wolf_aes.o(i.AesCbcDecrypt)
    i.AesCbcEncrypt                          0x00000ee8   Section        0  wolf_aes.o(i.AesCbcEncrypt)
    i.AesDecrypt                             0x00000f2c   Section        0  wolf_aes.o(i.AesDecrypt)
    AesDecrypt                               0x00000f2d   Thumb Code   932  wolf_aes.o(i.AesDecrypt)
    i.AesEncrypt                             0x00001314   Section        0  wolf_aes.o(i.AesEncrypt)
    AesEncrypt                               0x00001315   Thumb Code   234  wolf_aes.o(i.AesEncrypt)
    i.AesSetIV                               0x00001430   Section        0  wolf_aes.o(i.AesSetIV)
    i.AesSetKey                              0x00001462   Section        0  wolf_aes.o(i.AesSetKey)
    i.AesSetKeyLocal                         0x00001494   Section        0  wolf_aes.o(i.AesSetKeyLocal)
    AesSetKeyLocal                           0x00001495   Thumb Code   968  wolf_aes.o(i.AesSetKeyLocal)
    i.ByteReverseWord32                      0x00001874   Section        0  wolf_aes.o(i.ByteReverseWord32)
    ByteReverseWord32                        0x00001875   Thumb Code    32  wolf_aes.o(i.ByteReverseWord32)
    i.ByteReverseWords                       0x00001898   Section        0  wolf_aes.o(i.ByteReverseWords)
    ByteReverseWords                         0x00001899   Thumb Code    38  wolf_aes.o(i.ByteReverseWords)
    i.ConfigMpu                              0x000018c0   Section        0  supervisor.o(i.ConfigMpu)
    i.MpuSetRegion                           0x000018e4   Section        0  supervisor.o(i.MpuSetRegion)
    i.SAPI_AesDecryptDirect                  0x00001908   Section        0  supervisor.o(i.SAPI_AesDecryptDirect)
    i.SAPI_AesDecryptDirectKey2              0x0000193c   Section        0  supervisor.o(i.SAPI_AesDecryptDirectKey2)
    i.SAPI_AesEncryptDirect                  0x00001970   Section        0  supervisor.o(i.SAPI_AesEncryptDirect)
    i.SystemInit                             0x000019a4   Section        0  supervisor.o(i.SystemInit)
    i.XorWords                               0x000019b4   Section        0  wolf_aes.o(i.XorWords)
    XorWords                                 0x000019b5   Thumb Code    30  wolf_aes.o(i.XorWords)
    i.aes_core                               0x000019d4   Section        0  wolf_aes.o(i.aes_core)
    i.fputc                                  0x00001cd8   Section        0  fputc.o(i.fputc)
    i.main                                   0x00001cf6   Section        0  supervisor.o(i.main)
    i.rotlFixed                              0x00001cfa   Section        0  wolf_aes.o(i.rotlFixed)
    rotlFixed                                0x00001cfb   Thumb Code    20  wolf_aes.o(i.rotlFixed)
    i.xorbuf                                 0x00001d0e   Section        0  wolf_aes.o(i.xorbuf)
    xorbuf                                   0x00001d0f   Thumb Code    60  wolf_aes.o(i.xorbuf)
    .constdata                               0x00001d4a   Section       48  supervisor.o(.constdata)
    .constdata                               0x00001d7c   Section    10280  wolf_aes.o(.constdata)
    rcon                                     0x00001d7c   Data          40  wolf_aes.o(.constdata)
    Td                                       0x000031a4   Data        5120  wolf_aes.o(.constdata)
    .constdata                               0x000045a4   Section        4  sys_io.o(.constdata)
    .constdata                               0x000045a8   Section        4  sys_io.o(.constdata)
    .constdata                               0x000045ac   Section        4  sys_io.o(.constdata)
    .data                                    0x20000000   Section        4  supervisor.o(.data)
    .data                                    0x20000004   Section        4  stdio_streams.o(.data)
    .data                                    0x20000008   Section        4  stdio_streams.o(.data)
    .data                                    0x2000000c   Section        4  stdio_streams.o(.data)
    .data                                    0x20000010   Section        4  heapauxa.o(.data)
    __rt_heap_escrow_base                    0x20000010   Data           4  heapauxa.o(.data)
    .bss                                     0x20000014   Section       84  stdio_streams.o(.bss)
    .bss                                     0x20000068   Section       84  stdio_streams.o(.bss)
    .bss                                     0x200000bc   Section       84  stdio_streams.o(.bss)
    .bss                                     0x20000110   Section       96  libspace.o(.bss)

    Global Symbols

    Symbol Name                              Value     Ov Type        Size  Object(Section)

    BuildAttributes$$THM_ISAv3M$S$PE$A:L22$X:L11$S22$IEEE1$IW$USESV6$~STKCKD$USESV7$~SHL$OTIME$ROPI$EBA8$UX$STANDARDLIB$REQ8$PRES8$EABIv2 0x00000000   Number         0  anon$$obj.o ABSOLUTE
    __ARM_use_no_argv                        0x00000000   Number         0  supervisor.o ABSOLUTE
    __Vectors                                0x00000000   Data           4  startup.o(RESET)
    __ARM_exceptions_init                     - Undefined Weak Reference
    __alloca_initialize                       - Undefined Weak Reference
    __arm_preinit_                            - Undefined Weak Reference
    __cpp_initialize__aeabi_                  - Undefined Weak Reference
    __cxa_finalize                            - Undefined Weak Reference
    __rt_locale                               - Undefined Weak Reference
    __sigvec_lookup                           - Undefined Weak Reference
    __user_heap_extent                        - Undefined Weak Reference
    _atexit_init                              - Undefined Weak Reference
    _call_atexit_fns                          - Undefined Weak Reference
    _clock_init                               - Undefined Weak Reference
    _fp_trap_init                             - Undefined Weak Reference
    _fp_trap_shutdown                         - Undefined Weak Reference
    _get_lc_collate                           - Undefined Weak Reference
    _get_lc_ctype                             - Undefined Weak Reference
    _get_lc_monetary                          - Undefined Weak Reference
    _get_lc_numeric                           - Undefined Weak Reference
    _get_lc_time                              - Undefined Weak Reference
    _getenv_init                              - Undefined Weak Reference
    _handle_redirection                       - Undefined Weak Reference
    _mutex_acquire                            - Undefined Weak Reference
    _mutex_free                               - Undefined Weak Reference
    _mutex_release                            - Undefined Weak Reference
    _rand_init                                - Undefined Weak Reference
    _signal_finish                            - Undefined Weak Reference
    _signal_init                              - Undefined Weak Reference
    __Vectors_End                            0x000000c0   Data           0  startup.o(RESET)
    __Vectors_Size                           0x000000c0   Number         0  startup.o ABSOLUTE
    __main                                   0x000000c1   Thumb Code     8  __main.o(!!!main)
    __scatterload                            0x000000c9   Thumb Code     0  __scatter.o(!!!scatter)
    __scatterload_rt2                        0x000000c9   Thumb Code    52  __scatter.o(!!!scatter)
    __scatterload_rt2_thumb_only             0x000000c9   Thumb Code     0  __scatter.o(!!!scatter)
    __scatterload_null                       0x000000d9   Thumb Code     0  __scatter.o(!!!scatter)
    __scatterload_copy                       0x00000105   Thumb Code    26  __scatter_copy.o(!!handler_copy)
    __scatterload_zeroinit                   0x00000121   Thumb Code    28  __scatter_zi.o(!!handler_zi)
    __rt_lib_init                            0x0000013d   Thumb Code     0  libinit.o(.ARM.Collect$$libinit$$00000000)
    __rt_lib_init_fp_1                       0x0000013f   Thumb Code     0  libinit2.o(.ARM.Collect$$libinit$$00000002)
    __rt_lib_init_heap_2                     0x0000013f   Thumb Code     0  libinit2.o(.ARM.Collect$$libinit$$00000005)
    __rt_lib_init_preinit_1                  0x0000013f   Thumb Code     0  libinit2.o(.ARM.Collect$$libinit$$00000004)
    __rt_lib_init_atexit_1                   0x00000147   Thumb Code     0  libinit2.o(.ARM.Collect$$libinit$$0000001B)
    __rt_lib_init_clock_1                    0x00000147   Thumb Code     0  libinit2.o(.ARM.Collect$$libinit$$00000021)
    __rt_lib_init_fp_trap_1                  0x00000147   Thumb Code     0  libinit2.o(.ARM.Collect$$libinit$$0000001F)
    __rt_lib_init_getenv_1                   0x00000147   Thumb Code     0  libinit2.o(.ARM.Collect$$libinit$$00000023)
    __rt_lib_init_heap_1                     0x00000147   Thumb Code     0  libinit2.o(.ARM.Collect$$libinit$$0000000A)
    __rt_lib_init_lc_collate_1               0x00000147   Thumb Code     0  libinit2.o(.ARM.Collect$$libinit$$00000011)
    __rt_lib_init_lc_ctype_1                 0x00000147   Thumb Code     0  libinit2.o(.ARM.Collect$$libinit$$00000013)
    __rt_lib_init_lc_monetary_1              0x00000147   Thumb Code     0  libinit2.o(.ARM.Collect$$libinit$$00000015)
    __rt_lib_init_lc_numeric_1               0x00000147   Thumb Code     0  libinit2.o(.ARM.Collect$$libinit$$00000017)
    __rt_lib_init_lc_time_1                  0x00000147   Thumb Code     0  libinit2.o(.ARM.Collect$$libinit$$00000019)
    __rt_lib_init_rand_1                     0x00000147   Thumb Code     0  libinit2.o(.ARM.Collect$$libinit$$0000000E)
    __rt_lib_init_signal_1                   0x00000147   Thumb Code     0  libinit2.o(.ARM.Collect$$libinit$$0000001D)
    __rt_lib_init_stdio_2                    0x00000147   Thumb Code     0  libinit2.o(.ARM.Collect$$libinit$$00000024)
    __rt_lib_init_user_alloc_1               0x00000147   Thumb Code     0  libinit2.o(.ARM.Collect$$libinit$$0000000C)
    __rt_lib_init_alloca_1                   0x0000014b   Thumb Code     0  libinit2.o(.ARM.Collect$$libinit$$0000002E)
    __rt_lib_init_argv_1                     0x0000014b   Thumb Code     0  libinit2.o(.ARM.Collect$$libinit$$0000002C)
    __rt_lib_init_cpp_1                      0x0000014b   Thumb Code     0  libinit2.o(.ARM.Collect$$libinit$$00000032)
    __rt_lib_init_exceptions_1               0x0000014b   Thumb Code     0  libinit2.o(.ARM.Collect$$libinit$$00000030)
    __rt_lib_init_return                     0x0000014b   Thumb Code     0  libinit2.o(.ARM.Collect$$libinit$$00000033)
    __rt_lib_init_stdio_1                    0x0000014b   Thumb Code     0  libinit2.o(.ARM.Collect$$libinit$$00000025)
    __rt_lib_shutdown                        0x0000014d   Thumb Code     0  libshutdown.o(.ARM.Collect$$libshutdown$$00000000)
    __rt_lib_shutdown_stdio_2                0x0000014f   Thumb Code     0  libshutdown2.o(.ARM.Collect$$libshutdown$$00000002)
    __rt_lib_shutdown_fp_trap_1              0x00000153   Thumb Code     0  libshutdown2.o(.ARM.Collect$$libshutdown$$00000006)
    __rt_lib_shutdown_heap_1                 0x00000153   Thumb Code     0  libshutdown2.o(.ARM.Collect$$libshutdown$$0000000E)
    __rt_lib_shutdown_return                 0x00000153   Thumb Code     0  libshutdown2.o(.ARM.Collect$$libshutdown$$0000000F)
    __rt_lib_shutdown_signal_1               0x00000153   Thumb Code     0  libshutdown2.o(.ARM.Collect$$libshutdown$$00000009)
    __rt_lib_shutdown_stdio_1                0x00000153   Thumb Code     0  libshutdown2.o(.ARM.Collect$$libshutdown$$00000003)
    __rt_lib_shutdown_user_alloc_1           0x00000153   Thumb Code     0  libshutdown2.o(.ARM.Collect$$libshutdown$$0000000B)
    __rt_entry                               0x00000155   Thumb Code     0  __rtentry.o(.ARM.Collect$$rtentry$$00000000)
    __rt_entry_presh_1                       0x00000155   Thumb Code     0  __rtentry2.o(.ARM.Collect$$rtentry$$00000002)
    __rt_entry_sh                            0x00000155   Thumb Code     0  __rtentry4.o(.ARM.Collect$$rtentry$$00000004)
    __rt_entry_li                            0x0000015b   Thumb Code     0  __rtentry2.o(.ARM.Collect$$rtentry$$0000000A)
    __rt_entry_postsh_1                      0x0000015b   Thumb Code     0  __rtentry2.o(.ARM.Collect$$rtentry$$00000009)
    __rt_entry_main                          0x0000015f   Thumb Code     0  __rtentry2.o(.ARM.Collect$$rtentry$$0000000D)
    __rt_entry_postli_1                      0x0000015f   Thumb Code     0  __rtentry2.o(.ARM.Collect$$rtentry$$0000000C)
    __rt_exit                                0x00000167   Thumb Code     0  rtexit.o(.ARM.Collect$$rtexit$$00000000)
    __rt_exit_ls                             0x00000169   Thumb Code     0  rtexit2.o(.ARM.Collect$$rtexit$$00000003)
    __rt_exit_prels_1                        0x00000169   Thumb Code     0  rtexit2.o(.ARM.Collect$$rtexit$$00000002)
    __rt_exit_exit                           0x0000016d   Thumb Code     0  rtexit2.o(.ARM.Collect$$rtexit$$00000004)
    __aeabi_memcpy4                          0x00000175   Thumb Code    56  rt_memcpy.o(.emb_text)
    __aeabi_memcpy8                          0x00000175   Thumb Code     0  rt_memcpy.o(.emb_text)
    Reset_Handler                            0x000001ad   Thumb Code    28  startup.o(.text)
    _maybe_terminate_alloc                   0x000001ad   Thumb Code     0  maybetermalloc1.o(.emb_text)
    NMI_Handler                              0x000001c9   Thumb Code     2  startup.o(.text)
    HardFault_Handler                        0x000001cb   Thumb Code     2  startup.o(.text)
    SVC_Handler                              0x000001cd   Thumb Code   104  startup.o(.text)
    PendSV_Handler                           0x00000235   Thumb Code     2  startup.o(.text)
    SysTick_Handler                          0x00000237   Thumb Code     2  startup.o(.text)
    AACI_IRQHandler                          0x00000239   Thumb Code     0  startup.o(.text)
    CAN_IRQHandler                           0x00000239   Thumb Code     0  startup.o(.text)
    CHLCD_IRQHandler                         0x00000239   Thumb Code     0  startup.o(.text)
    CLCD_IRQHandler                          0x00000239   Thumb Code     0  startup.o(.text)
    CPU_CLCD_IRQHandler                      0x00000239   Thumb Code     0  startup.o(.text)
    ENET_IRQHandler                          0x00000239   Thumb Code     0  startup.o(.text)
    FLEXRAY_IRQHandler                       0x00000239   Thumb Code     0  startup.o(.text)
    I2C_IRQHandler                           0x00000239   Thumb Code     0  startup.o(.text)
    LIN_IRQHandler                           0x00000239   Thumb Code     0  startup.o(.text)
    MCIA_IRQHandler                          0x00000239   Thumb Code     0  startup.o(.text)
    MCIB_IRQHandler                          0x00000239   Thumb Code     0  startup.o(.text)
    RTC_IRQHandler                           0x00000239   Thumb Code     0  startup.o(.text)
    SPI_IRQHandler                           0x00000239   Thumb Code     0  startup.o(.text)
    TIM0_IRQHandler                          0x00000239   Thumb Code     0  startup.o(.text)
    TIM2_IRQHandler                          0x00000239   Thumb Code     0  startup.o(.text)
    UART0_IRQHandler                         0x00000239   Thumb Code     0  startup.o(.text)
    UART1_IRQHandler                         0x00000239   Thumb Code     0  startup.o(.text)
    UART2_IRQHandler                         0x00000239   Thumb Code     0  startup.o(.text)
    UART3_IRQHandler                         0x00000239   Thumb Code     0  startup.o(.text)
    UART4_IRQHandler                         0x00000239   Thumb Code     0  startup.o(.text)
    USBDC_IRQHandler                         0x00000239   Thumb Code     0  startup.o(.text)
    USBHC_IRQHandler                         0x00000239   Thumb Code     0  startup.o(.text)
    WDT_IRQHandler                           0x00000239   Thumb Code     0  startup.o(.text)
    __2printf                                0x00000251   Thumb Code    22  noretval__2printf.o(.text)
    __aeabi_memcpy                           0x0000026d   Thumb Code   130  rt_memcpy.o(.text)
    __rt_memcpy                              0x0000026d   Thumb Code     0  rt_memcpy.o(.text)
    _printf_char_file                        0x000002f1   Thumb Code    34  _printf_char_file.o(.text)
    _printf_char_common                      0x00000323   Thumb Code    32  _printf_char_common.o(.text)
    ferror                                   0x00000349   Thumb Code     8  ferror.o(.text)
    _initio                                  0x00000351   Thumb Code   216  initio.o(.text)
    _terminateio                             0x00000429   Thumb Code    56  initio.o(.text)
    _sys_open                                0x0000048d   Thumb Code    20  sys_io.o(.text)
    _sys_close                               0x000004a1   Thumb Code    12  sys_io.o(.text)
    _sys_write                               0x000004ad   Thumb Code    16  sys_io.o(.text)
    _sys_read                                0x000004bd   Thumb Code    14  sys_io.o(.text)
    _sys_istty                               0x000004cb   Thumb Code    12  sys_io.o(.text)
    _sys_seek                                0x000004d7   Thumb Code    14  sys_io.o(.text)
    _sys_ensure                              0x000004e5   Thumb Code     2  sys_io.o(.text)
    _sys_flen                                0x000004e7   Thumb Code    12  sys_io.o(.text)
    __user_setup_stackheap                   0x000004f3   Thumb Code    62  sys_stackheap_outer.o(.text)
    free                                     0x00000531   Thumb Code    76  h1_free.o(.text)
    __printf                                 0x0000057d   Thumb Code    36  __printf_nopercent.o(.text)
    __flsbuf                                 0x000005a1   Thumb Code   486  flsbuf.o(.text)
    __flsbuf_byte                            0x000005a1   Thumb Code     0  flsbuf.o(.text)
    __flsbuf_wide                            0x000005a1   Thumb Code     0  flsbuf.o(.text)
    setvbuf                                  0x00000791   Thumb Code    72  setvbuf.o(.text)
    freopen                                  0x000007dd   Thumb Code   148  fopen.o(.text)
    fopen                                    0x00000871   Thumb Code    76  fopen.o(.text)
    _fclose_internal                         0x000008c5   Thumb Code    72  fclose.o(.text)
    fclose                                   0x000008c5   Thumb Code     0  fclose.o(.text)
    exit                                     0x00000911   Thumb Code    12  exit.o(.text)
    __rt_SIGRTRED                            0x0000091d   Thumb Code    12  defsig_rtred_outer.o(.text)
    _memset_w                                0x00000929   Thumb Code    26  rt_memclr.o(.text)
    _memset                                  0x00000943   Thumb Code    30  rt_memclr.o(.text)
    __aeabi_memclr                           0x00000961   Thumb Code     4  rt_memclr.o(.text)
    __rt_memclr                              0x00000961   Thumb Code     0  rt_memclr.o(.text)
    __aeabi_memclr4                          0x00000965   Thumb Code     0  rt_memclr.o(.text)
    __aeabi_memclr8                          0x00000965   Thumb Code     0  rt_memclr.o(.text)
    __rt_memclr_w                            0x00000965   Thumb Code     4  rt_memclr.o(.text)
    __user_libspace                          0x00000969   Thumb Code     8  libspace.o(.text)
    __user_perproc_libspace                  0x00000969   Thumb Code     0  libspace.o(.text)
    __user_perthread_libspace                0x00000969   Thumb Code     0  libspace.o(.text)
    __I$use$semihosting                      0x00000971   Thumb Code     0  use_no_semi.o(.text)
    __use_no_semihosting_swi                 0x00000971   Thumb Code     2  use_no_semi.o(.text)
    __semihosting_library_function           0x00000973   Thumb Code     0  indicate_semi.o(.text)
    __user_initial_stackheap                 0x00000975   Thumb Code    48  sys_stackheap.o(.text)
    _RW_Limit                                0x000009a0   Data           0  sys_stackheap.o(.text)
    __rt_heap_descriptor                     0x000009a9   Thumb Code     8  rt_heap_descriptor_intlibspace.o(.text)
    __use_no_heap                            0x000009b1   Thumb Code     2  hguard.o(.text)
    __heap$guard                             0x000009b3   Thumb Code     2  hguard.o(.text)
    _terminate_user_alloc                    0x000009b5   Thumb Code     2  init_alloc.o(.text)
    _init_user_alloc                         0x000009b7   Thumb Code     2  init_alloc.o(.text)
    __Heap_Full                              0x000009b9   Thumb Code    32  init_alloc.o(.text)
    __Heap_Broken                            0x000009d9   Thumb Code    10  init_alloc.o(.text)
    _init_alloc                              0x000009e3   Thumb Code    90  init_alloc.o(.text)
    malloc                                   0x00000a3d   Thumb Code    98  h1_alloc.o(.text)
    _fseek                                   0x00000aa1   Thumb Code   240  fseek.o(.text)
    fseek                                    0x00000aa1   Thumb Code     0  fseek.o(.text)
    _seterr                                  0x00000b95   Thumb Code    20  stdio.o(.text)
    _writebuf                                0x00000ba9   Thumb Code    76  stdio.o(.text)
    _fflush                                  0x00000bf5   Thumb Code    76  stdio.o(.text)
    _deferredlazyseek                        0x00000c41   Thumb Code    60  stdio.o(.text)
    __sig_exit                               0x00000c85   Thumb Code    12  defsig_exit.o(.text)
    __rt_SIGRTRED_inner                      0x00000c91   Thumb Code    14  defsig_rtred_inner.o(.text)
    strlen                                   0x00000cc5   Thumb Code    62  strlen.o(.text)
    _sys_exit                                0x00000d09   Thumb Code     8  sys_exit.o(.text)
    __Heap_Initialize                        0x00000d15   Thumb Code    10  h1_init.o(.text)
    __Heap_DescSize                          0x00000d1f   Thumb Code     4  h1_init.o(.text)
    __Heap_ProvideMemory                     0x00000d23   Thumb Code    52  h1_extend.o(.text)
    _ftell_internal                          0x00000d57   Thumb Code    66  ftell.o(.text)
    ftell                                    0x00000d57   Thumb Code     0  ftell.o(.text)
    __default_signal_display                 0x00000d99   Thumb Code    52  defsig_general.o(.text)
    __rt_SIGRTMEM                            0x00000dcd   Thumb Code    12  defsig_rtmem_outer.o(.text)
    __rt_heap_escrow                         0x00000dd9   Thumb Code    24  heapauxa.o(.text)
    __rt_heap_expand                         0x00000df1   Thumb Code    52  heapauxa.o(.text)
    _ttywrch                                 0x00000e29   Thumb Code    12  sys_wrch.o(.text)
    __aeabi_errno_addr                       0x00000e35   Thumb Code     8  rt_errno_addr_intlibspace.o(.text)
    __errno$intlibspace                      0x00000e35   Thumb Code     0  rt_errno_addr_intlibspace.o(.text)
    __rt_errno_addr$intlibspace              0x00000e35   Thumb Code     0  rt_errno_addr_intlibspace.o(.text)
    __rt_SIGRTMEM_inner                      0x00000e3d   Thumb Code    22  defsig_rtmem_inner.o(.text)
    AesCbcDecrypt                            0x00000e8d   Thumb Code    92  wolf_aes.o(i.AesCbcDecrypt)
    AesCbcEncrypt                            0x00000ee9   Thumb Code    68  wolf_aes.o(i.AesCbcEncrypt)
    AesSetIV                                 0x00001431   Thumb Code    50  wolf_aes.o(i.AesSetIV)
    AesSetKey                                0x00001463   Thumb Code    48  wolf_aes.o(i.AesSetKey)
    ConfigMpu                                0x000018c1   Thumb Code    30  supervisor.o(i.ConfigMpu)
    MpuSetRegion                             0x000018e5   Thumb Code    30  supervisor.o(i.MpuSetRegion)
    SAPI_AesDecryptDirect                    0x00001909   Thumb Code    42  supervisor.o(i.SAPI_AesDecryptDirect)
    SAPI_AesDecryptDirectKey2                0x0000193d   Thumb Code    42  supervisor.o(i.SAPI_AesDecryptDirectKey2)
    SAPI_AesEncryptDirect                    0x00001971   Thumb Code    42  supervisor.o(i.SAPI_AesEncryptDirect)
    SystemInit                               0x000019a5   Thumb Code     8  supervisor.o(i.SystemInit)
    aes_core                                 0x000019d5   Thumb Code   750  wolf_aes.o(i.aes_core)
    fputc                                    0x00001cd9   Thumb Code    30  fputc.o(i.fputc)
    main                                     0x00001cf7   Thumb Code     4  supervisor.o(i.main)
    aes_key                                  0x00001d4a   Data          16  supervisor.o(.constdata)
    aes_key2                                 0x00001d5a   Data          16  supervisor.o(.constdata)
    iv                                       0x00001d6a   Data          16  supervisor.o(.constdata)
    Te                                       0x00001da4   Data        5120  wolf_aes.o(.constdata)
    __stdin_name                             0x000045a4   Data           4  sys_io.o(.constdata)
    __stdout_name                            0x000045a8   Data           4  sys_io.o(.constdata)
    __stderr_name                            0x000045ac   Data           4  sys_io.o(.constdata)
    Region$$Table$$Base                      0x000045b0   Number         0  anon$$obj.o(Region$$Table)
    Region$$Table$$Limit                     0x000045d0   Number         0  anon$$obj.o(Region$$Table)
    SystemCoreClock                          0x20000000   Data           4  supervisor.o(.data)
    __aeabi_stdin                            0x20000004   Data           4  stdio_streams.o(.data)
    __aeabi_stdout                           0x20000008   Data           4  stdio_streams.o(.data)
    __aeabi_stderr                           0x2000000c   Data           4  stdio_streams.o(.data)
    __stdin                                  0x20000014   Data          84  stdio_streams.o(.bss)
    __stdout                                 0x20000068   Data          84  stdio_streams.o(.bss)
    __stderr                                 0x200000bc   Data          84  stdio_streams.o(.bss)
    __libspace_start                         0x20000110   Data          96  libspace.o(.bss)
    Image$$ZI$$Limit                         0x20000170   Number         0  anon$$obj.o ABSOLUTE
    __temporary_stack_top$libspace           0x20000170   Data           0  libspace.o(.bss)



==============================================================================

Memory Map of the image

  Image Entry point : 0x000001ad

  Load Region LR_1 (Base: 0x00000000, Size: 0x000045e4, Max: 0xffffffff, ABSOLUTE)

    Execution Region ER_RO (Base: 0x00000000, Size: 0x000045d0, Max: 0xffffffff, ABSOLUTE)

    Base Addr    Size         Type   Attr      Idx    E Section Name        Object

    0x00000000   0x000000c0   Data   RO            1    RESET               startup.o
    0x000000c0   0x00000008   Code   RO          252  * !!!main             c_p.l(__main.o)
    0x000000c8   0x0000003c   Code   RO          615    !!!scatter          c_p.l(__scatter.o)
    0x00000104   0x0000001a   Code   RO          617    !!handler_copy      c_p.l(__scatter_copy.o)
    0x0000011e   0x00000002   PAD
    0x00000120   0x0000001c   Code   RO          619    !!handler_zi        c_p.l(__scatter_zi.o)
    0x0000013c   0x00000002   Code   RO          388    .ARM.Collect$$libinit$$00000000  c_p.l(libinit.o)
    0x0000013e   0x00000000   Code   RO          390    .ARM.Collect$$libinit$$00000002  c_p.l(libinit2.o)
    0x0000013e   0x00000000   Code   RO          392    .ARM.Collect$$libinit$$00000004  c_p.l(libinit2.o)
    0x0000013e   0x00000008   Code   RO          393    .ARM.Collect$$libinit$$00000005  c_p.l(libinit2.o)
    0x00000146   0x00000000   Code   RO          395    .ARM.Collect$$libinit$$0000000A  c_p.l(libinit2.o)
    0x00000146   0x00000000   Code   RO          397    .ARM.Collect$$libinit$$0000000C  c_p.l(libinit2.o)
    0x00000146   0x00000000   Code   RO          399    .ARM.Collect$$libinit$$0000000E  c_p.l(libinit2.o)
    0x00000146   0x00000000   Code   RO          402    .ARM.Collect$$libinit$$00000011  c_p.l(libinit2.o)
    0x00000146   0x00000000   Code   RO          404    .ARM.Collect$$libinit$$00000013  c_p.l(libinit2.o)
    0x00000146   0x00000000   Code   RO          406    .ARM.Collect$$libinit$$00000015  c_p.l(libinit2.o)
    0x00000146   0x00000000   Code   RO          408    .ARM.Collect$$libinit$$00000017  c_p.l(libinit2.o)
    0x00000146   0x00000000   Code   RO          410    .ARM.Collect$$libinit$$00000019  c_p.l(libinit2.o)
    0x00000146   0x00000000   Code   RO          412    .ARM.Collect$$libinit$$0000001B  c_p.l(libinit2.o)
    0x00000146   0x00000000   Code   RO          414    .ARM.Collect$$libinit$$0000001D  c_p.l(libinit2.o)
    0x00000146   0x00000000   Code   RO          416    .ARM.Collect$$libinit$$0000001F  c_p.l(libinit2.o)
    0x00000146   0x00000000   Code   RO          418    .ARM.Collect$$libinit$$00000021  c_p.l(libinit2.o)
    0x00000146   0x00000000   Code   RO          420    .ARM.Collect$$libinit$$00000023  c_p.l(libinit2.o)
    0x00000146   0x00000004   Code   RO          421    .ARM.Collect$$libinit$$00000024  c_p.l(libinit2.o)
    0x0000014a   0x00000000   Code   RO          422    .ARM.Collect$$libinit$$00000025  c_p.l(libinit2.o)
    0x0000014a   0x00000000   Code   RO          426    .ARM.Collect$$libinit$$0000002C  c_p.l(libinit2.o)
    0x0000014a   0x00000000   Code   RO          428    .ARM.Collect$$libinit$$0000002E  c_p.l(libinit2.o)
    0x0000014a   0x00000000   Code   RO          430    .ARM.Collect$$libinit$$00000030  c_p.l(libinit2.o)
    0x0000014a   0x00000000   Code   RO          432    .ARM.Collect$$libinit$$00000032  c_p.l(libinit2.o)
    0x0000014a   0x00000002   Code   RO          433    .ARM.Collect$$libinit$$00000033  c_p.l(libinit2.o)
    0x0000014c   0x00000002   Code   RO          590    .ARM.Collect$$libshutdown$$00000000  c_p.l(libshutdown.o)
    0x0000014e   0x00000004   Code   RO          435    .ARM.Collect$$libshutdown$$00000002  c_p.l(libshutdown2.o)
    0x00000152   0x00000000   Code   RO          436    .ARM.Collect$$libshutdown$$00000003  c_p.l(libshutdown2.o)
    0x00000152   0x00000000   Code   RO          439    .ARM.Collect$$libshutdown$$00000006  c_p.l(libshutdown2.o)
    0x00000152   0x00000000   Code   RO          442    .ARM.Collect$$libshutdown$$00000009  c_p.l(libshutdown2.o)
    0x00000152   0x00000000   Code   RO          444    .ARM.Collect$$libshutdown$$0000000B  c_p.l(libshutdown2.o)
    0x00000152   0x00000000   Code   RO          447    .ARM.Collect$$libshutdown$$0000000E  c_p.l(libshutdown2.o)
    0x00000152   0x00000002   Code   RO          448    .ARM.Collect$$libshutdown$$0000000F  c_p.l(libshutdown2.o)
    0x00000154   0x00000000   Code   RO          254    .ARM.Collect$$rtentry$$00000000  c_p.l(__rtentry.o)
    0x00000154   0x00000000   Code   RO          264    .ARM.Collect$$rtentry$$00000002  c_p.l(__rtentry2.o)
    0x00000154   0x00000006   Code   RO          276    .ARM.Collect$$rtentry$$00000004  c_p.l(__rtentry4.o)
    0x0000015a   0x00000000   Code   RO          266    .ARM.Collect$$rtentry$$00000009  c_p.l(__rtentry2.o)
    0x0000015a   0x00000004   Code   RO          267    .ARM.Collect$$rtentry$$0000000A  c_p.l(__rtentry2.o)
    0x0000015e   0x00000000   Code   RO          269    .ARM.Collect$$rtentry$$0000000C  c_p.l(__rtentry2.o)
    0x0000015e   0x00000008   Code   RO          270    .ARM.Collect$$rtentry$$0000000D  c_p.l(__rtentry2.o)
    0x00000166   0x00000002   Code   RO          460    .ARM.Collect$$rtexit$$00000000  c_p.l(rtexit.o)
    0x00000168   0x00000000   Code   RO          520    .ARM.Collect$$rtexit$$00000002  c_p.l(rtexit2.o)
    0x00000168   0x00000004   Code   RO          521    .ARM.Collect$$rtexit$$00000003  c_p.l(rtexit2.o)
    0x0000016c   0x00000006   Code   RO          522    .ARM.Collect$$rtexit$$00000004  c_p.l(rtexit2.o)
    0x00000172   0x00000002   PAD
    0x00000174   0x00000038   Code   RO          248    .emb_text           c_p.l(rt_memcpy.o)
    0x000001ac   0x00000000   Code   RO          530    .emb_text           c_p.l(maybetermalloc1.o)
    0x000001ac   0x000000a4   Code   RO            2  * .text               startup.o
    0x00000250   0x0000001c   Code   RO          246    .text               c_p.l(noretval__2printf.o)
    0x0000026c   0x00000082   Code   RO          249    .text               c_p.l(rt_memcpy.o)
    0x000002ee   0x00000002   PAD
    0x000002f0   0x00000028   Code   RO          255    .text               c_p.l(_printf_char_file.o)
    0x00000318   0x00000030   Code   RO          278    .text               c_p.l(_printf_char_common.o)
    0x00000348   0x00000008   Code   RO          280    .text               c_p.l(ferror.o)
    0x00000350   0x0000013c   Code   RO          286    .text               c_p.l(initio.o)
    0x0000048c   0x00000066   Code   RO          294    .text               c_p.l(sys_io.o)
    0x000004f2   0x0000003e   Code   RO          301    .text               c_p.l(sys_stackheap_outer.o)
    0x00000530   0x0000004c   Code   RO          306    .text               c_p.l(h1_free.o)
    0x0000057c   0x00000024   Code   RO          360    .text               c_p.l(__printf_nopercent.o)
    0x000005a0   0x000001f0   Code   RO          362    .text               c_p.l(flsbuf.o)
    0x00000790   0x0000004c   Code   RO          364    .text               c_p.l(setvbuf.o)
    0x000007dc   0x000000e8   Code   RO          367    .text               c_p.l(fopen.o)
    0x000008c4   0x0000004c   Code   RO          369    .text               c_p.l(fclose.o)
    0x00000910   0x0000000c   Code   RO          375    .text               c_p.l(exit.o)
    0x0000091c   0x0000000c   Code   RO          377    .text               c_p.l(defsig_rtred_outer.o)
    0x00000928   0x00000040   Code   RO          381    .text               c_p.l(rt_memclr.o)
    0x00000968   0x00000008   Code   RO          451    .text               c_p.l(libspace.o)
    0x00000970   0x00000002   Code   RO          454    .text               c_p.l(use_no_semi.o)
    0x00000972   0x00000000   Code   RO          456    .text               c_p.l(indicate_semi.o)
    0x00000972   0x00000002   PAD
    0x00000974   0x00000034   Code   RO          457    .text               c_p.l(sys_stackheap.o)
    0x000009a8   0x00000008   Code   RO          467    .text               c_p.l(rt_heap_descriptor_intlibspace.o)
    0x000009b0   0x00000004   Code   RO          469    .text               c_p.l(hguard.o)
    0x000009b4   0x00000088   Code   RO          471    .text               c_p.l(init_alloc.o)
    0x00000a3c   0x00000062   Code   RO          477    .text               c_p.l(h1_alloc.o)
    0x00000a9e   0x00000002   PAD
    0x00000aa0   0x000000f4   Code   RO          493    .text               c_p.l(fseek.o)
    0x00000b94   0x000000f0   Code   RO          495    .text               c_p.l(stdio.o)
    0x00000c84   0x0000000c   Code   RO          501    .text               c_p.l(defsig_exit.o)
    0x00000c90   0x00000034   Code   RO          503    .text               c_p.l(defsig_rtred_inner.o)
    0x00000cc4   0x00000044   Code   RO          507    .text               c_p.l(strlen.o)
    0x00000d08   0x0000000c   Code   RO          517    .text               c_p.l(sys_exit.o)
    0x00000d14   0x0000000e   Code   RO          532    .text               c_p.l(h1_init.o)
    0x00000d22   0x00000034   Code   RO          534    .text               c_p.l(h1_extend.o)
    0x00000d56   0x00000042   Code   RO          544    .text               c_p.l(ftell.o)
    0x00000d98   0x00000034   Code   RO          552    .text               c_p.l(defsig_general.o)
    0x00000dcc   0x0000000c   Code   RO          554    .text               c_p.l(defsig_rtmem_outer.o)
    0x00000dd8   0x00000050   Code   RO          558    .text               c_p.l(heapauxa.o)
    0x00000e28   0x0000000c   Code   RO          569    .text               c_p.l(sys_wrch.o)
    0x00000e34   0x00000008   Code   RO          578    .text               c_p.l(rt_errno_addr_intlibspace.o)
    0x00000e3c   0x00000050   Code   RO          584    .text               c_p.l(defsig_rtmem_inner.o)
    0x00000e8c   0x0000005c   Code   RO          145    i.AesCbcDecrypt     wolf_aes.o
    0x00000ee8   0x00000044   Code   RO          147    i.AesCbcEncrypt     wolf_aes.o
    0x00000f2c   0x000003e8   Code   RO          148    i.AesDecrypt        wolf_aes.o
    0x00001314   0x0000011c   Code   RO          149    i.AesEncrypt        wolf_aes.o
    0x00001430   0x00000032   Code   RO          150    i.AesSetIV          wolf_aes.o
    0x00001462   0x00000030   Code   RO          151    i.AesSetKey         wolf_aes.o
    0x00001492   0x00000002   PAD
    0x00001494   0x000003e0   Code   RO          152    i.AesSetKeyLocal    wolf_aes.o
    0x00001874   0x00000024   Code   RO          153    i.ByteReverseWord32  wolf_aes.o
    0x00001898   0x00000026   Code   RO          154    i.ByteReverseWords  wolf_aes.o
    0x000018be   0x00000002   PAD
    0x000018c0   0x00000024   Code   RO           10    i.ConfigMpu         supervisor.o
    0x000018e4   0x00000024   Code   RO           11    i.MpuSetRegion      supervisor.o
    0x00001908   0x00000034   Code   RO           12    i.SAPI_AesDecryptDirect  supervisor.o
    0x0000193c   0x00000034   Code   RO           13    i.SAPI_AesDecryptDirectKey2  supervisor.o
    0x00001970   0x00000034   Code   RO           14    i.SAPI_AesEncryptDirect  supervisor.o
    0x000019a4   0x00000010   Code   RO           16    i.SystemInit        supervisor.o
    0x000019b4   0x0000001e   Code   RO          155    i.XorWords          wolf_aes.o
    0x000019d2   0x00000002   PAD
    0x000019d4   0x00000304   Code   RO          156    i.aes_core          wolf_aes.o
    0x00001cd8   0x0000001e   Code   RO          283    i.fputc             c_p.l(fputc.o)
    0x00001cf6   0x00000004   Code   RO           17    i.main              supervisor.o
    0x00001cfa   0x00000014   Code   RO          157    i.rotlFixed         wolf_aes.o
    0x00001d0e   0x0000003c   Code   RO          159    i.xorbuf            wolf_aes.o
    0x00001d4a   0x00000030   Data   RO           18    .constdata          supervisor.o
    0x00001d7a   0x00000002   PAD
    0x00001d7c   0x00002828   Data   RO          160    .constdata          wolf_aes.o
    0x000045a4   0x00000004   Data   RO          295    .constdata          c_p.l(sys_io.o)
    0x000045a8   0x00000004   Data   RO          296    .constdata          c_p.l(sys_io.o)
    0x000045ac   0x00000004   Data   RO          297    .constdata          c_p.l(sys_io.o)
    0x000045b0   0x00000020   Data   RO          613    Region$$Table       anon$$obj.o


    Execution Region ER_RW (Base: 0x20000000, Size: 0x00000014, Max: 0xffffffff, ABSOLUTE)

    Base Addr    Size         Type   Attr      Idx    E Section Name        Object

    0x20000000   0x00000004   Data   RW           19    .data               supervisor.o
    0x20000004   0x00000004   Data   RW          260    .data               c_p.l(stdio_streams.o)
    0x20000008   0x00000004   Data   RW          261    .data               c_p.l(stdio_streams.o)
    0x2000000c   0x00000004   Data   RW          262    .data               c_p.l(stdio_streams.o)
    0x20000010   0x00000004   Data   RW          559    .data               c_p.l(heapauxa.o)


    Execution Region ER_ZI (Base: 0x20000014, Size: 0x0000015c, Max: 0xffffffff, ABSOLUTE)

    Base Addr    Size         Type   Attr      Idx    E Section Name        Object

    0x20000014   0x00000054   Zero   RW          257    .bss                c_p.l(stdio_streams.o)
    0x20000068   0x00000054   Zero   RW          258    .bss                c_p.l(stdio_streams.o)
    0x200000bc   0x00000054   Zero   RW          259    .bss                c_p.l(stdio_streams.o)
    0x20000110   0x00000060   Zero   RW          452    .bss                c_p.l(libspace.o)


==============================================================================

Image component sizes


      Code (inc. data)   RO Data    RW Data    ZI Data      Debug   Object Name

       164         58        192          0          0        672   startup.o
       248         50         48          4          0      11841   supervisor.o
      3490        168      10280          0          0      10255   wolf_aes.o

    ----------------------------------------------------------------------
      3908        276      10554          4          0      22768   Object Totals
         0          0         32          0          0          0   (incl. Generated)
         6          0          2          0          0          0   (incl. Padding)

    ----------------------------------------------------------------------

      Code (inc. data)   RO Data    RW Data    ZI Data      Debug   Library Member Name

         8          0          0          0          0         68   __main.o
        36          0          0          0          0         76   __printf_nopercent.o
         0          0          0          0          0          0   __rtentry.o
        12          0          0          0          0          0   __rtentry2.o
         6          0          0          0          0          0   __rtentry4.o
        60          8          0          0          0          0   __scatter.o
        26          0          0          0          0          0   __scatter_copy.o
        28          0          0          0          0          0   __scatter_zi.o
        48          6          0          0          0         88   _printf_char_common.o
        40          6          0          0          0         72   _printf_char_file.o
        12          0          0          0          0         68   defsig_exit.o
        52          0          0          0          0         72   defsig_general.o
        80         58          0          0          0         68   defsig_rtmem_inner.o
        12          0          0          0          0         68   defsig_rtmem_outer.o
        52         38          0          0          0         68   defsig_rtred_inner.o
        12          0          0          0          0         68   defsig_rtred_outer.o
        12          0          0          0          0         64   exit.o
        76          4          0          0          0         76   fclose.o
         8          0          0          0          0         60   ferror.o
       496         10          0          0          0         76   flsbuf.o
       232          8          0          0          0        108   fopen.o
        30          0          0          0          0         68   fputc.o
       244          4          0          0          0         76   fseek.o
        66          0          0          0          0         68   ftell.o
        98          0          0          0          0         72   h1_alloc.o
        52          0          0          0          0         68   h1_extend.o
        76          0          0          0          0         72   h1_free.o
        14          0          0          0          0         76   h1_init.o
        80          4          0          4          0         88   heapauxa.o
         4          0          0          0          0        120   hguard.o
         0          0          0          0          0          0   indicate_semi.o
       136          0          0          0          0        160   init_alloc.o
       316         44          0          0          0         96   initio.o
         2          0          0          0          0          0   libinit.o
        14          0          0          0          0          0   libinit2.o
         2          0          0          0          0          0   libshutdown.o
         6          0          0          0          0          0   libshutdown2.o
         8          4          0          0         96         68   libspace.o
         0          0          0          0          0          0   maybetermalloc1.o
        28          6          0          0          0         84   noretval__2printf.o
         8          4          0          0          0         68   rt_errno_addr_intlibspace.o
         8          4          0          0          0         68   rt_heap_descriptor_intlibspace.o
        64          0          0          0          0        108   rt_memclr.o
       186          0          0          0          0        144   rt_memcpy.o
         2          0          0          0          0          0   rtexit.o
        10          0          0          0          0          0   rtexit2.o
        76          4          0          0          0         72   setvbuf.o
       240          8          0          0          0        144   stdio.o
         0          0          0         12        252          0   stdio_streams.o
        68          6          0          0          0         72   strlen.o
        12          4          0          0          0         60   sys_exit.o
       102          0         12          0          0        232   sys_io.o
        52         12          0          0          0         80   sys_stackheap.o
        62          0          0          0          0         80   sys_stackheap_outer.o
        12          0          0          0          0         68   sys_wrch.o
         2          0          0          0          0         68   use_no_semi.o

    ----------------------------------------------------------------------
      3398        242         12         16        348       3480   Library Totals
        10          0          0          0          0          0   (incl. Padding)

    ----------------------------------------------------------------------

      Code (inc. data)   RO Data    RW Data    ZI Data      Debug   Library Name

      3388        242         12         16        348       3480   c_p.l

    ----------------------------------------------------------------------
      3398        242         12         16        348       3480   Library Totals

    ----------------------------------------------------------------------

==============================================================================


      Code (inc. data)   RO Data    RW Data    ZI Data      Debug   

      7306        518      10566         20        348      23792   Grand Totals
      7306        518      10566         20        348      23792   ELF Image Totals
      7306        518      10566         20          0          0   ROM Totals

==============================================================================

    Total RO  Size (Code + RO Data)                17872 (  17.45kB)
    Total RW  Size (RW Data + ZI Data)               368 (   0.36kB)
    Total ROM Size (Code + RO Data + RW Data)      17892 (  17.47kB)

==============================================================================

