Component: ARM Compiler 5.05 update 2 (build 169) Tool: armlink [4d0f33]

==============================================================================

Section Cross References

    main.o(i.fputc) refers to main.o(.data) for fputc_index
    main.o(i.fputc) refers to main.o(.bss) for fputc_output_buf
    main.o(i.main) refers to rt_memclr.o(.text) for __aeabi_memclr
    main.o(i.main) refers to noretval__2printf.o(.text) for __2printf
    main.o(i.main) refers to main.o(i.testAes) for testAes
    main.o(i.main) refers to main.o(i.pointer_attack) for pointer_attack
    main.o(i.main) refers to main.o(i.silly_tests) for silly_tests
    main.o(i.main) refers to main.o(.bss) for fputc_output_buf
    main.o(i.pointer_attack) refers to _printf_pad.o(.text) for _printf_pre_padding
    main.o(i.pointer_attack) refers to _printf_percent.o(.ARM.Collect$$_printf_percent$$00000000) for _printf_percent
    main.o(i.pointer_attack) refers to _printf_x.o(.ARM.Collect$$_printf_percent$$0000000C) for _printf_x
    main.o(i.pointer_attack) refers to _printf_hex_int.o(.text) for _printf_longlong_hex
    main.o(i.pointer_attack) refers to memcmp.o(.text) for memcmp
    main.o(i.pointer_attack) refers to noretval__2printf.o(.text) for __2printf
    main.o(i.pointer_attack) refers to main.o(.conststring) for .conststring
    main.o(i.silly_tests) refers to main.o(i.testReadAccess) for testReadAccess
    main.o(i.silly_tests) refers to main.o(i.testAccessLowBoundary) for testAccessLowBoundary
    main.o(i.testAccessLowBoundary) refers to main.o(i.testReadAccess) for testReadAccess
    main.o(i.testReadAccess) refers to main.o(.data) for temp
    startup_armcm0plus.o(STACK) refers (Special) to heapauxi.o(.text) for __use_two_region_memory
    startup_armcm0plus.o(HEAP) refers (Special) to heapauxi.o(.text) for __use_two_region_memory
    startup_armcm0plus.o(RESET) refers (Special) to heapauxi.o(.text) for __use_two_region_memory
    startup_armcm0plus.o(RESET) refers to startup_armcm0plus.o(STACK) for __initial_sp
    startup_armcm0plus.o(RESET) refers to startup_armcm0plus.o(.text) for Reset_Handler
    startup_armcm0plus.o(.text) refers (Special) to heapauxi.o(.text) for __use_two_region_memory
    startup_armcm0plus.o(.text) refers to system_armcm0plus.o(i.SystemInit) for SystemInit
    startup_armcm0plus.o(.text) refers to __main.o(!!!main) for __main
    startup_armcm0plus.o(.text) refers to startup_armcm0plus.o(HEAP) for Heap_Mem
    startup_armcm0plus.o(.text) refers to startup_armcm0plus.o(STACK) for Stack_Mem
    system_armcm0plus.o(i.SystemCoreClockUpdate) refers to system_armcm0plus.o(.data) for SystemCoreClock
    system_armcm0plus.o(i.SystemInit) refers to system_armcm0plus.o(.data) for SystemCoreClock
    __2printf.o(.text) refers to _printf_char_file.o(.text) for _printf_char_file
    __2printf.o(.text) refers to stdio_streams.o(.bss) for __stdout
    noretval__2printf.o(.text) refers to _printf_char_file.o(.text) for _printf_char_file
    noretval__2printf.o(.text) refers to stdio_streams.o(.bss) for __stdout
    __printf.o(.text) refers to _printf_percent.o(.ARM.Collect$$_printf_percent$$00000000) for _printf_percent
    _printf_hex_ll.o(.text) refers to _printf_intcommon.o(.text) for _printf_int_common
    _printf_hex_ll.o(.text) refers to _printf_hex_ll.o(.constdata) for .constdata
    _printf_hex_int.o(.text) refers to _printf_intcommon.o(.text) for _printf_int_common
    _printf_hex_int.o(.text) refers to _printf_hex_int.o(.constdata) for .constdata
    _printf_hex_int_ll.o(.text) refers to _printf_intcommon.o(.text) for _printf_int_common
    _printf_hex_int_ll.o(.text) refers to _printf_hex_int_ll.o(.constdata) for .constdata
    _printf_hex_ptr.o(.text) refers to _printf_intcommon.o(.text) for _printf_int_common
    _printf_hex_ptr.o(.text) refers to _printf_hex_ptr.o(.constdata) for .constdata
    _printf_hex_int_ptr.o(.text) refers to _printf_intcommon.o(.text) for _printf_int_common
    _printf_hex_int_ptr.o(.text) refers to _printf_hex_int_ptr.o(.constdata) for .constdata
    _printf_hex_ll_ptr.o(.text) refers to _printf_intcommon.o(.text) for _printf_int_common
    _printf_hex_ll_ptr.o(.text) refers to _printf_hex_ll_ptr.o(.constdata) for .constdata
    _printf_hex_int_ll_ptr.o(.text) refers to _printf_intcommon.o(.text) for _printf_int_common
    _printf_hex_int_ll_ptr.o(.text) refers to _printf_hex_int_ll_ptr.o(.constdata) for .constdata
    __printf_flags.o(.text) refers to _printf_percent.o(.ARM.Collect$$_printf_percent$$00000000) for _printf_percent
    __printf_flags.o(.text) refers to __printf_flags.o(.constdata) for .constdata
    __printf_ss.o(.text) refers to _printf_percent.o(.ARM.Collect$$_printf_percent$$00000000) for _printf_percent
    __printf_flags_ss.o(.text) refers to _printf_percent.o(.ARM.Collect$$_printf_percent$$00000000) for _printf_percent
    __printf_flags_ss.o(.text) refers to __printf_flags_ss.o(.constdata) for .constdata
[...]
    _printf_char_common.o(.text) refers to __printf_flags_wp.o(.text) for __printf
    initio.o(.text) refers (Special) to libinit2.o(.ARM.Collect$$libinit$$00000024) for __rt_lib_init_stdio_2
    initio.o(.text) refers (Special) to libshutdown2.o(.ARM.Collect$$libshutdown$$00000002) for __rt_lib_shutdown_stdio_2
    initio.o(.text) refers to rt_memclr.o(.text) for __aeabi_memclr4
    initio.o(.text) refers to fopen.o(.text) for freopen
    initio.o(.text) refers to defsig_rtred_outer.o(.text) for __rt_SIGRTRED
    initio.o(.text) refers to setvbuf.o(.text) for setvbuf
    initio.o(.text) refers to fclose.o(.text) for _fclose_internal
    initio.o(.text) refers to h1_free.o(.text) for free
    initio.o(.text) refers to stdio_streams.o(.bss) for __stdin
    initio.o(.text) refers to stdio_streams.o(.bss) for __stdout
    initio.o(.text) refers to stdio_streams.o(.bss) for __stderr
    initio.o(.text) refers to stdio_streams.o(.data) for __aeabi_stdin
    initio.o(.text) refers to stdio_streams.o(.data) for __aeabi_stdout
    initio.o(.text) refers to stdio_streams.o(.data) for __aeabi_stderr
    initio.o(.text) refers to sys_io.o(.constdata) for __stdin_name
    initio.o(.text) refers to sys_io.o(.constdata) for __stdout_name
    initio.o(.text) refers to sys_io.o(.constdata) for __stderr_name
    initio_locked.o(.text) refers (Special) to libinit2.o(.ARM.Collect$$libinit$$00000024) for __rt_lib_init_stdio_2
    initio_locked.o(.text) refers (Special) to libshutdown2.o(.ARM.Collect$$libshutdown$$00000002) for __rt_lib_shutdown_stdio_2
    initio_locked.o(.text) refers to rt_memclr.o(.text) for __aeabi_memclr4
    initio_locked.o(.text) refers to fopen.o(.text) for freopen
    initio_locked.o(.text) refers to defsig_rtred_outer.o(.text) for __rt_SIGRTRED
    initio_locked.o(.text) refers to setvbuf.o(.text) for setvbuf
    initio_locked.o(.text) refers to fclose.o(.text) for _fclose_internal
    initio_locked.o(.text) refers to h1_free.o(.text) for free
    initio_locked.o(.text) refers to stdio_streams.o(.bss) for __stdin
    initio_locked.o(.text) refers to stdio_streams.o(.bss) for __stdout
    initio_locked.o(.text) refers to stdio_streams.o(.bss) for __stderr
    initio_locked.o(.text) refers to stdio_streams.o(.data) for __aeabi_stdin
    initio_locked.o(.text) refers to stdio_streams.o(.data) for __aeabi_stdout
    initio_locked.o(.text) refers to stdio_streams.o(.data) for __aeabi_stderr
    initio_locked.o(.text) refers to streamlock.o(.data) for _stream_list_lock
    initio_locked.o(.text) refers to sys_io.o(.constdata) for __stdin_name
    initio_locked.o(.text) refers to sys_io.o(.constdata) for __stdout_name
    initio_locked.o(.text) refers to sys_io.o(.constdata) for __stderr_name
    sys_io.o(.text) refers (Special) to use_no_semi.o(.text) for __I$use$semihosting
    sys_io.o(.text) refers (Special) to indicate_semi.o(.text) for __semihosting_library_function
    sys_io.o(.text) refers to strlen.o(.text) for strlen
    sys_io.o(.constdata) refers (Special) to use_no_semi.o(.text) for __I$use$semihosting
    sys_io.o(.constdata) refers (Special) to indicate_semi.o(.text) for __semihosting_library_function
    sys_io.o(.constdata) refers (Special) to use_no_semi.o(.text) for __I$use$semihosting
    sys_io.o(.constdata) refers (Special) to indicate_semi.o(.text) for __semihosting_library_function
    sys_io.o(.constdata) refers (Special) to use_no_semi.o(.text) for __I$use$semihosting
    sys_io.o(.constdata) refers (Special) to indicate_semi.o(.text) for __semihosting_library_function
    sys_stackheap_outer.o(.text) refers to libspace.o(.text) for __user_perproc_libspace
    sys_stackheap_outer.o(.text) refers to startup_armcm0plus.o(.text) for __user_initial_stackheap
    sys_stackheap_outer.o(__vectab_stack_and_reset_area) refers to tempstk.o(.text) for __temporary_stack_top
    sys_stackheap_outer.o(__vectab_stack_and_reset_area) refers to __main.o(!!!main) for __main
    free.o(.text) refers (Special) to hguard.o(.text) for __heap$guard
    free.o(.text) refers to rt_heap_descriptor_intlibspace.o(.text) for __rt_heap_descriptor
    h1_free.o(.text) refers to rt_heap_descriptor_intlibspace.o(.text) for __rt_heap_descriptor
    h1_free_mt.o(.text) refers to rt_heap_descriptor_intlibspace.o(.text) for __rt_heap_descriptor
    heap2.o(i._FDIterate) refers to heap2.o(.conststring) for .conststring
    heap2.o(i.___Heap_ProvideMemory$realtime) refers to fdtree.o(i._FDTree_Delete) for _FDTree_Delete
    heap2.o(i.___Heap_ProvideMemory$realtime) refers to fdtree.o(i._FDTree_Insert) for _FDTree_Insert
    heap2.o(i.___Heap_Stats$realtime) refers to heap2.o(i._Heap2_StatsIterate) for _Heap2_StatsIterate
    heap2.o(i.___Heap_Stats$realtime) refers to aeabi_sdiv.o(.text) for __aeabi_uidivmod
    heap2.o(i.___Heap_Valid$realtime) refers to heap2.o(i._FDIterate) for _FDIterate
    heap2.o(i.___Heap_Valid$realtime) refers to heap2.o(.conststring) for .conststring
    heap2.o(i._free$realtime) refers to rt_heap_descriptor_intlibspace.o(.text) for __rt_heap_descriptor
    heap2.o(i._free$realtime) refers to fdtree.o(i._FDTree_Delete) for _FDTree_Delete
    heap2.o(i._free$realtime) refers to fdtree.o(i._FDTree_Insert) for _FDTree_Insert
    heap2.o(i._malloc$realtime) refers to rt_heap_descriptor_intlibspace.o(.text) for __rt_heap_descriptor
    heap2.o(i._malloc$realtime) refers to fdtree.o(i._FDTree_FindFirst) for _FDTree_FindFirst
    heap2.o(i._malloc$realtime) refers to init_alloc.o(.text) for __Heap_Full
    heap2.o(i._malloc$realtime) refers to fdtree.o(i._FDTree_RemoveNode) for _FDTree_RemoveNode
    heap2.o(i._malloc$realtime) refers to fdtree.o(i._FDTree_Insert) for _FDTree_Insert
    heap2.o(i._posix_memalign$realtime) refers to rt_heap_descriptor_intlibspace.o(.text) for __rt_heap_descriptor
    heap2.o(i._posix_memalign$realtime) refers to fdtree.o(i._FDTree_FindFirst) for _FDTree_FindFirst
    heap2.o(i._posix_memalign$realtime) refers to init_alloc.o(.text) for __Heap_Full
    heap2.o(i._posix_memalign$realtime) refers to fdtree.o(i._FDTree_RemoveNode) for _FDTree_RemoveNode
    heap2.o(i._posix_memalign$realtime) refers to fdtree.o(i._FDTree_Insert) for _FDTree_Insert
    heap2.o(i._realloc$realtime) refers to rt_heap_descriptor_intlibspace.o(.text) for __rt_heap_descriptor
    heap2.o(i._realloc$realtime) refers to h1_free.o(.text) for free
    heap2.o(i._realloc$realtime) refers to h1_alloc.o(.text) for malloc
    heap2.o(i._realloc$realtime) refers to fdtree.o(i._FDTree_Delete) for _FDTree_Delete
    heap2.o(i._realloc$realtime) refers to fdtree.o(i._FDTree_Insert) for _FDTree_Insert
    heap2.o(i._realloc$realtime) refers to rt_memcpy.o(.emb_text) for __aeabi_memcpy4
    heap2mt.o(i._FDIterate) refers to heap2mt.o(.conststring) for .conststring
    heap2mt.o(i.___Heap_ProvideMemory$realtime$concurrent) refers to fdtree.o(i._FDTree_Delete) for _FDTree_Delete
    heap2mt.o(i.___Heap_ProvideMemory$realtime$concurrent) refers to fdtree.o(i._FDTree_Insert) for _FDTree_Insert
    heap2mt.o(i.___Heap_Stats$realtime$concurrent) refers to heap2mt.o(i._Heap2_StatsIterate) for _Heap2_StatsIterate
    heap2mt.o(i.___Heap_Stats$realtime$concurrent) refers to aeabi_sdiv.o(.text) for __aeabi_uidivmod
    heap2mt.o(i.___Heap_Valid$realtime$concurrent) refers to heap2mt.o(i._FDIterate) for _FDIterate
    heap2mt.o(i.___Heap_Valid$realtime$concurrent) refers to heap2mt.o(.conststring) for .conststring
    heap2mt.o(i._free$realtime$concurrent) refers to rt_heap_descriptor_intlibspace.o(.text) for __rt_heap_descriptor
    heap2mt.o(i._free$realtime$concurrent) refers to fdtree.o(i._FDTree_Delete) for _FDTree_Delete
    heap2mt.o(i._free$realtime$concurrent) refers to fdtree.o(i._FDTree_Insert) for _FDTree_Insert
    heap2mt.o(i._malloc$realtime$concurrent) refers to rt_heap_descriptor_intlibspace.o(.text) for __rt_heap_descriptor
    heap2mt.o(i._malloc$realtime$concurrent) refers to fdtree.o(i._FDTree_FindFirst) for _FDTree_FindFirst
    heap2mt.o(i._malloc$realtime$concurrent) refers to init_alloc.o(.text) for __Heap_Full
    heap2mt.o(i._malloc$realtime$concurrent) refers to fdtree.o(i._FDTree_RemoveNode) for _FDTree_RemoveNode
    heap2mt.o(i._malloc$realtime$concurrent) refers to fdtree.o(i._FDTree_Insert) for _FDTree_Insert
    heap2mt.o(i._posix_memalign$realtime$concurrent) refers to rt_heap_descriptor_intlibspace.o(.text) for __rt_heap_descriptor
    heap2mt.o(i._posix_memalign$realtime$concurrent) refers to fdtree.o(i._FDTree_FindFirst) for _FDTree_FindFirst
    heap2mt.o(i._posix_memalign$realtime$concurrent) refers to init_alloc.o(.text) for __Heap_Full
    heap2mt.o(i._posix_memalign$realtime$concurrent) refers to fdtree.o(i._FDTree_RemoveNode) for _FDTree_RemoveNode
    heap2mt.o(i._posix_memalign$realtime$concurrent) refers to fdtree.o(i._FDTree_Insert) for _FDTree_Insert
    heap2mt.o(i._realloc$realtime$concurrent) refers to rt_heap_descriptor_intlibspace.o(.text) for __rt_heap_descriptor
    heap2mt.o(i._realloc$realtime$concurrent) refers to h1_free.o(.text) for free
    heap2mt.o(i._realloc$realtime$concurrent) refers to h1_alloc.o(.text) for malloc
    heap2mt.o(i._realloc$realtime$concurrent) refers to fdtree.o(i._FDTree_Delete) for _FDTree_Delete
    heap2mt.o(i._realloc$realtime$concurrent) refers to fdtree.o(i._FDTree_Insert) for _FDTree_Insert
    heap2mt.o(i._realloc$realtime$concurrent) refers to rt_memcpy.o(.emb_text) for __aeabi_memcpy4
    streamlock.o(.data) refers (Special) to initio.o(.text) for _initio
    fopen.o(.text) refers to fclose.o(.text) for _fclose_internal
    fopen.o(.text) refers to sys_io.o(.text) for _sys_open
    fopen.o(.text) refers to fseek.o(.text) for _fseek
    fopen.o(.text) refers to h1_alloc.o(.text) for malloc
    fopen.o(.text) refers to rt_memclr.o(.text) for __aeabi_memclr4
    fopen.o(.text) refers to stdio_streams.o(.bss) for __stdin
    fclose.o(.text) refers to stdio.o(.text) for _fflush
    fclose.o(.text) refers to sys_io.o(.text) for _sys_close
    fclose.o(.text) refers to h1_free.o(.text) for free
    fclose.o(.text) refers to rt_memclr.o(.text) for __aeabi_memclr4
    fopen_locked.o(.text) refers to fclose.o(.text) for _fclose_internal
    fopen_locked.o(.text) refers to sys_io.o(.text) for _sys_open
    fopen_locked.o(.text) refers to fseek.o(.text) for _fseek
    fopen_locked.o(.text) refers to h1_alloc.o(.text) for malloc
    fopen_locked.o(.text) refers to rt_memclr.o(.text) for __aeabi_memclr4
    fopen_locked.o(.text) refers to streamlock.o(.data) for _stream_list_lock
    fopen_locked.o(.text) refers to stdio_streams.o(.bss) for __stdin
    exit.o(.text) refers to rtexit.o(.ARM.Collect$$rtexit$$00000000) for __rt_exit
    defsig_rtred_outer.o(.text) refers to defsig_rtred_inner.o(.text) for __rt_SIGRTRED_inner
    defsig_rtred_outer.o(.text) refers to defsig_exit.o(.text) for __sig_exit
    defsig_rtred_formal.o(.text) refers to rt_raise.o(.text) for __rt_raise
    libinit.o(.ARM.Collect$$libinit$$00000000) refers (Special) to libinit2.o(.ARM.Collect$$libinit$$0000002E) for __rt_lib_init_alloca_1
    libinit.o(.ARM.Collect$$libinit$$00000000) refers (Special) to libinit2.o(.ARM.Collect$$libinit$$0000002C) for __rt_lib_init_argv_1
    libinit.o(.ARM.Collect$$libinit$$00000000) refers (Special) to libinit2.o(.ARM.Collect$$libinit$$0000001B) for __rt_lib_init_atexit_1
    libinit.o(.ARM.Collect$$libinit$$00000000) refers (Special) to libinit2.o(.ARM.Collect$$libinit$$00000021) for __rt_lib_init_clock_1
    libinit.o(.ARM.Collect$$libinit$$00000000) refers (Special) to libinit2.o(.ARM.Collect$$libinit$$00000032) for __rt_lib_init_cpp_1
    libinit.o(.ARM.Collect$$libinit$$00000000) refers (Special) to libinit2.o(.ARM.Collect$$libinit$$00000030) for __rt_lib_init_exceptions_1
    libinit.o(.ARM.Collect$$libinit$$00000000) refers (Special) to libinit2.o(.ARM.Collect$$libinit$$00000002) for __rt_lib_init_fp_1
    libinit.o(.ARM.Collect$$libinit$$00000000) refers (Special) to libinit2.o(.ARM.Collect$$libinit$$0000001F) for __rt_lib_init_fp_trap_1
    libinit.o(.ARM.Collect$$libinit$$00000000) refers (Special) to libinit2.o(.ARM.Collect$$libinit$$00000023) for __rt_lib_init_getenv_1
    libinit.o(.ARM.Collect$$libinit$$00000000) refers (Special) to libinit2.o(.ARM.Collect$$libinit$$0000000A) for __rt_lib_init_heap_1
    libinit.o(.ARM.Collect$$libinit$$00000000) refers (Special) to libinit2.o(.ARM.Collect$$libinit$$00000011) for __rt_lib_init_lc_collate_1
    libinit.o(.ARM.Collect$$libinit$$00000000) refers (Special) to libinit2.o(.ARM.Collect$$libinit$$00000013) for __rt_lib_init_lc_ctype_1
    libinit.o(.ARM.Collect$$libinit$$00000000) refers (Special) to libinit2.o(.ARM.Collect$$libinit$$00000015) for __rt_lib_init_lc_monetary_1
    libinit.o(.ARM.Collect$$libinit$$00000000) refers (Special) to libinit2.o(.ARM.Collect$$libinit$$00000017) for __rt_lib_init_lc_numeric_1
    libinit.o(.ARM.Collect$$libinit$$00000000) refers (Special) to libinit2.o(.ARM.Collect$$libinit$$00000019) for __rt_lib_init_lc_time_1
    libinit.o(.ARM.Collect$$libinit$$00000000) refers (Special) to libinit2.o(.ARM.Collect$$libinit$$00000004) for __rt_lib_init_preinit_1
    libinit.o(.ARM.Collect$$libinit$$00000000) refers (Special) to libinit2.o(.ARM.Collect$$libinit$$0000000E) for __rt_lib_init_rand_1
    libinit.o(.ARM.Collect$$libinit$$00000000) refers (Special) to libinit2.o(.ARM.Collect$$libinit$$00000033) for __rt_lib_init_return
    libinit.o(.ARM.Collect$$libinit$$00000000) refers (Special) to libinit2.o(.ARM.Collect$$libinit$$0000001D) for __rt_lib_init_signal_1
    libinit.o(.ARM.Collect$$libinit$$00000000) refers (Special) to libinit2.o(.ARM.Collect$$libinit$$00000025) for __rt_lib_init_stdio_1
    libinit.o(.ARM.Collect$$libinit$$00000000) refers (Special) to libinit2.o(.ARM.Collect$$libinit$$0000000C) for __rt_lib_init_user_alloc_1
    libinit2.o(.ARM.Collect$$libinit$$00000005) refers (Weak) to init_alloc.o(.text) for _init_alloc
    libinit2.o(.ARM.Collect$$libinit$$00000010) refers to libinit2.o(.ARM.Collect$$libinit$$0000000F) for .ARM.Collect$$libinit$$0000000F
    libinit2.o(.ARM.Collect$$libinit$$00000012) refers to libinit2.o(.ARM.Collect$$libinit$$0000000F) for .ARM.Collect$$libinit$$0000000F
    libinit2.o(.ARM.Collect$$libinit$$00000014) refers to libinit2.o(.ARM.Collect$$libinit$$0000000F) for .ARM.Collect$$libinit$$0000000F
    libinit2.o(.ARM.Collect$$libinit$$00000016) refers to libinit2.o(.ARM.Collect$$libinit$$0000000F) for .ARM.Collect$$libinit$$0000000F
    libinit2.o(.ARM.Collect$$libinit$$00000018) refers to libinit2.o(.ARM.Collect$$libinit$$0000000F) for .ARM.Collect$$libinit$$0000000F
    libinit2.o(.ARM.Collect$$libinit$$00000024) refers (Weak) to initio.o(.text) for _initio
    libinit2.o(.ARM.Collect$$libinit$$00000026) refers to argv_veneer.o(.text) for __ARM_argv_veneer
    libinit2.o(.ARM.Collect$$libinit$$00000027) refers to argv_veneer.o(.text) for __ARM_argv_veneer
    libshutdown2.o(.ARM.Collect$$libshutdown$$00000002) refers (Weak) to initio.o(.text) for _terminateio
    libshutdown2.o(.ARM.Collect$$libshutdown$$0000000C) refers (Weak) to term_alloc.o(.text) for _terminate_alloc
    libspace.o(.text) refers to libspace.o(.bss) for __libspace_start
    rtexit.o(.ARM.Collect$$rtexit$$00000000) refers (Special) to rtexit2.o(.ARM.Collect$$rtexit$$00000004) for __rt_exit_exit
    rtexit.o(.ARM.Collect$$rtexit$$00000000) refers (Special) to rtexit2.o(.ARM.Collect$$rtexit$$00000003) for __rt_exit_ls
    rtexit.o(.ARM.Collect$$rtexit$$00000000) refers (Special) to rtexit2.o(.ARM.Collect$$rtexit$$00000002) for __rt_exit_prels_1
    rtexit.o(.ARM.exidx) refers (Special) to rtexit2.o(.ARM.Collect$$rtexit$$00000004) for __rt_exit_exit
    rtexit.o(.ARM.exidx) refers (Special) to rtexit2.o(.ARM.Collect$$rtexit$$00000003) for __rt_exit_ls
    rtexit.o(.ARM.exidx) refers (Special) to rtexit2.o(.ARM.Collect$$rtexit$$00000002) for __rt_exit_prels_1
    rtexit.o(.ARM.exidx) refers to rtexit.o(.ARM.Collect$$rtexit$$00000000) for .ARM.Collect$$rtexit$$00000000
    rt_raise.o(.text) refers to __raise.o(.text) for __raise
    rt_raise.o(.text) refers to sys_exit.o(.text) for _sys_exit
    rt_heap_descriptor.o(.text) refers to rt_heap_descriptor.o(.bss) for __rt_heap_descriptor_data
    rt_heap_descriptor_intlibspace.o(.text) refers to libspace.o(.bss) for __libspace_start
    init_alloc.o(.text) refers (Special) to hguard.o(.text) for __heap$guard
    init_alloc.o(.text) refers (Special) to libinit2.o(.ARM.Collect$$libinit$$00000005) for __rt_lib_init_heap_2
    init_alloc.o(.text) refers (Special) to maybetermalloc1.o(.emb_text) for _maybe_terminate_alloc
    init_alloc.o(.text) refers to h1_extend.o(.text) for __Heap_ProvideMemory
    init_alloc.o(.text) refers to defsig_rtmem_outer.o(.text) for __rt_SIGRTMEM
    init_alloc.o(.text) refers to rt_heap_descriptor_intlibspace.o(.text) for __rt_heap_descriptor
    init_alloc.o(.text) refers to h1_init.o(.text) for __Heap_Initialize
    malloc.o(.text) refers (Special) to hguard.o(.text) for __heap$guard
    malloc.o(.text) refers (Special) to init_alloc.o(.text) for _init_alloc
    malloc.o(.text) refers to rt_heap_descriptor_intlibspace.o(.text) for __rt_heap_descriptor
    h1_alloc.o(.text) refers (Special) to h1_init.o(.text) for __Heap_Initialize
    h1_alloc.o(.text) refers to rt_heap_descriptor_intlibspace.o(.text) for __rt_heap_descriptor
    h1_alloc.o(.text) refers to init_alloc.o(.text) for __Heap_Full
    h1_alloc_mt.o(.text) refers (Special) to h1_init.o(.text) for __Heap_Initialize
    h1_alloc_mt.o(.text) refers to init_alloc.o(.text) for __Heap_Full
    h1_alloc_mt.o(.text) refers to rt_heap_descriptor_intlibspace.o(.text) for __rt_heap_descriptor
    fseek.o(.text) refers to sys_io.o(.text) for _sys_istty
    fseek.o(.text) refers to ftell.o(.text) for _ftell_internal
    fseek.o(.text) refers to stdio.o(.text) for _seterr
    stdio.o(.text) refers to sys_io.o(.text) for _sys_seek
    defsig_exit.o(.text) refers to sys_exit.o(.text) for _sys_exit
    defsig_rtred_inner.o(.text) refers to defsig_general.o(.text) for __default_signal_display
    rt_memcpy.o(.text) refers to rt_memcpy.o(.emb_text) for __aeabi_memcpy4
    sys_exit.o(.text) refers (Special) to use_no_semi.o(.text) for __I$use$semihosting
    sys_exit.o(.text) refers (Special) to indicate_semi.o(.text) for __semihosting_library_function
    rtexit2.o(.ARM.Collect$$rtexit$$00000003) refers to libshutdown.o(.ARM.Collect$$libshutdown$$00000000) for __rt_lib_shutdown
    rtexit2.o(.ARM.Collect$$rtexit$$00000004) refers to sys_exit.o(.text) for _sys_exit
    rtexit2.o(.ARM.exidx) refers to rtexit2.o(.ARM.Collect$$rtexit$$00000001) for .ARM.Collect$$rtexit$$00000001
    rtexit2.o(.ARM.exidx) refers to rtexit2.o(.ARM.Collect$$rtexit$$00000003) for .ARM.Collect$$rtexit$$00000003
    rtexit2.o(.ARM.exidx) refers to rtexit2.o(.ARM.Collect$$rtexit$$00000004) for .ARM.Collect$$rtexit$$00000004
    aeabi_idiv0_sigfpe.o(.text) refers to rt_div0.o(.text) for __rt_div0
    maybetermalloc2.o(.emb_text) refers (Special) to term_alloc.o(.text) for _terminate_alloc
    h1_extend.o(.text) refers to h1_free.o(.text) for free
    h1_extend_mt.o(.text) refers to h1_free_mt.o(.text) for _free_internal
    ftell.o(.text) refers to rt_errno_addr_intlibspace.o(.text) for __aeabi_errno_addr
    __raise.o(.text) refers to defsig.o(CL$$defsig) for __default_signal_handler
    defsig_general.o(.text) refers to sys_wrch.o(.text) for _ttywrch
    defsig_rtmem_outer.o(.text) refers to defsig_rtmem_inner.o(.text) for __rt_SIGRTMEM_inner
    defsig_rtmem_outer.o(.text) refers to defsig_exit.o(.text) for __sig_exit
    defsig_rtmem_formal.o(.text) refers to rt_raise.o(.text) for __rt_raise
    heapauxa.o(.text) refers to heapauxa.o(.data) for .data
    _get_argv.o(.text) refers (Special) to hrguard.o(.text) for __heap_region$guard
    _get_argv.o(.text) refers to h1_alloc.o(.text) for malloc
    _get_argv.o(.text) refers to defsig_rtmem_outer.o(.text) for __rt_SIGRTMEM
    _get_argv.o(.text) refers to sys_command.o(.text) for _sys_command_string
    _get_argv_nomalloc.o(.text) refers (Special) to hrguard.o(.text) for __heap_region$guard
    _get_argv_nomalloc.o(.text) refers to defsig_rtmem_outer.o(.text) for __rt_SIGRTMEM
    _get_argv_nomalloc.o(.text) refers to sys_command.o(.text) for _sys_command_string
    sys_wrch.o(.text) refers (Special) to use_no_semi.o(.text) for __I$use$semihosting
    sys_wrch.o(.text) refers (Special) to indicate_semi.o(.text) for __semihosting_library_function
    sys_command.o(.text) refers (Special) to use_no_semi.o(.text) for __I$use$semihosting
    sys_command.o(.text) refers (Special) to indicate_semi.o(.text) for __semihosting_library_function
    rt_div0.o(.text) refers to defsig_fpe_outer.o(.text) for __rt_SIGFPE
    rt_errno_addr.o(.text) refers to rt_errno_addr.o(.bss) for __aeabi_errno_addr_data
    rt_errno_addr_intlibspace.o(.text) refers to libspace.o(.bss) for __libspace_start
    term_alloc.o(.text) refers (Special) to libshutdown2.o(.ARM.Collect$$libshutdown$$0000000D) for __rt_lib_shutdown_heap_2
    term_alloc.o(.text) refers to rt_heap_descriptor_intlibspace.o(.text) for __rt_heap_descriptor
    defsig_rtmem_inner.o(.text) refers to defsig_general.o(.text) for __default_signal_display
    defsig.o(CL$$defsig) refers to defsig_fpe_inner.o(.text) for __rt_SIGFPE_inner
    defsig.o(CL$$defsig) refers to defsig_rtred_inner.o(.text) for __rt_SIGRTRED_inner
    defsig.o(CL$$defsig) refers to defsig_rtmem_inner.o(.text) for __rt_SIGRTMEM_inner
    libshutdown.o(.ARM.Collect$$libshutdown$$00000000) refers (Special) to libshutdown2.o(.ARM.Collect$$libshutdown$$00000006) for __rt_lib_shutdown_fp_trap_1
    libshutdown.o(.ARM.Collect$$libshutdown$$00000000) refers (Special) to libshutdown2.o(.ARM.Collect$$libshutdown$$0000000E) for __rt_lib_shutdown_heap_1
    libshutdown.o(.ARM.Collect$$libshutdown$$00000000) refers (Special) to libshutdown2.o(.ARM.Collect$$libshutdown$$0000000F) for __rt_lib_shutdown_return
    libshutdown.o(.ARM.Collect$$libshutdown$$00000000) refers (Special) to libshutdown2.o(.ARM.Collect$$libshutdown$$00000009) for __rt_lib_shutdown_signal_1
    libshutdown.o(.ARM.Collect$$libshutdown$$00000000) refers (Special) to libshutdown2.o(.ARM.Collect$$libshutdown$$00000003) for __rt_lib_shutdown_stdio_1
    libshutdown.o(.ARM.Collect$$libshutdown$$00000000) refers (Special) to libshutdown2.o(.ARM.Collect$$libshutdown$$0000000B) for __rt_lib_shutdown_user_alloc_1
    defsig_abrt_inner.o(.text) refers to defsig_general.o(.text) for __default_signal_display
    defsig_fpe_inner.o(.text) refers to defsig_general.o(.text) for __default_signal_display
    defsig_fpe_outer.o(.text) refers to defsig_fpe_inner.o(.text) for __rt_SIGFPE_inner
    defsig_fpe_outer.o(.text) refers to defsig_exit.o(.text) for __sig_exit
    defsig_fpe_formal.o(.text) refers to rt_raise.o(.text) for __rt_raise
    defsig_stak_inner.o(.text) refers to defsig_general.o(.text) for __default_signal_display
    defsig_pvfn_inner.o(.text) refers to defsig_general.o(.text) for __default_signal_display
    defsig_cppl_inner.o(.text) refers to defsig_general.o(.text) for __default_signal_display
    defsig_segv_inner.o(.text) refers to defsig_general.o(.text) for __default_signal_display
    defsig_other.o(.text) refers to defsig_general.o(.text) for __default_signal_display


==============================================================================

Removing Unused input sections from the image.

    Removing system_armcm0plus.o(.rev16_text), (4 bytes).
    Removing system_armcm0plus.o(.revsh_text), (4 bytes).
    Removing system_armcm0plus.o(i.SystemCoreClockUpdate), (16 bytes).

3 unused section(s) (total 24 bytes) removed from the image.

==============================================================================

Image Symbol Table

    Local Symbols

    Symbol Name                              Value     Ov Type        Size  Object(Section)

    ../clib/angel/boardlib.s                 0x00000000   Number         0  boardinit3.o ABSOLUTE
    ../clib/angel/boardlib.s                 0x00000000   Number         0  boardinit1.o ABSOLUTE
    ../clib/angel/boardlib.s                 0x00000000   Number         0  boardinit2.o ABSOLUTE
    ../clib/angel/boardlib.s                 0x00000000   Number         0  boardshut.o ABSOLUTE
    ../clib/angel/handlers.s                 0x00000000   Number         0  __scatter_copy.o ABSOLUTE
    ../clib/angel/handlers.s                 0x00000000   Number         0  __scatter_zi.o ABSOLUTE
    ../clib/angel/kernel.s                   0x00000000   Number         0  rtexit2.o ABSOLUTE
    ../clib/angel/kernel.s                   0x00000000   Number         0  __rtentry2.o ABSOLUTE
    ../clib/angel/kernel.s                   0x00000000   Number         0  __rtentry4.o ABSOLUTE
    ../clib/angel/kernel.s                   0x00000000   Number         0  __rtentry.o ABSOLUTE
    ../clib/angel/kernel.s                   0x00000000   Number         0  rtexit.o ABSOLUTE
    ../clib/angel/rt.s                       0x00000000   Number         0  rt_errno_addr_intlibspace.o ABSOLUTE
    ../clib/angel/rt.s                       0x00000000   Number         0  aeabi_idiv0_sigfpe.o ABSOLUTE
    ../clib/angel/rt.s                       0x00000000   Number         0  aeabi_idiv0.o ABSOLUTE
    ../clib/angel/rt.s                       0x00000000   Number         0  rt_errno_addr.o ABSOLUTE
    ../clib/angel/rt.s                       0x00000000   Number         0  rt_div0.o ABSOLUTE
    ../clib/angel/rt.s                       0x00000000   Number         0  rt_heap_descriptor_intlibspace.o ABSOLUTE
    ../clib/angel/rt.s                       0x00000000   Number         0  rt_raise.o ABSOLUTE
    ../clib/angel/rt.s                       0x00000000   Number         0  rt_heap_descriptor.o ABSOLUTE
    ../clib/angel/scatterp.s                 0x00000000   Number         0  __scatter.o ABSOLUTE
    ../clib/angel/startup.s                  0x00000000   Number         0  __main.o ABSOLUTE
    ../clib/angel/sys.s                      0x00000000   Number         0  libspace.o ABSOLUTE
    ../clib/angel/sys.s                      0x00000000   Number         0  use_no_semi.o ABSOLUTE
    ../clib/angel/sys.s                      0x00000000   Number         0  indicate_semi.o ABSOLUTE
    ../clib/angel/sys.s                      0x00000000   Number         0  mutex_dummy.o ABSOLUTE
    ../clib/angel/sys.s                      0x00000000   Number         0  sys_stackheap_outer.o ABSOLUTE
    ../clib/angel/sys.s                      0x00000000   Number         0  tempstk.o ABSOLUTE
    ../clib/angel/sysapp.c                   0x00000000   Number         0  sys_exit.o ABSOLUTE
    ../clib/angel/sysapp.c                   0x00000000   Number         0  sys_command.o ABSOLUTE
    ../clib/angel/sysapp.c                   0x00000000   Number         0  sys_wrch.o ABSOLUTE
    ../clib/angel/sysapp.c                   0x00000000   Number         0  sys_io.o ABSOLUTE
    ../clib/armsys.c                         0x00000000   Number         0  argv_veneer.o ABSOLUTE
    ../clib/armsys.c                         0x00000000   Number         0  _get_argv_nomalloc.o ABSOLUTE
    ../clib/armsys.c                         0x00000000   Number         0  no_argv.o ABSOLUTE
    ../clib/armsys.c                         0x00000000   Number         0  _get_argv.o ABSOLUTE
    ../clib/division.s                       0x00000000   Number         0  aeabi_sdiv_div0.o ABSOLUTE
    ../clib/division.s                       0x00000000   Number         0  aeabi_sdiv.o ABSOLUTE
    ../clib/heap1.c                          0x00000000   Number         0  h1_extend.o ABSOLUTE
    ../clib/heap1.c                          0x00000000   Number         0  h1_alloc.o ABSOLUTE
    ../clib/heap1.c                          0x00000000   Number         0  h1_free.o ABSOLUTE
    ../clib/heap1.c                          0x00000000   Number         0  h1_init.o ABSOLUTE
    ../clib/heap1.c                          0x00000000   Number         0  h1_final.o ABSOLUTE
    ../clib/heap1.c                          0x00000000   Number         0  h1_final_mt.o ABSOLUTE
    ../clib/heap1.c                          0x00000000   Number         0  h1_free_mt.o ABSOLUTE
    ../clib/heap1.c                          0x00000000   Number         0  h1_extend_mt.o ABSOLUTE
    ../clib/heap1.c                          0x00000000   Number         0  h1_alloc_mt.o ABSOLUTE
    ../clib/heap1.c                          0x00000000   Number         0  h1_init_mt.o ABSOLUTE
    ../clib/heap2.c                          0x00000000   Number         0  heap2mt.o ABSOLUTE
    ../clib/heap2.c                          0x00000000   Number         0  heap2.o ABSOLUTE
    ../clib/heap2.c                          0x00000000   Number         0  fdtree.o ABSOLUTE
    ../clib/heapalloc.c                      0x00000000   Number         0  init_alloc.o ABSOLUTE
    ../clib/heapalloc.c                      0x00000000   Number         0  maybetermalloc1.o ABSOLUTE
    ../clib/heapalloc.c                      0x00000000   Number         0  hguard.o ABSOLUTE
    ../clib/heapalloc.c                      0x00000000   Number         0  free.o ABSOLUTE
    ../clib/heapalloc.c                      0x00000000   Number         0  malloc.o ABSOLUTE
    ../clib/heapalloc.c                      0x00000000   Number         0  heapstubs.o ABSOLUTE
    ../clib/heapalloc.c                      0x00000000   Number         0  maybetermalloc1.o ABSOLUTE
    ../clib/heapalloc.c                      0x00000000   Number         0  term_alloc.o ABSOLUTE
    ../clib/heapalloc.c                      0x00000000   Number         0  maybetermalloc2.o ABSOLUTE
    ../clib/heapalloc.c                      0x00000000   Number         0  maybetermalloc2.o ABSOLUTE
    ../clib/heapalloc.c                      0x00000000   Number         0  hrguard.o ABSOLUTE
    ../clib/heapaux.c                        0x00000000   Number         0  heapauxi.o ABSOLUTE
    ../clib/heapaux.c                        0x00000000   Number         0  heapauxa.o ABSOLUTE
    ../clib/libinit.s                        0x00000000   Number         0  libshutdown2.o ABSOLUTE
    ../clib/libinit.s                        0x00000000   Number         0  libinit.o ABSOLUTE
    ../clib/libinit.s                        0x00000000   Number         0  libinit2.o ABSOLUTE
    ../clib/libinit.s                        0x00000000   Number         0  libshutdown.o ABSOLUTE
    ../clib/memcpset.c                       0x00000000   Number         0  rt_memcpy.o ABSOLUTE
    ../clib/memcpset.c                       0x00000000   Number         0  rt_memcpy.o ABSOLUTE
    ../clib/memcpset.c                       0x00000000   Number         0  rt_memclr.o ABSOLUTE
    ../clib/misc.s                           0x00000000   Number         0  printf_stubs.o ABSOLUTE
    ../clib/printf.c                         0x00000000   Number         0  __printf.o ABSOLUTE
    ../clib/printf.c                         0x00000000   Number         0  _printf_pad.o ABSOLUTE
    ../clib/printf.c                         0x00000000   Number         0  _printf_hex_ll.o ABSOLUTE
    ../clib/printf.c                         0x00000000   Number         0  _printf_hex_int.o ABSOLUTE
    ../clib/printf.c                         0x00000000   Number         0  _printf_hex_int_ll.o ABSOLUTE
    ../clib/printf.c                         0x00000000   Number         0  _printf_hex_ptr.o ABSOLUTE
    ../clib/printf.c                         0x00000000   Number         0  _printf_hex_int_ptr.o ABSOLUTE
    ../clib/printf.c                         0x00000000   Number         0  _printf_hex_ll_ptr.o ABSOLUTE
    ../clib/printf.c                         0x00000000   Number         0  _printf_hex_int_ll_ptr.o ABSOLUTE
    ../clib/printf.c                         0x00000000   Number         0  __printf_flags.o ABSOLUTE
    ../clib/printf.c                         0x00000000   Number         0  __printf_ss.o ABSOLUTE
    ../clib/printf.c                         0x00000000   Number         0  __printf_flags_ss.o ABSOLUTE
    ../clib/printf.c                         0x00000000   Number         0  __printf_flags_wp.o ABSOLUTE
    ../clib/printf.c                         0x00000000   Number         0  __printf_ss_wp.o ABSOLUTE
    ../clib/printf.c                         0x00000000   Number         0  __printf_flags_ss_wp.o ABSOLUTE
    ../clib/printf.c                         0x00000000   Number         0  _printf_intcommon.o ABSOLUTE
    ../clib/printf.c                         0x00000000   Number         0  _printf_char_file.o ABSOLUTE
    ../clib/printf.c                         0x00000000   Number         0  _printf_char_common.o ABSOLUTE
    ../clib/printf.c                         0x00000000   Number         0  __printf_wp.o ABSOLUTE
    ../clib/printf.c                         0x00000000   Number         0  __printf_nopercent.o ABSOLUTE
    ../clib/printf.c                         0x00000000   Number         0  __2printf.o ABSOLUTE
    ../clib/printf.c                         0x00000000   Number         0  noretval__2printf.o ABSOLUTE
    ../clib/printf_percent.s                 0x00000000   Number         0  _printf_percent_end.o ABSOLUTE
    ../clib/printf_percent.s                 0x00000000   Number         0  _printf_percent.o ABSOLUTE
    ../clib/printf_percent.s                 0x00000000   Number         0  _printf_x.o ABSOLUTE
    ../clib/signal.c                         0x00000000   Number         0  defsig_exit.o ABSOLUTE
    ../clib/signal.c                         0x00000000   Number         0  defsig_pvfn_inner.o ABSOLUTE
    ../clib/signal.c                         0x00000000   Number         0  defsig_rtred_outer.o ABSOLUTE
    ../clib/signal.c                         0x00000000   Number         0  defsig_rtred_formal.o ABSOLUTE
    ../clib/signal.c                         0x00000000   Number         0  defsig_fpe_formal.o ABSOLUTE
    ../clib/signal.c                         0x00000000   Number         0  defsig_rtred_inner.o ABSOLUTE
    ../clib/signal.c                         0x00000000   Number         0  defsig_segv_inner.o ABSOLUTE
    ../clib/signal.c                         0x00000000   Number         0  defsig_fpe_outer.o ABSOLUTE
    ../clib/signal.c                         0x00000000   Number         0  defsig_stak_inner.o ABSOLUTE
    ../clib/signal.c                         0x00000000   Number         0  defsig_rtmem_inner.o ABSOLUTE
    ../clib/signal.c                         0x00000000   Number         0  __raise.o ABSOLUTE
    ../clib/signal.c                         0x00000000   Number         0  defsig_rtmem_outer.o ABSOLUTE
    ../clib/signal.c                         0x00000000   Number         0  defsig_fpe_inner.o ABSOLUTE
    ../clib/signal.c                         0x00000000   Number         0  defsig_abrt_inner.o ABSOLUTE
    ../clib/signal.c                         0x00000000   Number         0  defsig_rtmem_formal.o ABSOLUTE
    ../clib/signal.c                         0x00000000   Number         0  defsig_general.o ABSOLUTE
    ../clib/signal.c                         0x00000000   Number         0  defsig_cppl_inner.o ABSOLUTE
    ../clib/signal.c                         0x00000000   Number         0  defsig_other.o ABSOLUTE
    ../clib/signal.s                         0x00000000   Number         0  defsig.o ABSOLUTE
    ../clib/stdio.c                          0x00000000   Number         0  stdio.o ABSOLUTE
    ../clib/stdio.c                          0x00000000   Number         0  fseek.o ABSOLUTE
    ../clib/stdio.c                          0x00000000   Number         0  setvbuf.o ABSOLUTE
    ../clib/stdio.c                          0x00000000   Number         0  fopen.o ABSOLUTE
    ../clib/stdio.c                          0x00000000   Number         0  fclose.o ABSOLUTE
    ../clib/stdio.c                          0x00000000   Number         0  initio.o ABSOLUTE
    ../clib/stdio.c                          0x00000000   Number         0  fopen_locked.o ABSOLUTE
    ../clib/stdio.c                          0x00000000   Number         0  ftell.o ABSOLUTE
    ../clib/stdio.c                          0x00000000   Number         0  setvbuf_locked.o ABSOLUTE
    ../clib/stdio.c                          0x00000000   Number         0  stdio_streams.o ABSOLUTE
    ../clib/stdio.c                          0x00000000   Number         0  ferror_locked.o ABSOLUTE
    ../clib/stdio.c                          0x00000000   Number         0  streamlock.o ABSOLUTE
    ../clib/stdio.c                          0x00000000   Number         0  initio_locked.o ABSOLUTE
    ../clib/stdio.c                          0x00000000   Number         0  ferror.o ABSOLUTE
    ../clib/stdlib.c                         0x00000000   Number         0  exit.o ABSOLUTE
    ../clib/string.c                         0x00000000   Number         0  memcmp.o ABSOLUTE
    ../clib/string.c                         0x00000000   Number         0  strlen.o ABSOLUTE
    ../fplib/cfplib/fpinit.c                 0x00000000   Number         0  fpinit.o ABSOLUTE
    RTE\Device\ARMCM0P\startup_ARMCM0plus.s  0x00000000   Number         0  startup_armcm0plus.o ABSOLUTE
    RTE\Device\ARMCM0P\system_ARMCM0plus.c   0x00000000   Number         0  system_armcm0plus.o ABSOLUTE
    RTE\\Device\\ARMCM0P\\system_ARMCM0plus.c 0x00000000   Number         0  system_armcm0plus.o ABSOLUTE
    dc.s                                     0x00000000   Number         0  dc.o ABSOLUTE
    main.c                                   0x00000000   Number         0  main.o ABSOLUTE
    RESET                                    0x01000000   Section      192  startup_armcm0plus.o(RESET)
    !!!main                                  0x010000c0   Section        8  __main.o(!!!main)
    !!!scatter                               0x010000c8   Section       60  __scatter.o(!!!scatter)
    !!handler_copy                           0x01000104   Section       26  __scatter_copy.o(!!handler_copy)
    !!handler_zi                             0x01000120   Section       28  __scatter_zi.o(!!handler_zi)
    .ARM.Collect$$_printf_percent$$00000000  0x0100013c   Section        2  _printf_percent.o(.ARM.Collect$$_printf_percent$$00000000)
    .ARM.Collect$$_printf_percent$$0000000C  0x0100013e   Section       10  _printf_x.o(.ARM.Collect$$_printf_percent$$0000000C)
    .ARM.Collect$$_printf_percent$$00000017  0x01000148   Section        4  _printf_percent_end.o(.ARM.Collect$$_printf_percent$$00000017)
    .ARM.Collect$$libinit$$00000000          0x0100014c   Section        2  libinit.o(.ARM.Collect$$libinit$$00000000)
    .ARM.Collect$$libinit$$00000002          0x0100014e   Section        0  libinit2.o(.ARM.Collect$$libinit$$00000002)
    .ARM.Collect$$libinit$$00000004          0x0100014e   Section        0  libinit2.o(.ARM.Collect$$libinit$$00000004)
    .ARM.Collect$$libinit$$00000005          0x0100014e   Section        8  libinit2.o(.ARM.Collect$$libinit$$00000005)
    .ARM.Collect$$libinit$$0000000A          0x01000156   Section        0  libinit2.o(.ARM.Collect$$libinit$$0000000A)
    .ARM.Collect$$libinit$$0000000C          0x01000156   Section        0  libinit2.o(.ARM.Collect$$libinit$$0000000C)
    .ARM.Collect$$libinit$$0000000E          0x01000156   Section        0  libinit2.o(.ARM.Collect$$libinit$$0000000E)
    .ARM.Collect$$libinit$$00000011          0x01000156   Section        0  libinit2.o(.ARM.Collect$$libinit$$00000011)
    .ARM.Collect$$libinit$$00000013          0x01000156   Section        0  libinit2.o(.ARM.Collect$$libinit$$00000013)
    .ARM.Collect$$libinit$$00000015          0x01000156   Section        0  libinit2.o(.ARM.Collect$$libinit$$00000015)
    .ARM.Collect$$libinit$$00000017          0x01000156   Section        0  libinit2.o(.ARM.Collect$$libinit$$00000017)
    .ARM.Collect$$libinit$$00000019          0x01000156   Section        0  libinit2.o(.ARM.Collect$$libinit$$00000019)
    .ARM.Collect$$libinit$$0000001B          0x01000156   Section        0  libinit2.o(.ARM.Collect$$libinit$$0000001B)
    .ARM.Collect$$libinit$$0000001D          0x01000156   Section        0  libinit2.o(.ARM.Collect$$libinit$$0000001D)
    .ARM.Collect$$libinit$$0000001F          0x01000156   Section        0  libinit2.o(.ARM.Collect$$libinit$$0000001F)
    .ARM.Collect$$libinit$$00000021          0x01000156   Section        0  libinit2.o(.ARM.Collect$$libinit$$00000021)
    .ARM.Collect$$libinit$$00000023          0x01000156   Section        0  libinit2.o(.ARM.Collect$$libinit$$00000023)
    .ARM.Collect$$libinit$$00000024          0x01000156   Section        4  libinit2.o(.ARM.Collect$$libinit$$00000024)
    .ARM.Collect$$libinit$$00000025          0x0100015a   Section        0  libinit2.o(.ARM.Collect$$libinit$$00000025)
    .ARM.Collect$$libinit$$0000002C          0x0100015a   Section        0  libinit2.o(.ARM.Collect$$libinit$$0000002C)
    .ARM.Collect$$libinit$$0000002E          0x0100015a   Section        0  libinit2.o(.ARM.Collect$$libinit$$0000002E)
    .ARM.Collect$$libinit$$00000030          0x0100015a   Section        0  libinit2.o(.ARM.Collect$$libinit$$00000030)
    .ARM.Collect$$libinit$$00000032          0x0100015a   Section        0  libinit2.o(.ARM.Collect$$libinit$$00000032)
    .ARM.Collect$$libinit$$00000033          0x0100015a   Section        2  libinit2.o(.ARM.Collect$$libinit$$00000033)
    .ARM.Collect$$libshutdown$$00000000      0x0100015c   Section        2  libshutdown.o(.ARM.Collect$$libshutdown$$00000000)
    .ARM.Collect$$libshutdown$$00000002      0x0100015e   Section        4  libshutdown2.o(.ARM.Collect$$libshutdown$$00000002)
    .ARM.Collect$$libshutdown$$00000003      0x01000162   Section        0  libshutdown2.o(.ARM.Collect$$libshutdown$$00000003)
    .ARM.Collect$$libshutdown$$00000006      0x01000162   Section        0  libshutdown2.o(.ARM.Collect$$libshutdown$$00000006)
    .ARM.Collect$$libshutdown$$00000009      0x01000162   Section        0  libshutdown2.o(.ARM.Collect$$libshutdown$$00000009)
    .ARM.Collect$$libshutdown$$0000000B      0x01000162   Section        0  libshutdown2.o(.ARM.Collect$$libshutdown$$0000000B)
    .ARM.Collect$$libshutdown$$0000000E      0x01000162   Section        0  libshutdown2.o(.ARM.Collect$$libshutdown$$0000000E)
    .ARM.Collect$$libshutdown$$0000000F      0x01000162   Section        2  libshutdown2.o(.ARM.Collect$$libshutdown$$0000000F)
    .ARM.Collect$$rtentry$$00000000          0x01000164   Section        0  __rtentry.o(.ARM.Collect$$rtentry$$00000000)
    .ARM.Collect$$rtentry$$00000002          0x01000164   Section        0  __rtentry2.o(.ARM.Collect$$rtentry$$00000002)
    .ARM.Collect$$rtentry$$00000004          0x01000164   Section        6  __rtentry4.o(.ARM.Collect$$rtentry$$00000004)
    .ARM.Collect$$rtentry$$00000009          0x0100016a   Section        0  __rtentry2.o(.ARM.Collect$$rtentry$$00000009)
    .ARM.Collect$$rtentry$$0000000A          0x0100016a   Section        4  __rtentry2.o(.ARM.Collect$$rtentry$$0000000A)
    .ARM.Collect$$rtentry$$0000000C          0x0100016e   Section        0  __rtentry2.o(.ARM.Collect$$rtentry$$0000000C)
    .ARM.Collect$$rtentry$$0000000D          0x0100016e   Section        8  __rtentry2.o(.ARM.Collect$$rtentry$$0000000D)
    .ARM.Collect$$rtexit$$00000000           0x01000176   Section        2  rtexit.o(.ARM.Collect$$rtexit$$00000000)
    .ARM.Collect$$rtexit$$00000002           0x01000178   Section        0  rtexit2.o(.ARM.Collect$$rtexit$$00000002)
    .ARM.Collect$$rtexit$$00000003           0x01000178   Section        4  rtexit2.o(.ARM.Collect$$rtexit$$00000003)
    .ARM.Collect$$rtexit$$00000004           0x0100017c   Section        6  rtexit2.o(.ARM.Collect$$rtexit$$00000004)
    .emb_text                                0x01000184   Section        0  maybetermalloc1.o(.emb_text)
    .text                                    0x01000184   Section       56  startup_armcm0plus.o(.text)
    .text                                    0x010001bc   Section        0  noretval__2printf.o(.text)
    .text                                    0x010001d8   Section        0  _printf_pad.o(.text)
    .text                                    0x01000228   Section        0  _printf_hex_int.o(.text)
    .text                                    0x01000280   Section        0  __printf_flags_wp.o(.text)
    .text                                    0x010003b8   Section        0  memcmp.o(.text)
    .text                                    0x01000412   Section        0  rt_memclr.o(.text)
    .text                                    0x01000452   Section        0  heapauxi.o(.text)
    .text                                    0x01000458   Section        0  _printf_intcommon.o(.text)
    .text                                    0x01000508   Section        0  _printf_char_file.o(.text)
    .text                                    0x01000530   Section        0  _printf_char_common.o(.text)
    _printf_input_char                       0x01000531   Thumb Code    10  _printf_char_common.o(.text)
    .text                                    0x01000560   Section        0  ferror.o(.text)
    .text                                    0x01000568   Section        0  initio.o(.text)
    .text                                    0x010006a4   Section        0  sys_io.o(.text)
    .text                                    0x0100070a   Section       62  sys_stackheap_outer.o(.text)
    .text                                    0x01000748   Section        0  h1_free.o(.text)
    .text                                    0x01000794   Section        0  setvbuf.o(.text)
    .text                                    0x010007e0   Section        0  fopen.o(.text)
    _freopen_locked                          0x010007e1   Thumb Code     0  fopen.o(.text)
    .text                                    0x010008c8   Section        0  fclose.o(.text)
    .text                                    0x01000914   Section        0  exit.o(.text)
    .text                                    0x01000920   Section        0  defsig_rtred_outer.o(.text)
    .text                                    0x0100092c   Section        8  libspace.o(.text)
    .text                                    0x01000934   Section        2  use_no_semi.o(.text)
    .text                                    0x01000936   Section        0  indicate_semi.o(.text)
    .text                                    0x01000938   Section        8  rt_heap_descriptor_intlibspace.o(.text)
    .text                                    0x01000940   Section        0  hguard.o(.text)
    .text                                    0x01000944   Section        0  init_alloc.o(.text)
    .text                                    0x010009cc   Section        0  h1_alloc.o(.text)
    .text                                    0x01000a30   Section        0  fseek.o(.text)
    .text                                    0x01000b24   Section        0  stdio.o(.text)
    .text                                    0x01000c14   Section        0  defsig_exit.o(.text)
    .text                                    0x01000c20   Section        0  defsig_rtred_inner.o(.text)
    .text                                    0x01000c54   Section        0  strlen.o(.text)
    .text                                    0x01000c98   Section        0  sys_exit.o(.text)
    .text                                    0x01000ca4   Section        0  h1_init.o(.text)
    .text                                    0x01000cb2   Section        0  h1_extend.o(.text)
    .text                                    0x01000ce6   Section        0  ftell.o(.text)
    .text                                    0x01000d28   Section        0  defsig_general.o(.text)
    .text                                    0x01000d5c   Section        0  defsig_rtmem_outer.o(.text)
    .text                                    0x01000d68   Section        0  sys_wrch.o(.text)
    .text                                    0x01000d74   Section        8  rt_errno_addr_intlibspace.o(.text)
    .text                                    0x01000d7c   Section        0  defsig_rtmem_inner.o(.text)
    i.SystemInit                             0x01000dcc   Section        0  system_armcm0plus.o(i.SystemInit)
    i._is_digit                              0x01000ddc   Section        0  __printf_wp.o(i._is_digit)
    i.fputc                                  0x01000dec   Section        0  main.o(i.fputc)
    i.main                                   0x01000e10   Section        0  main.o(i.main)
    i.pointer_attack                         0x01000e60   Section        0  main.o(i.pointer_attack)
    i.silly_tests                            0x01000ef0   Section        0  main.o(i.silly_tests)
    i.testAccessLowBoundary                  0x01000f38   Section        0  main.o(i.testAccessLowBoundary)
    i.testAes                                0x01000f4c   Section        0  main.o(i.testAes)
    i.testReadAccess                         0x01000fe0   Section        0  main.o(i.testReadAccess)
    .constdata                               0x01000fec   Section       40  _printf_hex_int.o(.constdata)
    uc_hextab                                0x01000fec   Data          20  _printf_hex_int.o(.constdata)
    lc_hextab                                0x01001000   Data          20  _printf_hex_int.o(.constdata)
    .constdata                               0x01001014   Section       17  __printf_flags_wp.o(.constdata)
    maptable                                 0x01001014   Data          17  __printf_flags_wp.o(.constdata)
    .constdata                               0x01001025   Section        4  sys_io.o(.constdata)
    .constdata                               0x01001029   Section        4  sys_io.o(.constdata)
    .constdata                               0x0100102d   Section        4  sys_io.o(.constdata)
    .conststring                             0x01001034   Section       70  main.o(.conststring)
    .data                                    0x21000000   Section        5  main.o(.data)
    .data                                    0x21000008   Section        4  system_armcm0plus.o(.data)
    .data                                    0x2100000c   Section        4  stdio_streams.o(.data)
    .data                                    0x21000010   Section        4  stdio_streams.o(.data)
    .data                                    0x21000014   Section        4  stdio_streams.o(.data)
    .bss                                     0x21000018   Section     1024  main.o(.bss)
    .bss                                     0x21000418   Section       84  stdio_streams.o(.bss)
    .bss                                     0x2100046c   Section       84  stdio_streams.o(.bss)
    .bss                                     0x210004c0   Section       84  stdio_streams.o(.bss)
    .bss                                     0x21000514   Section       96  libspace.o(.bss)
    HEAP                                     0x21000578   Section     3072  startup_armcm0plus.o(HEAP)
    Heap_Mem                                 0x21000578   Data        3072  startup_armcm0plus.o(HEAP)
    STACK                                    0x21001178   Section     1024  startup_armcm0plus.o(STACK)
    Stack_Mem                                0x21001178   Data        1024  startup_armcm0plus.o(STACK)
    __initial_sp                             0x21001578   Data           0  startup_armcm0plus.o(STACK)

    Global Symbols

    Symbol Name                              Value     Ov Type        Size  Object(Section)

    BuildAttributes$$THM_ISAv3M$S$PE$A:L22$X:L11$S22$IEEE1$IW$USESV6$~STKCKD$USESV7$~SHL$OTIME$ROPI$EBA8$UX$STANDARDLIB$REQ8$PRES8$EABIv2 0x00000000   Number         0  anon$$obj.o ABSOLUTE
    __ARM_use_no_argv                        0x00000000   Number         0  main.o ABSOLUTE
    _printf_flags                            0x00000000   Number         0  printf_stubs.o ABSOLUTE
    _printf_return_value                     0x00000000   Number         0  printf_stubs.o ABSOLUTE
    _printf_sizespec                         0x00000000   Number         0  printf_stubs.o ABSOLUTE
    _printf_widthprec                        0x00000000   Number         0  printf_stubs.o ABSOLUTE
    __ARM_exceptions_init                     - Undefined Weak Reference
    __alloca_initialize                       - Undefined Weak Reference
    __arm_preinit_                            - Undefined Weak Reference
    __cpp_initialize__aeabi_                  - Undefined Weak Reference
    __cxa_finalize                            - Undefined Weak Reference
    __rt_locale                               - Undefined Weak Reference
    __sigvec_lookup                           - Undefined Weak Reference
    __user_heap_extent                        - Undefined Weak Reference
    _atexit_init                              - Undefined Weak Reference
    _call_atexit_fns                          - Undefined Weak Reference
    _clock_init                               - Undefined Weak Reference
    _fp_trap_init                             - Undefined Weak Reference
    _fp_trap_shutdown                         - Undefined Weak Reference
    _get_lc_collate                           - Undefined Weak Reference
    _get_lc_ctype                             - Undefined Weak Reference
    _get_lc_monetary                          - Undefined Weak Reference
    _get_lc_numeric                           - Undefined Weak Reference
    _get_lc_time                              - Undefined Weak Reference
    _getenv_init                              - Undefined Weak Reference
    _handle_redirection                       - Undefined Weak Reference
    _mutex_acquire                            - Undefined Weak Reference
    _mutex_free                               - Undefined Weak Reference
    _mutex_release                            - Undefined Weak Reference
    _printf_truncate_unsigned                 - Undefined Weak Reference
    _rand_init                                - Undefined Weak Reference
    _signal_finish                            - Undefined Weak Reference
    _signal_init                              - Undefined Weak Reference
    __Vectors_Size                           0x000000c0   Number         0  startup_armcm0plus.o ABSOLUTE
    __Vectors                                0x01000000   Data           4  startup_armcm0plus.o(RESET)
    __Vectors_End                            0x010000c0   Data           0  startup_armcm0plus.o(RESET)
    __main                                   0x010000c1   Thumb Code     8  __main.o(!!!main)
    __scatterload                            0x010000c9   Thumb Code     0  __scatter.o(!!!scatter)
    __scatterload_rt2                        0x010000c9   Thumb Code    52  __scatter.o(!!!scatter)
    __scatterload_rt2_thumb_only             0x010000c9   Thumb Code     0  __scatter.o(!!!scatter)
    __scatterload_null                       0x010000d9   Thumb Code     0  __scatter.o(!!!scatter)
    __scatterload_copy                       0x01000105   Thumb Code    26  __scatter_copy.o(!!handler_copy)
    __scatterload_zeroinit                   0x01000121   Thumb Code    28  __scatter_zi.o(!!handler_zi)
    _printf_percent                          0x0100013d   Thumb Code     0  _printf_percent.o(.ARM.Collect$$_printf_percent$$00000000)
    _printf_x                                0x0100013f   Thumb Code     0  _printf_x.o(.ARM.Collect$$_printf_percent$$0000000C)
    _printf_percent_end                      0x01000149   Thumb Code     0  _printf_percent_end.o(.ARM.Collect$$_printf_percent$$00000017)
    __rt_lib_init                            0x0100014d   Thumb Code     0  libinit.o(.ARM.Collect$$libinit$$00000000)
    __rt_lib_init_fp_1                       0x0100014f   Thumb Code     0  libinit2.o(.ARM.Collect$$libinit$$00000002)
    __rt_lib_init_heap_2                     0x0100014f   Thumb Code     0  libinit2.o(.ARM.Collect$$libinit$$00000005)
    __rt_lib_init_preinit_1                  0x0100014f   Thumb Code     0  libinit2.o(.ARM.Collect$$libinit$$00000004)
    __rt_lib_init_atexit_1                   0x01000157   Thumb Code     0  libinit2.o(.ARM.Collect$$libinit$$0000001B)
    __rt_lib_init_clock_1                    0x01000157   Thumb Code     0  libinit2.o(.ARM.Collect$$libinit$$00000021)
    __rt_lib_init_fp_trap_1                  0x01000157   Thumb Code     0  libinit2.o(.ARM.Collect$$libinit$$0000001F)
    __rt_lib_init_getenv_1                   0x01000157   Thumb Code     0  libinit2.o(.ARM.Collect$$libinit$$00000023)
    __rt_lib_init_heap_1                     0x01000157   Thumb Code     0  libinit2.o(.ARM.Collect$$libinit$$0000000A)
    __rt_lib_init_lc_collate_1               0x01000157   Thumb Code     0  libinit2.o(.ARM.Collect$$libinit$$00000011)
    __rt_lib_init_lc_ctype_1                 0x01000157   Thumb Code     0  libinit2.o(.ARM.Collect$$libinit$$00000013)
    __rt_lib_init_lc_monetary_1              0x01000157   Thumb Code     0  libinit2.o(.ARM.Collect$$libinit$$00000015)
    __rt_lib_init_lc_numeric_1               0x01000157   Thumb Code     0  libinit2.o(.ARM.Collect$$libinit$$00000017)
    __rt_lib_init_lc_time_1                  0x01000157   Thumb Code     0  libinit2.o(.ARM.Collect$$libinit$$00000019)
    __rt_lib_init_rand_1                     0x01000157   Thumb Code     0  libinit2.o(.ARM.Collect$$libinit$$0000000E)
    __rt_lib_init_signal_1                   0x01000157   Thumb Code     0  libinit2.o(.ARM.Collect$$libinit$$0000001D)
    __rt_lib_init_stdio_2                    0x01000157   Thumb Code     0  libinit2.o(.ARM.Collect$$libinit$$00000024)
    __rt_lib_init_user_alloc_1               0x01000157   Thumb Code     0  libinit2.o(.ARM.Collect$$libinit$$0000000C)
    __rt_lib_init_alloca_1                   0x0100015b   Thumb Code     0  libinit2.o(.ARM.Collect$$libinit$$0000002E)
    __rt_lib_init_argv_1                     0x0100015b   Thumb Code     0  libinit2.o(.ARM.Collect$$libinit$$0000002C)
    __rt_lib_init_cpp_1                      0x0100015b   Thumb Code     0  libinit2.o(.ARM.Collect$$libinit$$00000032)
    __rt_lib_init_exceptions_1               0x0100015b   Thumb Code     0  libinit2.o(.ARM.Collect$$libinit$$00000030)
    __rt_lib_init_return                     0x0100015b   Thumb Code     0  libinit2.o(.ARM.Collect$$libinit$$00000033)
    __rt_lib_init_stdio_1                    0x0100015b   Thumb Code     0  libinit2.o(.ARM.Collect$$libinit$$00000025)
    __rt_lib_shutdown                        0x0100015d   Thumb Code     0  libshutdown.o(.ARM.Collect$$libshutdown$$00000000)
    __rt_lib_shutdown_stdio_2                0x0100015f   Thumb Code     0  libshutdown2.o(.ARM.Collect$$libshutdown$$00000002)
    __rt_lib_shutdown_fp_trap_1              0x01000163   Thumb Code     0  libshutdown2.o(.ARM.Collect$$libshutdown$$00000006)
    __rt_lib_shutdown_heap_1                 0x01000163   Thumb Code     0  libshutdown2.o(.ARM.Collect$$libshutdown$$0000000E)
    __rt_lib_shutdown_return                 0x01000163   Thumb Code     0  libshutdown2.o(.ARM.Collect$$libshutdown$$0000000F)
    __rt_lib_shutdown_signal_1               0x01000163   Thumb Code     0  libshutdown2.o(.ARM.Collect$$libshutdown$$00000009)
    __rt_lib_shutdown_stdio_1                0x01000163   Thumb Code     0  libshutdown2.o(.ARM.Collect$$libshutdown$$00000003)
    __rt_lib_shutdown_user_alloc_1           0x01000163   Thumb Code     0  libshutdown2.o(.ARM.Collect$$libshutdown$$0000000B)
    __rt_entry                               0x01000165   Thumb Code     0  __rtentry.o(.ARM.Collect$$rtentry$$00000000)
    __rt_entry_presh_1                       0x01000165   Thumb Code     0  __rtentry2.o(.ARM.Collect$$rtentry$$00000002)
    __rt_entry_sh                            0x01000165   Thumb Code     0  __rtentry4.o(.ARM.Collect$$rtentry$$00000004)
    __rt_entry_li                            0x0100016b   Thumb Code     0  __rtentry2.o(.ARM.Collect$$rtentry$$0000000A)
    __rt_entry_postsh_1                      0x0100016b   Thumb Code     0  __rtentry2.o(.ARM.Collect$$rtentry$$00000009)
    __rt_entry_main                          0x0100016f   Thumb Code     0  __rtentry2.o(.ARM.Collect$$rtentry$$0000000D)
    __rt_entry_postli_1                      0x0100016f   Thumb Code     0  __rtentry2.o(.ARM.Collect$$rtentry$$0000000C)
    __rt_exit                                0x01000177   Thumb Code     0  rtexit.o(.ARM.Collect$$rtexit$$00000000)
    __rt_exit_ls                             0x01000179   Thumb Code     0  rtexit2.o(.ARM.Collect$$rtexit$$00000003)
    __rt_exit_prels_1                        0x01000179   Thumb Code     0  rtexit2.o(.ARM.Collect$$rtexit$$00000002)
    __rt_exit_exit                           0x0100017d   Thumb Code     0  rtexit2.o(.ARM.Collect$$rtexit$$00000004)
    Reset_Handler                            0x01000185   Thumb Code     8  startup_armcm0plus.o(.text)
    _maybe_terminate_alloc                   0x01000185   Thumb Code     0  maybetermalloc1.o(.emb_text)
    NMI_Handler                              0x0100018d   Thumb Code     2  startup_armcm0plus.o(.text)
    HardFault_Handler                        0x0100018f   Thumb Code     2  startup_armcm0plus.o(.text)
    SVC_Handler                              0x01000191   Thumb Code     2  startup_armcm0plus.o(.text)
    PendSV_Handler                           0x01000193   Thumb Code     2  startup_armcm0plus.o(.text)
    SysTick_Handler                          0x01000195   Thumb Code     2  startup_armcm0plus.o(.text)
    AACI_IRQHandler                          0x01000197   Thumb Code     0  startup_armcm0plus.o(.text)
    CAN_IRQHandler                           0x01000197   Thumb Code     0  startup_armcm0plus.o(.text)
    CHLCD_IRQHandler                         0x01000197   Thumb Code     0  startup_armcm0plus.o(.text)
    CLCD_IRQHandler                          0x01000197   Thumb Code     0  startup_armcm0plus.o(.text)
    CPU_CLCD_IRQHandler                      0x01000197   Thumb Code     0  startup_armcm0plus.o(.text)
    ENET_IRQHandler                          0x01000197   Thumb Code     0  startup_armcm0plus.o(.text)
    FLEXRAY_IRQHandler                       0x01000197   Thumb Code     0  startup_armcm0plus.o(.text)
    I2C_IRQHandler                           0x01000197   Thumb Code     0  startup_armcm0plus.o(.text)
    LIN_IRQHandler                           0x01000197   Thumb Code     0  startup_armcm0plus.o(.text)
    MCIA_IRQHandler                          0x01000197   Thumb Code     0  startup_armcm0plus.o(.text)
    MCIB_IRQHandler                          0x01000197   Thumb Code     0  startup_armcm0plus.o(.text)
    RTC_IRQHandler                           0x01000197   Thumb Code     0  startup_armcm0plus.o(.text)
    SPI_IRQHandler                           0x01000197   Thumb Code     0  startup_armcm0plus.o(.text)
    TIM0_IRQHandler                          0x01000197   Thumb Code     0  startup_armcm0plus.o(.text)
    TIM2_IRQHandler                          0x01000197   Thumb Code     0  startup_armcm0plus.o(.text)
    UART0_IRQHandler                         0x01000197   Thumb Code     0  startup_armcm0plus.o(.text)
    UART1_IRQHandler                         0x01000197   Thumb Code     0  startup_armcm0plus.o(.text)
    UART2_IRQHandler                         0x01000197   Thumb Code     0  startup_armcm0plus.o(.text)
    UART3_IRQHandler                         0x01000197   Thumb Code     0  startup_armcm0plus.o(.text)
    UART4_IRQHandler                         0x01000197   Thumb Code     0  startup_armcm0plus.o(.text)
    USBDC_IRQHandler                         0x01000197   Thumb Code     0  startup_armcm0plus.o(.text)
    USBHC_IRQHandler                         0x01000197   Thumb Code     0  startup_armcm0plus.o(.text)
    WDT_IRQHandler                           0x01000197   Thumb Code     0  startup_armcm0plus.o(.text)
    __user_initial_stackheap                 0x01000199   Thumb Code    10  startup_armcm0plus.o(.text)
    __2printf                                0x010001bd   Thumb Code    22  noretval__2printf.o(.text)
    _printf_pre_padding                      0x010001d9   Thumb Code    44  _printf_pad.o(.text)
    _printf_post_padding                     0x01000205   Thumb Code    34  _printf_pad.o(.text)
    _printf_int_hex                          0x01000229   Thumb Code    84  _printf_hex_int.o(.text)
    _printf_longlong_hex                     0x01000229   Thumb Code     0  _printf_hex_int.o(.text)
    __printf                                 0x01000281   Thumb Code   306  __printf_flags_wp.o(.text)
    memcmp                                   0x010003b9   Thumb Code    90  memcmp.o(.text)
    _memset_w                                0x01000413   Thumb Code    26  rt_memclr.o(.text)
    _memset                                  0x0100042d   Thumb Code    30  rt_memclr.o(.text)
    __aeabi_memclr                           0x0100044b   Thumb Code     4  rt_memclr.o(.text)
    __rt_memclr                              0x0100044b   Thumb Code     0  rt_memclr.o(.text)
    __aeabi_memclr4                          0x0100044f   Thumb Code     0  rt_memclr.o(.text)
    __aeabi_memclr8                          0x0100044f   Thumb Code     0  rt_memclr.o(.text)
    __rt_memclr_w                            0x0100044f   Thumb Code     4  rt_memclr.o(.text)
    __use_two_region_memory                  0x01000453   Thumb Code     2  heapauxi.o(.text)
    __rt_heap_escrow                         0x01000455   Thumb Code     2  heapauxi.o(.text)
    __rt_heap_expand                         0x01000457   Thumb Code     2  heapauxi.o(.text)
    _printf_int_common                       0x01000459   Thumb Code   176  _printf_intcommon.o(.text)
    _printf_char_file                        0x01000509   Thumb Code    34  _printf_char_file.o(.text)
    _printf_char_common                      0x0100053b   Thumb Code    32  _printf_char_common.o(.text)
    ferror                                   0x01000561   Thumb Code     8  ferror.o(.text)
    _initio                                  0x01000569   Thumb Code   216  initio.o(.text)
    _terminateio                             0x01000641   Thumb Code    56  initio.o(.text)
    _sys_open                                0x010006a5   Thumb Code    20  sys_io.o(.text)
    _sys_close                               0x010006b9   Thumb Code    12  sys_io.o(.text)
    _sys_write                               0x010006c5   Thumb Code    16  sys_io.o(.text)
    _sys_read                                0x010006d5   Thumb Code    14  sys_io.o(.text)
    _sys_istty                               0x010006e3   Thumb Code    12  sys_io.o(.text)
    _sys_seek                                0x010006ef   Thumb Code    14  sys_io.o(.text)
    _sys_ensure                              0x010006fd   Thumb Code     2  sys_io.o(.text)
    _sys_flen                                0x010006ff   Thumb Code    12  sys_io.o(.text)
    __user_setup_stackheap                   0x0100070b   Thumb Code    62  sys_stackheap_outer.o(.text)
    free                                     0x01000749   Thumb Code    76  h1_free.o(.text)
    setvbuf                                  0x01000795   Thumb Code    72  setvbuf.o(.text)
    freopen                                  0x010007e1   Thumb Code   148  fopen.o(.text)
    fopen                                    0x01000875   Thumb Code    76  fopen.o(.text)
    _fclose_internal                         0x010008c9   Thumb Code    72  fclose.o(.text)
    fclose                                   0x010008c9   Thumb Code     0  fclose.o(.text)
    exit                                     0x01000915   Thumb Code    12  exit.o(.text)
    __rt_SIGRTRED                            0x01000921   Thumb Code    12  defsig_rtred_outer.o(.text)
    __user_libspace                          0x0100092d   Thumb Code     8  libspace.o(.text)
    __user_perproc_libspace                  0x0100092d   Thumb Code     0  libspace.o(.text)
    __user_perthread_libspace                0x0100092d   Thumb Code     0  libspace.o(.text)
    __I$use$semihosting                      0x01000935   Thumb Code     0  use_no_semi.o(.text)
    __use_no_semihosting_swi                 0x01000935   Thumb Code     2  use_no_semi.o(.text)
    __semihosting_library_function           0x01000937   Thumb Code     0  indicate_semi.o(.text)
    __rt_heap_descriptor                     0x01000939   Thumb Code     8  rt_heap_descriptor_intlibspace.o(.text)
    __use_no_heap                            0x01000941   Thumb Code     2  hguard.o(.text)
    __heap$guard                             0x01000943   Thumb Code     2  hguard.o(.text)
    _terminate_user_alloc                    0x01000945   Thumb Code     2  init_alloc.o(.text)
    _init_user_alloc                         0x01000947   Thumb Code     2  init_alloc.o(.text)
    __Heap_Full                              0x01000949   Thumb Code    32  init_alloc.o(.text)
    __Heap_Broken                            0x01000969   Thumb Code    10  init_alloc.o(.text)
    _init_alloc                              0x01000973   Thumb Code    90  init_alloc.o(.text)
    malloc                                   0x010009cd   Thumb Code    98  h1_alloc.o(.text)
    _fseek                                   0x01000a31   Thumb Code   240  fseek.o(.text)
    fseek                                    0x01000a31   Thumb Code     0  fseek.o(.text)
    _seterr                                  0x01000b25   Thumb Code    20  stdio.o(.text)
    _writebuf                                0x01000b39   Thumb Code    76  stdio.o(.text)
    _fflush                                  0x01000b85   Thumb Code    76  stdio.o(.text)
    _deferredlazyseek                        0x01000bd1   Thumb Code    60  stdio.o(.text)
    __sig_exit                               0x01000c15   Thumb Code    12  defsig_exit.o(.text)
    __rt_SIGRTRED_inner                      0x01000c21   Thumb Code    14  defsig_rtred_inner.o(.text)
    strlen                                   0x01000c55   Thumb Code    62  strlen.o(.text)
    _sys_exit                                0x01000c99   Thumb Code     8  sys_exit.o(.text)
    __Heap_Initialize                        0x01000ca5   Thumb Code    10  h1_init.o(.text)
    __Heap_DescSize                          0x01000caf   Thumb Code     4  h1_init.o(.text)
    __Heap_ProvideMemory                     0x01000cb3   Thumb Code    52  h1_extend.o(.text)
    _ftell_internal                          0x01000ce7   Thumb Code    66  ftell.o(.text)
    ftell                                    0x01000ce7   Thumb Code     0  ftell.o(.text)
    __default_signal_display                 0x01000d29   Thumb Code    52  defsig_general.o(.text)
    __rt_SIGRTMEM                            0x01000d5d   Thumb Code    12  defsig_rtmem_outer.o(.text)
    _ttywrch                                 0x01000d69   Thumb Code    12  sys_wrch.o(.text)
    __aeabi_errno_addr                       0x01000d75   Thumb Code     8  rt_errno_addr_intlibspace.o(.text)
    __errno$intlibspace                      0x01000d75   Thumb Code     0  rt_errno_addr_intlibspace.o(.text)
    __rt_errno_addr$intlibspace              0x01000d75   Thumb Code     0  rt_errno_addr_intlibspace.o(.text)
    __rt_SIGRTMEM_inner                      0x01000d7d   Thumb Code    22  defsig_rtmem_inner.o(.text)
    SystemInit                               0x01000dcd   Thumb Code     8  system_armcm0plus.o(i.SystemInit)
    _is_digit                                0x01000ddd   Thumb Code    14  __printf_wp.o(i._is_digit)
    fputc                                    0x01000ded   Thumb Code    26  main.o(i.fputc)
    main                                     0x01000e11   Thumb Code    38  main.o(i.main)
    pointer_attack                           0x01000e61   Thumb Code    80  main.o(i.pointer_attack)
    silly_tests                              0x01000ef1   Thumb Code    64  main.o(i.silly_tests)
    testAccessLowBoundary                    0x01000f39   Thumb Code    18  main.o(i.testAccessLowBoundary)
    testAes                                  0x01000f4d   Thumb Code   116  main.o(i.testAes)
    testReadAccess                           0x01000fe1   Thumb Code     8  main.o(i.testReadAccess)
    __stdin_name                             0x01001025   Data           4  sys_io.o(.constdata)
    __stdout_name                            0x01001029   Data           4  sys_io.o(.constdata)
    __stderr_name                            0x0100102d   Data           4  sys_io.o(.constdata)
    Region$$Table$$Base                      0x0100107c   Number         0  anon$$obj.o(Region$$Table)
    Region$$Table$$Limit                     0x0100109c   Number         0  anon$$obj.o(Region$$Table)
    fputc_index                              0x21000000   Data           4  main.o(.data)
    temp                                     0x21000004   Data           1  main.o(.data)
    SystemCoreClock                          0x21000008   Data           4  system_armcm0plus.o(.data)
    __aeabi_stdin                            0x2100000c   Data           4  stdio_streams.o(.data)
    __aeabi_stdout                           0x21000010   Data           4  stdio_streams.o(.data)
    __aeabi_stderr                           0x21000014   Data           4  stdio_streams.o(.data)
    fputc_output_buf                         0x21000018   Data        1024  main.o(.bss)
    __stdin                                  0x21000418   Data          84  stdio_streams.o(.bss)
    __stdout                                 0x2100046c   Data          84  stdio_streams.o(.bss)
    __stderr                                 0x210004c0   Data          84  stdio_streams.o(.bss)
    __libspace_start                         0x21000514   Data          96  libspace.o(.bss)
    __temporary_stack_top$libspace           0x21000574   Data           0  libspace.o(.bss)



==============================================================================

Memory Map of the image

  Image Entry point : 0x01000185

  Load Region LR_1 (Base: 0x01000000, Size: 0x000010b4, Max: 0xffffffff, ABSOLUTE)

    Execution Region ER_RO (Base: 0x01000000, Size: 0x0000109c, Max: 0xffffffff, ABSOLUTE)

    Base Addr    Size         Type   Attr      Idx    E Section Name        Object

    0x01000000   0x000000c0   Data   RO           71    RESET               startup_armcm0plus.o
    0x010000c0   0x00000008   Code   RO          180  * !!!main             c_p.l(__main.o)
    0x010000c8   0x0000003c   Code   RO          518    !!!scatter          c_p.l(__scatter.o)
    0x01000104   0x0000001a   Code   RO          520    !!handler_copy      c_p.l(__scatter_copy.o)
    0x0100011e   0x00000002   PAD
    0x01000120   0x0000001c   Code   RO          522    !!handler_zi        c_p.l(__scatter_zi.o)
    0x0100013c   0x00000002   Code   RO          173    .ARM.Collect$$_printf_percent$$00000000  c_p.l(_printf_percent.o)
    0x0100013e   0x0000000a   Code   RO          172    .ARM.Collect$$_printf_percent$$0000000C  c_p.l(_printf_x.o)
    0x01000148   0x00000004   Code   RO          187    .ARM.Collect$$_printf_percent$$00000017  c_p.l(_printf_percent_end.o)
    0x0100014c   0x00000002   Code   RO          309    .ARM.Collect$$libinit$$00000000  c_p.l(libinit.o)
    0x0100014e   0x00000000   Code   RO          311    .ARM.Collect$$libinit$$00000002  c_p.l(libinit2.o)
    0x0100014e   0x00000000   Code   RO          313    .ARM.Collect$$libinit$$00000004  c_p.l(libinit2.o)
    0x0100014e   0x00000008   Code   RO          314    .ARM.Collect$$libinit$$00000005  c_p.l(libinit2.o)
    0x01000156   0x00000000   Code   RO          316    .ARM.Collect$$libinit$$0000000A  c_p.l(libinit2.o)
    0x01000156   0x00000000   Code   RO          318    .ARM.Collect$$libinit$$0000000C  c_p.l(libinit2.o)
    0x01000156   0x00000000   Code   RO          320    .ARM.Collect$$libinit$$0000000E  c_p.l(libinit2.o)
    0x01000156   0x00000000   Code   RO          323    .ARM.Collect$$libinit$$00000011  c_p.l(libinit2.o)
    0x01000156   0x00000000   Code   RO          325    .ARM.Collect$$libinit$$00000013  c_p.l(libinit2.o)
    0x01000156   0x00000000   Code   RO          327    .ARM.Collect$$libinit$$00000015  c_p.l(libinit2.o)
    0x01000156   0x00000000   Code   RO          329    .ARM.Collect$$libinit$$00000017  c_p.l(libinit2.o)
    0x01000156   0x00000000   Code   RO          331    .ARM.Collect$$libinit$$00000019  c_p.l(libinit2.o)
    0x01000156   0x00000000   Code   RO          333    .ARM.Collect$$libinit$$0000001B  c_p.l(libinit2.o)
    0x01000156   0x00000000   Code   RO          335    .ARM.Collect$$libinit$$0000001D  c_p.l(libinit2.o)
    0x01000156   0x00000000   Code   RO          337    .ARM.Collect$$libinit$$0000001F  c_p.l(libinit2.o)
    0x01000156   0x00000000   Code   RO          339    .ARM.Collect$$libinit$$00000021  c_p.l(libinit2.o)
    0x01000156   0x00000000   Code   RO          341    .ARM.Collect$$libinit$$00000023  c_p.l(libinit2.o)
    0x01000156   0x00000004   Code   RO          342    .ARM.Collect$$libinit$$00000024  c_p.l(libinit2.o)
    0x0100015a   0x00000000   Code   RO          343    .ARM.Collect$$libinit$$00000025  c_p.l(libinit2.o)
    0x0100015a   0x00000000   Code   RO          347    .ARM.Collect$$libinit$$0000002C  c_p.l(libinit2.o)
    0x0100015a   0x00000000   Code   RO          349    .ARM.Collect$$libinit$$0000002E  c_p.l(libinit2.o)
    0x0100015a   0x00000000   Code   RO          351    .ARM.Collect$$libinit$$00000030  c_p.l(libinit2.o)
    0x0100015a   0x00000000   Code   RO          353    .ARM.Collect$$libinit$$00000032  c_p.l(libinit2.o)
    0x0100015a   0x00000002   Code   RO          354    .ARM.Collect$$libinit$$00000033  c_p.l(libinit2.o)
    0x0100015c   0x00000002   Code   RO          493    .ARM.Collect$$libshutdown$$00000000  c_p.l(libshutdown.o)
    0x0100015e   0x00000004   Code   RO          356    .ARM.Collect$$libshutdown$$00000002  c_p.l(libshutdown2.o)
    0x01000162   0x00000000   Code   RO          357    .ARM.Collect$$libshutdown$$00000003  c_p.l(libshutdown2.o)
    0x01000162   0x00000000   Code   RO          360    .ARM.Collect$$libshutdown$$00000006  c_p.l(libshutdown2.o)
    0x01000162   0x00000000   Code   RO          363    .ARM.Collect$$libshutdown$$00000009  c_p.l(libshutdown2.o)
    0x01000162   0x00000000   Code   RO          365    .ARM.Collect$$libshutdown$$0000000B  c_p.l(libshutdown2.o)
    0x01000162   0x00000000   Code   RO          368    .ARM.Collect$$libshutdown$$0000000E  c_p.l(libshutdown2.o)
    0x01000162   0x00000002   Code   RO          369    .ARM.Collect$$libshutdown$$0000000F  c_p.l(libshutdown2.o)
    0x01000164   0x00000000   Code   RO          182    .ARM.Collect$$rtentry$$00000000  c_p.l(__rtentry.o)
    0x01000164   0x00000000   Code   RO          195    .ARM.Collect$$rtentry$$00000002  c_p.l(__rtentry2.o)
    0x01000164   0x00000006   Code   RO          207    .ARM.Collect$$rtentry$$00000004  c_p.l(__rtentry4.o)
    0x0100016a   0x00000000   Code   RO          197    .ARM.Collect$$rtentry$$00000009  c_p.l(__rtentry2.o)
    0x0100016a   0x00000004   Code   RO          198    .ARM.Collect$$rtentry$$0000000A  c_p.l(__rtentry2.o)
    0x0100016e   0x00000000   Code   RO          200    .ARM.Collect$$rtentry$$0000000C  c_p.l(__rtentry2.o)
    0x0100016e   0x00000008   Code   RO          201    .ARM.Collect$$rtentry$$0000000D  c_p.l(__rtentry2.o)
    0x01000176   0x00000002   Code   RO          377    .ARM.Collect$$rtexit$$00000000  c_p.l(rtexit.o)
    0x01000178   0x00000000   Code   RO          433    .ARM.Collect$$rtexit$$00000002  c_p.l(rtexit2.o)
    0x01000178   0x00000004   Code   RO          434    .ARM.Collect$$rtexit$$00000003  c_p.l(rtexit2.o)
    0x0100017c   0x00000006   Code   RO          435    .ARM.Collect$$rtexit$$00000004  c_p.l(rtexit2.o)
    0x01000182   0x00000002   PAD
    0x01000184   0x00000000   Code   RO          443    .emb_text           c_p.l(maybetermalloc1.o)
    0x01000184   0x00000038   Code   RO           72  * .text               startup_armcm0plus.o
    0x010001bc   0x0000001c   Code   RO          125    .text               c_p.l(noretval__2printf.o)
    0x010001d8   0x0000004e   Code   RO          129    .text               c_p.l(_printf_pad.o)
    0x01000226   0x00000002   PAD
    0x01000228   0x00000058   Code   RO          134    .text               c_p.l(_printf_hex_int.o)
    0x01000280   0x00000138   Code   RO          164    .text               c_p.l(__printf_flags_wp.o)
    0x010003b8   0x0000005a   Code   RO          174    .text               c_p.l(memcmp.o)
    0x01000412   0x00000040   Code   RO          176    .text               c_p.l(rt_memclr.o)
    0x01000452   0x00000006   Code   RO          178    .text               c_p.l(heapauxi.o)
    0x01000458   0x000000b0   Code   RO          183    .text               c_p.l(_printf_intcommon.o)
    0x01000508   0x00000028   Code   RO          185    .text               c_p.l(_printf_char_file.o)
    0x01000530   0x00000030   Code   RO          209    .text               c_p.l(_printf_char_common.o)
    0x01000560   0x00000008   Code   RO          211    .text               c_p.l(ferror.o)
    0x01000568   0x0000013c   Code   RO          213    .text               c_p.l(initio.o)
    0x010006a4   0x00000066   Code   RO          219    .text               c_p.l(sys_io.o)
    0x0100070a   0x0000003e   Code   RO          226    .text               c_p.l(sys_stackheap_outer.o)
    0x01000748   0x0000004c   Code   RO          231    .text               c_p.l(h1_free.o)
    0x01000794   0x0000004c   Code   RO          287    .text               c_p.l(setvbuf.o)
    0x010007e0   0x000000e8   Code   RO          290    .text               c_p.l(fopen.o)
    0x010008c8   0x0000004c   Code   RO          292    .text               c_p.l(fclose.o)
    0x01000914   0x0000000c   Code   RO          298    .text               c_p.l(exit.o)
    0x01000920   0x0000000c   Code   RO          300    .text               c_p.l(defsig_rtred_outer.o)
    0x0100092c   0x00000008   Code   RO          370    .text               c_p.l(libspace.o)
    0x01000934   0x00000002   Code   RO          373    .text               c_p.l(use_no_semi.o)
    0x01000936   0x00000000   Code   RO          375    .text               c_p.l(indicate_semi.o)
    0x01000936   0x00000002   PAD
    0x01000938   0x00000008   Code   RO          384    .text               c_p.l(rt_heap_descriptor_intlibspace.o)
    0x01000940   0x00000004   Code   RO          386    .text               c_p.l(hguard.o)
    0x01000944   0x00000088   Code   RO          388    .text               c_p.l(init_alloc.o)
    0x010009cc   0x00000062   Code   RO          394    .text               c_p.l(h1_alloc.o)
    0x01000a2e   0x00000002   PAD
    0x01000a30   0x000000f4   Code   RO          408    .text               c_p.l(fseek.o)
    0x01000b24   0x000000f0   Code   RO          410    .text               c_p.l(stdio.o)
    0x01000c14   0x0000000c   Code   RO          412    .text               c_p.l(defsig_exit.o)
    0x01000c20   0x00000034   Code   RO          414    .text               c_p.l(defsig_rtred_inner.o)
    0x01000c54   0x00000044   Code   RO          416    .text               c_p.l(strlen.o)
    0x01000c98   0x0000000c   Code   RO          430    .text               c_p.l(sys_exit.o)
    0x01000ca4   0x0000000e   Code   RO          445    .text               c_p.l(h1_init.o)
    0x01000cb2   0x00000034   Code   RO          447    .text               c_p.l(h1_extend.o)
    0x01000ce6   0x00000042   Code   RO          453    .text               c_p.l(ftell.o)
    0x01000d28   0x00000034   Code   RO          457    .text               c_p.l(defsig_general.o)
    0x01000d5c   0x0000000c   Code   RO          459    .text               c_p.l(defsig_rtmem_outer.o)
    0x01000d68   0x0000000c   Code   RO          472    .text               c_p.l(sys_wrch.o)
    0x01000d74   0x00000008   Code   RO          481    .text               c_p.l(rt_errno_addr_intlibspace.o)
    0x01000d7c   0x00000050   Code   RO          487    .text               c_p.l(defsig_rtmem_inner.o)
    0x01000dcc   0x00000010   Code   RO           80    i.SystemInit        system_armcm0plus.o
    0x01000ddc   0x0000000e   Code   RO          162    i._is_digit         c_p.l(__printf_wp.o)
    0x01000dea   0x00000002   PAD
    0x01000dec   0x00000024   Code   RO            1    i.fputc             main.o
    0x01000e10   0x00000050   Code   RO            2    i.main              main.o
    0x01000e60   0x00000090   Code   RO            3    i.pointer_attack    main.o
    0x01000ef0   0x00000048   Code   RO            4    i.silly_tests       main.o
    0x01000f38   0x00000012   Code   RO            5    i.testAccessLowBoundary  main.o
    0x01000f4a   0x00000002   PAD
    0x01000f4c   0x00000094   Code   RO            6    i.testAes           main.o
    0x01000fe0   0x0000000c   Code   RO            7    i.testReadAccess    main.o
    0x01000fec   0x00000028   Data   RO          135    .constdata          c_p.l(_printf_hex_int.o)
    0x01001014   0x00000011   Data   RO          165    .constdata          c_p.l(__printf_flags_wp.o)
    0x01001025   0x00000004   Data   RO          220    .constdata          c_p.l(sys_io.o)
    0x01001029   0x00000004   Data   RO          221    .constdata          c_p.l(sys_io.o)
    0x0100102d   0x00000004   Data   RO          222    .constdata          c_p.l(sys_io.o)
    0x01001031   0x00000003   PAD
    0x01001034   0x00000046   Data   RO            9    .conststring        main.o
    0x0100107a   0x00000002   PAD
    0x0100107c   0x00000020   Data   RO          516    Region$$Table       anon$$obj.o


    Execution Region ER_RW (Base: 0x21000000, Size: 0x00000018, Max: 0xffffffff, ABSOLUTE)

    Base Addr    Size         Type   Attr      Idx    E Section Name        Object

    0x21000000   0x00000005   Data   RW           10    .data               main.o
    0x21000005   0x00000003   PAD
    0x21000008   0x00000004   Data   RW           81    .data               system_armcm0plus.o
    0x2100000c   0x00000004   Data   RW          191    .data               c_p.l(stdio_streams.o)
    0x21000010   0x00000004   Data   RW          192    .data               c_p.l(stdio_streams.o)
    0x21000014   0x00000004   Data   RW          193    .data               c_p.l(stdio_streams.o)


    Execution Region ER_ZI (Base: 0x21000018, Size: 0x00001560, Max: 0xffffffff, ABSOLUTE)

    Base Addr    Size         Type   Attr      Idx    E Section Name        Object

    0x21000018   0x00000400   Zero   RW            8    .bss                main.o
    0x21000418   0x00000054   Zero   RW          188    .bss                c_p.l(stdio_streams.o)
    0x2100046c   0x00000054   Zero   RW          189    .bss                c_p.l(stdio_streams.o)
    0x210004c0   0x00000054   Zero   RW          190    .bss                c_p.l(stdio_streams.o)
    0x21000514   0x00000060   Zero   RW          371    .bss                c_p.l(libspace.o)
    0x21000574   0x00000004   PAD
    0x21000578   0x00000c00   Zero   RW           70    HEAP                startup_armcm0plus.o
    0x21001178   0x00000400   Zero   RW           69    STACK               startup_armcm0plus.o


==============================================================================

Image component sizes


      Code (inc. data)   RO Data    RW Data    ZI Data      Debug   Object Name

       510        160         70          5       1024      10241   main.o
        56         26        192          0       4096        740   startup_armcm0plus.o
        16          8          0          4          0        727   system_armcm0plus.o

    ----------------------------------------------------------------------
       584        194        296         12       5120      11708   Object Totals
         0          0         32          0          0          0   (incl. Generated)
         2          0          2          3          0          0   (incl. Padding)

    ----------------------------------------------------------------------

      Code (inc. data)   RO Data    RW Data    ZI Data      Debug   Library Member Name

         8          0          0          0          0         68   __main.o
       312          6         17          0          0         76   __printf_flags_wp.o
        14          0          0          0          0         60   __printf_wp.o
         0          0          0          0          0          0   __rtentry.o
        12          0          0          0          0          0   __rtentry2.o
         6          0          0          0          0          0   __rtentry4.o
        60          8          0          0          0          0   __scatter.o
        26          0          0          0          0          0   __scatter_copy.o
        28          0          0          0          0          0   __scatter_zi.o
        48          6          0          0          0         88   _printf_char_common.o
        40          6          0          0          0         72   _printf_char_file.o
        88          4         40          0          0         72   _printf_hex_int.o
       176          0          0          0          0         84   _printf_intcommon.o
        78          0          0          0          0        100   _printf_pad.o
         2          0          0          0          0          0   _printf_percent.o
         4          0          0          0          0          0   _printf_percent_end.o
        10          0          0          0          0          0   _printf_x.o
        12          0          0          0          0         68   defsig_exit.o
        52          0          0          0          0         72   defsig_general.o
        80         58          0          0          0         68   defsig_rtmem_inner.o
        12          0          0          0          0         68   defsig_rtmem_outer.o
        52         38          0          0          0         68   defsig_rtred_inner.o
        12          0          0          0          0         68   defsig_rtred_outer.o
        12          0          0          0          0         64   exit.o
        76          4          0          0          0         76   fclose.o
         8          0          0          0          0         60   ferror.o
       232          8          0          0          0        108   fopen.o
       244          4          0          0          0         76   fseek.o
        66          0          0          0          0         68   ftell.o
        98          0          0          0          0         72   h1_alloc.o
        52          0          0          0          0         68   h1_extend.o
        76          0          0          0          0         72   h1_free.o
        14          0          0          0          0         76   h1_init.o
         6          0          0          0          0        136   heapauxi.o
         4          0          0          0          0        120   hguard.o
         0          0          0          0          0          0   indicate_semi.o
       136          0          0          0          0        160   init_alloc.o
       316         44          0          0          0         96   initio.o
         2          0          0          0          0          0   libinit.o
        14          0          0          0          0          0   libinit2.o
         2          0          0          0          0          0   libshutdown.o
         6          0          0          0          0          0   libshutdown2.o
         8          4          0          0         96         68   libspace.o
         0          0          0          0          0          0   maybetermalloc1.o
        90          0          0          0          0         68   memcmp.o
        28          6          0          0          0         84   noretval__2printf.o
         8          4          0          0          0         68   rt_errno_addr_intlibspace.o
         8          4          0          0          0         68   rt_heap_descriptor_intlibspace.o
        64          0          0          0          0        108   rt_memclr.o
         2          0          0          0          0          0   rtexit.o
        10          0          0          0          0          0   rtexit2.o
        76          4          0          0          0         72   setvbuf.o
       240          8          0          0          0        144   stdio.o
         0          0          0         12        252          0   stdio_streams.o
        68          6          0          0          0         72   strlen.o
        12          4          0          0          0         60   sys_exit.o
       102          0         12          0          0        232   sys_io.o
        62          0          0          0          0         80   sys_stackheap_outer.o
        12          0          0          0          0         68   sys_wrch.o
         2          0          0          0          0         68   use_no_semi.o

    ----------------------------------------------------------------------
      3300        226         72         12        352       3544   Library Totals
        12          0          3          0          4          0   (incl. Padding)

    ----------------------------------------------------------------------

      Code (inc. data)   RO Data    RW Data    ZI Data      Debug   Library Name

      3288        226         69         12        348       3544   c_p.l

    ----------------------------------------------------------------------
      3300        226         72         12        352       3544   Library Totals

    ----------------------------------------------------------------------

==============================================================================


      Code (inc. data)   RO Data    RW Data    ZI Data      Debug   

      3884        420        368         24       5472      13296   Grand Totals
      3884        420        368         24       5472      13296   ELF Image Totals
      3884        420        368         24          0          0   ROM Totals

==============================================================================

    Total RO  Size (Code + RO Data)                 4252 (   4.15kB)
    Total RW  Size (RW Data + ZI Data)              5496 (   5.37kB)
    Total ROM Size (Code + RO Data + RW Data)       4276 (   4.18kB)

==============================================================================

