Component: ARM Compiler 5.05 update 2 (build 169) Tool: armlink [4d0f33]

==============================================================================

Section Cross References

    main.o(i.fputc) refers to main.o(.data) for fputc_index
    main.o(i.fputc) refers to main.o(.bss) for fputc_output_buf
    main.o(i.main) refers to rt_memclr.o(.text) for __aeabi_memclr
    main.o(i.main) refers to noretval__2printf.o(.text) for __2printf
    main.o(i.main) refers to main.o(i.testAes) for testAes
    main.o(i.main) refers to main.o(i.testReadAccess) for testReadAccess
    main.o(i.main) refers to main.o(i.testAccessLowBoundary) for testAccessLowBoundary
    main.o(i.main) refers to main.o(.bss) for fputc_output_buf
    main.o(i.testAccessLowBoundary) refers to main.o(i.testReadAccess) for testReadAccess
    main.o(i.testReadAccess) refers to main.o(.data) for temp
    startup_armcm0plus.o(STACK) refers (Special) to heapauxi.o(.text) for __use_two_region_memory
    startup_armcm0plus.o(HEAP) refers (Special) to heapauxi.o(.text) for __use_two_region_memory
    startup_armcm0plus.o(RESET) refers (Special) to heapauxi.o(.text) for __use_two_region_memory
    startup_armcm0plus.o(RESET) refers to startup_armcm0plus.o(STACK) for __initial_sp
    startup_armcm0plus.o(RESET) refers to startup_armcm0plus.o(.text) for Reset_Handler
    startup_armcm0plus.o(.text) refers (Special) to heapauxi.o(.text) for __use_two_region_memory
    startup_armcm0plus.o(.text) refers to system_armcm0plus.o(i.SystemInit) for SystemInit
    startup_armcm0plus.o(.text) refers to __main.o(!!!main) for __main
    startup_armcm0plus.o(.text) refers to startup_armcm0plus.o(HEAP) for Heap_Mem
    startup_armcm0plus.o(.text) refers to startup_armcm0plus.o(STACK) for Stack_Mem
    system_armcm0plus.o(i.SystemCoreClockUpdate) refers to system_armcm0plus.o(.data) for SystemCoreClock
    system_armcm0plus.o(i.SystemInit) refers to system_armcm0plus.o(.data) for SystemCoreClock
    __2printf.o(.text) refers to _printf_char_file.o(.text) for _printf_char_file
    __2printf.o(.text) refers to stdio_streams.o(.bss) for __stdout
    noretval__2printf.o(.text) refers to _printf_char_file.o(.text) for _printf_char_file
    noretval__2printf.o(.text) refers to stdio_streams.o(.bss) for __stdout
    __main.o(!!!main) refers to __rtentry.o(.ARM.Collect$$rtentry$$00000000) for __rt_entry
    __rtentry.o(.ARM.Collect$$rtentry$$00000000) refers (Special) to __rtentry2.o(.ARM.Collect$$rtentry$$0000000A) for __rt_entry_li
    __rtentry.o(.ARM.Collect$$rtentry$$00000000) refers (Special) to __rtentry2.o(.ARM.Collect$$rtentry$$0000000D) for __rt_entry_main
    __rtentry.o(.ARM.Collect$$rtentry$$00000000) refers (Special) to __rtentry2.o(.ARM.Collect$$rtentry$$0000000C) for __rt_entry_postli_1
    __rtentry.o(.ARM.Collect$$rtentry$$00000000) refers (Special) to __rtentry2.o(.ARM.Collect$$rtentry$$00000009) for __rt_entry_postsh_1
    __rtentry.o(.ARM.Collect$$rtentry$$00000000) refers (Special) to __rtentry2.o(.ARM.Collect$$rtentry$$00000002) for __rt_entry_presh_1
    __rtentry.o(.ARM.Collect$$rtentry$$00000000) refers (Special) to __rtentry4.o(.ARM.Collect$$rtentry$$00000004) for __rt_entry_sh
    _printf_char_file.o(.text) refers to _printf_char_common.o(.text) for _printf_char_common
    _printf_char_file.o(.text) refers to ferror.o(.text) for ferror
    _printf_char_file.o(.text) refers to main.o(i.fputc) for fputc
    stdio_streams.o(.bss) refers (Special) to initio.o(.text) for _initio
    stdio_streams.o(.bss) refers (Special) to initio.o(.text) for _initio
    stdio_streams.o(.bss) refers (Special) to initio.o(.text) for _initio
    stdio_streams.o(.data) refers (Special) to initio.o(.text) for _initio
    stdio_streams.o(.data) refers (Special) to initio.o(.text) for _initio
    stdio_streams.o(.data) refers (Special) to initio.o(.text) for _initio
    __rtentry2.o(.ARM.Collect$$rtentry$$00000008) refers to boardinit2.o(.text) for _platform_post_stackheap_init
    __rtentry2.o(.ARM.Collect$$rtentry$$0000000A) refers to libinit.o(.ARM.Collect$$libinit$$00000000) for __rt_lib_init
    __rtentry2.o(.ARM.Collect$$rtentry$$0000000B) refers to boardinit3.o(.text) for _platform_post_lib_init
    __rtentry2.o(.ARM.Collect$$rtentry$$0000000D) refers to main.o(i.main) for main
    __rtentry2.o(.ARM.Collect$$rtentry$$0000000D) refers to exit.o(.text) for exit
    __rtentry2.o(.ARM.exidx) refers to __rtentry2.o(.ARM.Collect$$rtentry$$00000001) for .ARM.Collect$$rtentry$$00000001
    __rtentry2.o(.ARM.exidx) refers to __rtentry2.o(.ARM.Collect$$rtentry$$00000008) for .ARM.Collect$$rtentry$$00000008
    __rtentry2.o(.ARM.exidx) refers to __rtentry2.o(.ARM.Collect$$rtentry$$0000000A) for .ARM.Collect$$rtentry$$0000000A
    __rtentry2.o(.ARM.exidx) refers to __rtentry2.o(.ARM.Collect$$rtentry$$0000000B) for .ARM.Collect$$rtentry$$0000000B
    __rtentry2.o(.ARM.exidx) refers to __rtentry2.o(.ARM.Collect$$rtentry$$0000000D) for .ARM.Collect$$rtentry$$0000000D
    __rtentry4.o(.ARM.Collect$$rtentry$$00000004) refers to sys_stackheap_outer.o(.text) for __user_setup_stackheap
    __rtentry4.o(.ARM.exidx) refers to __rtentry4.o(.ARM.Collect$$rtentry$$00000004) for .ARM.Collect$$rtentry$$00000004
    _printf_char_common.o(.text) refers to __printf_nopercent.o(.text) for __printf
    initio.o(.text) refers (Special) to libinit2.o(.ARM.Collect$$libinit$$00000024) for __rt_lib_init_stdio_2
    initio.o(.text) refers (Special) to libshutdown2.o(.ARM.Collect$$libshutdown$$00000002) for __rt_lib_shutdown_stdio_2
    initio.o(.text) refers to rt_memclr.o(.text) for __aeabi_memclr4
    initio.o(.text) refers to fopen.o(.text) for freopen
    initio.o(.text) refers to defsig_rtred_outer.o(.text) for __rt_SIGRTRED
    initio.o(.text) refers to setvbuf.o(.text) for setvbuf
    initio.o(.text) refers to fclose.o(.text) for _fclose_internal
    initio.o(.text) refers to h1_free.o(.text) for free
    initio.o(.text) refers to stdio_streams.o(.bss) for __stdin
    initio.o(.text) refers to stdio_streams.o(.bss) for __stdout
    initio.o(.text) refers to stdio_streams.o(.bss) for __stderr
    initio.o(.text) refers to stdio_streams.o(.data) for __aeabi_stdin
    initio.o(.text) refers to stdio_streams.o(.data) for __aeabi_stdout
    initio.o(.text) refers to stdio_streams.o(.data) for __aeabi_stderr
    initio.o(.text) refers to sys_io.o(.constdata) for __stdin_name
    initio.o(.text) refers to sys_io.o(.constdata) for __stdout_name
    initio.o(.text) refers to sys_io.o(.constdata) for __stderr_name
    initio_locked.o(.text) refers (Special) to libinit2.o(.ARM.Collect$$libinit$$00000024) for __rt_lib_init_stdio_2
    initio_locked.o(.text) refers (Special) to libshutdown2.o(.ARM.Collect$$libshutdown$$00000002) for __rt_lib_shutdown_stdio_2
    initio_locked.o(.text) refers to rt_memclr.o(.text) for __aeabi_memclr4
    initio_locked.o(.text) refers to fopen.o(.text) for freopen
    initio_locked.o(.text) refers to defsig_rtred_outer.o(.text) for __rt_SIGRTRED
    initio_locked.o(.text) refers to setvbuf.o(.text) for setvbuf
    initio_locked.o(.text) refers to fclose.o(.text) for _fclose_internal
    initio_locked.o(.text) refers to h1_free.o(.text) for free
    initio_locked.o(.text) refers to stdio_streams.o(.bss) for __stdin
    initio_locked.o(.text) refers to stdio_streams.o(.bss) for __stdout
    initio_locked.o(.text) refers to stdio_streams.o(.bss) for __stderr
    initio_locked.o(.text) refers to stdio_streams.o(.data) for __aeabi_stdin
    initio_locked.o(.text) refers to stdio_streams.o(.data) for __aeabi_stdout
    initio_locked.o(.text) refers to stdio_streams.o(.data) for __aeabi_stderr
    initio_locked.o(.text) refers to streamlock.o(.data) for _stream_list_lock
    initio_locked.o(.text) refers to sys_io.o(.constdata) for __stdin_name
    initio_locked.o(.text) refers to sys_io.o(.constdata) for __stdout_name
    initio_locked.o(.text) refers to sys_io.o(.constdata) for __stderr_name
    sys_io.o(.text) refers (Special) to use_no_semi.o(.text) for __I$use$semihosting
    sys_io.o(.text) refers (Special) to indicate_semi.o(.text) for __semihosting_library_function
    sys_io.o(.text) refers to strlen.o(.text) for strlen
    sys_io.o(.constdata) refers (Special) to use_no_semi.o(.text) for __I$use$semihosting
    sys_io.o(.constdata) refers (Special) to indicate_semi.o(.text) for __semihosting_library_function
    sys_io.o(.constdata) refers (Special) to use_no_semi.o(.text) for __I$use$semihosting
    sys_io.o(.constdata) refers (Special) to indicate_semi.o(.text) for __semihosting_library_function
    sys_io.o(.constdata) refers (Special) to use_no_semi.o(.text) for __I$use$semihosting
    sys_io.o(.constdata) refers (Special) to indicate_semi.o(.text) for __semihosting_library_function
    sys_stackheap_outer.o(.text) refers to libspace.o(.text) for __user_perproc_libspace
    sys_stackheap_outer.o(.text) refers to startup_armcm0plus.o(.text) for __user_initial_stackheap
    sys_stackheap_outer.o(__vectab_stack_and_reset_area) refers to tempstk.o(.text) for __temporary_stack_top
    sys_stackheap_outer.o(__vectab_stack_and_reset_area) refers to __main.o(!!!main) for __main
    free.o(.text) refers (Special) to hguard.o(.text) for __heap$guard
    free.o(.text) refers to rt_heap_descriptor_intlibspace.o(.text) for __rt_heap_descriptor
    h1_free.o(.text) refers to rt_heap_descriptor_intlibspace.o(.text) for __rt_heap_descriptor
    h1_free_mt.o(.text) refers to rt_heap_descriptor_intlibspace.o(.text) for __rt_heap_descriptor
    heap2.o(i._FDIterate) refers to heap2.o(.conststring) for .conststring
    heap2.o(i.___Heap_ProvideMemory$realtime) refers to fdtree.o(i._FDTree_Delete) for _FDTree_Delete
    heap2.o(i.___Heap_ProvideMemory$realtime) refers to fdtree.o(i._FDTree_Insert) for _FDTree_Insert
    heap2.o(i.___Heap_Stats$realtime) refers to heap2.o(i._Heap2_StatsIterate) for _Heap2_StatsIterate
    heap2.o(i.___Heap_Stats$realtime) refers to aeabi_sdiv.o(.text) for __aeabi_uidivmod
    heap2.o(i.___Heap_Valid$realtime) refers to heap2.o(i._FDIterate) for _FDIterate
    heap2.o(i.___Heap_Valid$realtime) refers to heap2.o(.conststring) for .conststring
    heap2.o(i._free$realtime) refers to rt_heap_descriptor_intlibspace.o(.text) for __rt_heap_descriptor
    heap2.o(i._free$realtime) refers to fdtree.o(i._FDTree_Delete) for _FDTree_Delete
    heap2.o(i._free$realtime) refers to fdtree.o(i._FDTree_Insert) for _FDTree_Insert
    heap2.o(i._malloc$realtime) refers to rt_heap_descriptor_intlibspace.o(.text) for __rt_heap_descriptor
    heap2.o(i._malloc$realtime) refers to fdtree.o(i._FDTree_FindFirst) for _FDTree_FindFirst
    heap2.o(i._malloc$realtime) refers to init_alloc.o(.text) for __Heap_Full
    heap2.o(i._malloc$realtime) refers to fdtree.o(i._FDTree_RemoveNode) for _FDTree_RemoveNode
    heap2.o(i._malloc$realtime) refers to fdtree.o(i._FDTree_Insert) for _FDTree_Insert
    heap2.o(i._posix_memalign$realtime) refers to rt_heap_descriptor_intlibspace.o(.text) for __rt_heap_descriptor
    heap2.o(i._posix_memalign$realtime) refers to fdtree.o(i._FDTree_FindFirst) for _FDTree_FindFirst
    heap2.o(i._posix_memalign$realtime) refers to init_alloc.o(.text) for __Heap_Full
    heap2.o(i._posix_memalign$realtime) refers to fdtree.o(i._FDTree_RemoveNode) for _FDTree_RemoveNode
    heap2.o(i._posix_memalign$realtime) refers to fdtree.o(i._FDTree_Insert) for _FDTree_Insert
    heap2.o(i._realloc$realtime) refers to rt_heap_descriptor_intlibspace.o(.text) for __rt_heap_descriptor
    heap2.o(i._realloc$realtime) refers to h1_free.o(.text) for free
    heap2.o(i._realloc$realtime) refers to h1_alloc.o(.text) for malloc
    heap2.o(i._realloc$realtime) refers to fdtree.o(i._FDTree_Delete) for _FDTree_Delete
    heap2.o(i._realloc$realtime) refers to fdtree.o(i._FDTree_Insert) for _FDTree_Insert
    heap2.o(i._realloc$realtime) refers to rt_memcpy.o(.emb_text) for __aeabi_memcpy4
    heap2mt.o(i._FDIterate) refers to heap2mt.o(.conststring) for .conststring
    heap2mt.o(i.___Heap_ProvideMemory$realtime$concurrent) refers to fdtree.o(i._FDTree_Delete) for _FDTree_Delete
    heap2mt.o(i.___Heap_ProvideMemory$realtime$concurrent) refers to fdtree.o(i._FDTree_Insert) for _FDTree_Insert
    heap2mt.o(i.___Heap_Stats$realtime$concurrent) refers to heap2mt.o(i._Heap2_StatsIterate) for _Heap2_StatsIterate
    heap2mt.o(i.___Heap_Stats$realtime$concurrent) refers to aeabi_sdiv.o(.text) for __aeabi_uidivmod
    heap2mt.o(i.___Heap_Valid$realtime$concurrent) refers to heap2mt.o(i._FDIterate) for _FDIterate
    heap2mt.o(i.___Heap_Valid$realtime$concurrent) refers to heap2mt.o(.conststring) for .conststring
    heap2mt.o(i._free$realtime$concurrent) refers to rt_heap_descriptor_intlibspace.o(.text) for __rt_heap_descriptor
    heap2mt.o(i._free$realtime$concurrent) refers to fdtree.o(i._FDTree_Delete) for _FDTree_Delete
    heap2mt.o(i._free$realtime$concurrent) refers to fdtree.o(i._FDTree_Insert) for _FDTree_Insert
    heap2mt.o(i._malloc$realtime$concurrent) refers to rt_heap_descriptor_intlibspace.o(.text) for __rt_heap_descriptor
    heap2mt.o(i._malloc$realtime$concurrent) refers to fdtree.o(i._FDTree_FindFirst) for _FDTree_FindFirst
    heap2mt.o(i._malloc$realtime$concurrent) refers to init_alloc.o(.text) for __Heap_Full
    heap2mt.o(i._malloc$realtime$concurrent) refers to fdtree.o(i._FDTree_RemoveNode) for _FDTree_RemoveNode
    heap2mt.o(i._malloc$realtime$concurrent) refers to fdtree.o(i._FDTree_Insert) for _FDTree_Insert
    heap2mt.o(i._posix_memalign$realtime$concurrent) refers to rt_heap_descriptor_intlibspace.o(.text) for __rt_heap_descriptor
    heap2mt.o(i._posix_memalign$realtime$concurrent) refers to fdtree.o(i._FDTree_FindFirst) for _FDTree_FindFirst
    heap2mt.o(i._posix_memalign$realtime$concurrent) refers to init_alloc.o(.text) for __Heap_Full
    heap2mt.o(i._posix_memalign$realtime$concurrent) refers to fdtree.o(i._FDTree_RemoveNode) for _FDTree_RemoveNode
    heap2mt.o(i._posix_memalign$realtime$concurrent) refers to fdtree.o(i._FDTree_Insert) for _FDTree_Insert
    heap2mt.o(i._realloc$realtime$concurrent) refers to rt_heap_descriptor_intlibspace.o(.text) for __rt_heap_descriptor
    heap2mt.o(i._realloc$realtime$concurrent) refers to h1_free.o(.text) for free
    heap2mt.o(i._realloc$realtime$concurrent) refers to h1_alloc.o(.text) for malloc
    heap2mt.o(i._realloc$realtime$concurrent) refers to fdtree.o(i._FDTree_Delete) for _FDTree_Delete
    heap2mt.o(i._realloc$realtime$concurrent) refers to fdtree.o(i._FDTree_Insert) for _FDTree_Insert
    heap2mt.o(i._realloc$realtime$concurrent) refers to rt_memcpy.o(.emb_text) for __aeabi_memcpy4
    streamlock.o(.data) refers (Special) to initio.o(.text) for _initio
    fopen.o(.text) refers to fclose.o(.text) for _fclose_internal
    fopen.o(.text) refers to sys_io.o(.text) for _sys_open
    fopen.o(.text) refers to fseek.o(.text) for _fseek
    fopen.o(.text) refers to h1_alloc.o(.text) for malloc
    fopen.o(.text) refers to rt_memclr.o(.text) for __aeabi_memclr4
    fopen.o(.text) refers to stdio_streams.o(.bss) for __stdin
    fclose.o(.text) refers to stdio.o(.text) for _fflush
    fclose.o(.text) refers to sys_io.o(.text) for _sys_close
    fclose.o(.text) refers to h1_free.o(.text) for free
    fclose.o(.text) refers to rt_memclr.o(.text) for __aeabi_memclr4
    fopen_locked.o(.text) refers to fclose.o(.text) for _fclose_internal
    fopen_locked.o(.text) refers to sys_io.o(.text) for _sys_open
    fopen_locked.o(.text) refers to fseek.o(.text) for _fseek
    fopen_locked.o(.text) refers to h1_alloc.o(.text) for malloc
    fopen_locked.o(.text) refers to rt_memclr.o(.text) for __aeabi_memclr4
    fopen_locked.o(.text) refers to streamlock.o(.data) for _stream_list_lock
    fopen_locked.o(.text) refers to stdio_streams.o(.bss) for __stdin
    exit.o(.text) refers to rtexit.o(.ARM.Collect$$rtexit$$00000000) for __rt_exit
    defsig_rtred_outer.o(.text) refers to defsig_rtred_inner.o(.text) for __rt_SIGRTRED_inner
    defsig_rtred_outer.o(.text) refers to defsig_exit.o(.text) for __sig_exit
    defsig_rtred_formal.o(.text) refers to rt_raise.o(.text) for __rt_raise
    libinit.o(.ARM.Collect$$libinit$$00000000) refers (Special) to libinit2.o(.ARM.Collect$$libinit$$0000002E) for __rt_lib_init_alloca_1
    libinit.o(.ARM.Collect$$libinit$$00000000) refers (Special) to libinit2.o(.ARM.Collect$$libinit$$0000002C) for __rt_lib_init_argv_1
    libinit.o(.ARM.Collect$$libinit$$00000000) refers (Special) to libinit2.o(.ARM.Collect$$libinit$$0000001B) for __rt_lib_init_atexit_1
    libinit.o(.ARM.Collect$$libinit$$00000000) refers (Special) to libinit2.o(.ARM.Collect$$libinit$$00000021) for __rt_lib_init_clock_1
    libinit.o(.ARM.Collect$$libinit$$00000000) refers (Special) to libinit2.o(.ARM.Collect$$libinit$$00000032) for __rt_lib_init_cpp_1
    libinit.o(.ARM.Collect$$libinit$$00000000) refers (Special) to libinit2.o(.ARM.Collect$$libinit$$00000030) for __rt_lib_init_exceptions_1
    libinit.o(.ARM.Collect$$libinit$$00000000) refers (Special) to libinit2.o(.ARM.Collect$$libinit$$00000002) for __rt_lib_init_fp_1
    libinit.o(.ARM.Collect$$libinit$$00000000) refers (Special) to libinit2.o(.ARM.Collect$$libinit$$0000001F) for __rt_lib_init_fp_trap_1
    libinit.o(.ARM.Collect$$libinit$$00000000) refers (Special) to libinit2.o(.ARM.Collect$$libinit$$00000023) for __rt_lib_init_getenv_1
    libinit.o(.ARM.Collect$$libinit$$00000000) refers (Special) to libinit2.o(.ARM.Collect$$libinit$$0000000A) for __rt_lib_init_heap_1
    libinit.o(.ARM.Collect$$libinit$$00000000) refers (Special) to libinit2.o(.ARM.Collect$$libinit$$00000011) for __rt_lib_init_lc_collate_1
    libinit.o(.ARM.Collect$$libinit$$00000000) refers (Special) to libinit2.o(.ARM.Collect$$libinit$$00000013) for __rt_lib_init_lc_ctype_1
    libinit.o(.ARM.Collect$$libinit$$00000000) refers (Special) to libinit2.o(.ARM.Collect$$libinit$$00000015) for __rt_lib_init_lc_monetary_1
    libinit.o(.ARM.Collect$$libinit$$00000000) refers (Special) to libinit2.o(.ARM.Collect$$libinit$$00000017) for __rt_lib_init_lc_numeric_1
    libinit.o(.ARM.Collect$$libinit$$00000000) refers (Special) to libinit2.o(.ARM.Collect$$libinit$$00000019) for __rt_lib_init_lc_time_1
    libinit.o(.ARM.Collect$$libinit$$00000000) refers (Special) to libinit2.o(.ARM.Collect$$libinit$$00000004) for __rt_lib_init_preinit_1
    libinit.o(.ARM.Collect$$libinit$$00000000) refers (Special) to libinit2.o(.ARM.Collect$$libinit$$0000000E) for __rt_lib_init_rand_1
    libinit.o(.ARM.Collect$$libinit$$00000000) refers (Special) to libinit2.o(.ARM.Collect$$libinit$$00000033) for __rt_lib_init_return
    libinit.o(.ARM.Collect$$libinit$$00000000) refers (Special) to libinit2.o(.ARM.Collect$$libinit$$0000001D) for __rt_lib_init_signal_1
    libinit.o(.ARM.Collect$$libinit$$00000000) refers (Special) to libinit2.o(.ARM.Collect$$libinit$$00000025) for __rt_lib_init_stdio_1
    libinit.o(.ARM.Collect$$libinit$$00000000) refers (Special) to libinit2.o(.ARM.Collect$$libinit$$0000000C) for __rt_lib_init_user_alloc_1
    libinit2.o(.ARM.Collect$$libinit$$00000005) refers (Weak) to init_alloc.o(.text) for _init_alloc
    libinit2.o(.ARM.Collect$$libinit$$00000010) refers to libinit2.o(.ARM.Collect$$libinit$$0000000F) for .ARM.Collect$$libinit$$0000000F
    libinit2.o(.ARM.Collect$$libinit$$00000012) refers to libinit2.o(.ARM.Collect$$libinit$$0000000F) for .ARM.Collect$$libinit$$0000000F
    libinit2.o(.ARM.Collect$$libinit$$00000014) refers to libinit2.o(.ARM.Collect$$libinit$$0000000F) for .ARM.Collect$$libinit$$0000000F
    libinit2.o(.ARM.Collect$$libinit$$00000016) refers to libinit2.o(.ARM.Collect$$libinit$$0000000F) for .ARM.Collect$$libinit$$0000000F
    libinit2.o(.ARM.Collect$$libinit$$00000018) refers to libinit2.o(.ARM.Collect$$libinit$$0000000F) for .ARM.Collect$$libinit$$0000000F
    libinit2.o(.ARM.Collect$$libinit$$00000024) refers (Weak) to initio.o(.text) for _initio
    libinit2.o(.ARM.Collect$$libinit$$00000026) refers to argv_veneer.o(.text) for __ARM_argv_veneer
    libinit2.o(.ARM.Collect$$libinit$$00000027) refers to argv_veneer.o(.text) for __ARM_argv_veneer
    libshutdown2.o(.ARM.Collect$$libshutdown$$00000002) refers (Weak) to initio.o(.text) for _terminateio
    libshutdown2.o(.ARM.Collect$$libshutdown$$0000000C) refers (Weak) to term_alloc.o(.text) for _terminate_alloc
    libspace.o(.text) refers to libspace.o(.bss) for __libspace_start
    rtexit.o(.ARM.Collect$$rtexit$$00000000) refers (Special) to rtexit2.o(.ARM.Collect$$rtexit$$00000004) for __rt_exit_exit
    rtexit.o(.ARM.Collect$$rtexit$$00000000) refers (Special) to rtexit2.o(.ARM.Collect$$rtexit$$00000003) for __rt_exit_ls
    rtexit.o(.ARM.Collect$$rtexit$$00000000) refers (Special) to rtexit2.o(.ARM.Collect$$rtexit$$00000002) for __rt_exit_prels_1
    rtexit.o(.ARM.exidx) refers (Special) to rtexit2.o(.ARM.Collect$$rtexit$$00000004) for __rt_exit_exit
    rtexit.o(.ARM.exidx) refers (Special) to rtexit2.o(.ARM.Collect$$rtexit$$00000003) for __rt_exit_ls
    rtexit.o(.ARM.exidx) refers (Special) to rtexit2.o(.ARM.Collect$$rtexit$$00000002) for __rt_exit_prels_1
    rtexit.o(.ARM.exidx) refers to rtexit.o(.ARM.Collect$$rtexit$$00000000) for .ARM.Collect$$rtexit$$00000000
    rt_raise.o(.text) refers to __raise.o(.text) for __raise
    rt_raise.o(.text) refers to sys_exit.o(.text) for _sys_exit
    rt_heap_descriptor.o(.text) refers to rt_heap_descriptor.o(.bss) for __rt_heap_descriptor_data
    rt_heap_descriptor_intlibspace.o(.text) refers to libspace.o(.bss) for __libspace_start
    init_alloc.o(.text) refers (Special) to hguard.o(.text) for __heap$guard
    init_alloc.o(.text) refers (Special) to libinit2.o(.ARM.Collect$$libinit$$00000005) for __rt_lib_init_heap_2
    init_alloc.o(.text) refers (Special) to maybetermalloc1.o(.emb_text) for _maybe_terminate_alloc
    init_alloc.o(.text) refers to h1_extend.o(.text) for __Heap_ProvideMemory
    init_alloc.o(.text) refers to defsig_rtmem_outer.o(.text) for __rt_SIGRTMEM
    init_alloc.o(.text) refers to rt_heap_descriptor_intlibspace.o(.text) for __rt_heap_descriptor
    init_alloc.o(.text) refers to h1_init.o(.text) for __Heap_Initialize
    malloc.o(.text) refers (Special) to hguard.o(.text) for __heap$guard
    malloc.o(.text) refers (Special) to init_alloc.o(.text) for _init_alloc
    malloc.o(.text) refers to rt_heap_descriptor_intlibspace.o(.text) for __rt_heap_descriptor
    h1_alloc.o(.text) refers (Special) to h1_init.o(.text) for __Heap_Initialize
    h1_alloc.o(.text) refers to rt_heap_descriptor_intlibspace.o(.text) for __rt_heap_descriptor
    h1_alloc.o(.text) refers to init_alloc.o(.text) for __Heap_Full
    h1_alloc_mt.o(.text) refers (Special) to h1_init.o(.text) for __Heap_Initialize
    h1_alloc_mt.o(.text) refers to init_alloc.o(.text) for __Heap_Full
    h1_alloc_mt.o(.text) refers to rt_heap_descriptor_intlibspace.o(.text) for __rt_heap_descriptor
    fseek.o(.text) refers to sys_io.o(.text) for _sys_istty
    fseek.o(.text) refers to ftell.o(.text) for _ftell_internal
    fseek.o(.text) refers to stdio.o(.text) for _seterr
    stdio.o(.text) refers to sys_io.o(.text) for _sys_seek
    defsig_exit.o(.text) refers to sys_exit.o(.text) for _sys_exit
    defsig_rtred_inner.o(.text) refers to defsig_general.o(.text) for __default_signal_display
    rt_memcpy.o(.text) refers to rt_memcpy.o(.emb_text) for __aeabi_memcpy4
    sys_exit.o(.text) refers (Special) to use_no_semi.o(.text) for __I$use$semihosting
    sys_exit.o(.text) refers (Special) to indicate_semi.o(.text) for __semihosting_library_function
    rtexit2.o(.ARM.Collect$$rtexit$$00000003) refers to libshutdown.o(.ARM.Collect$$libshutdown$$00000000) for __rt_lib_shutdown
    rtexit2.o(.ARM.Collect$$rtexit$$00000004) refers to sys_exit.o(.text) for _sys_exit
    rtexit2.o(.ARM.exidx) refers to rtexit2.o(.ARM.Collect$$rtexit$$00000001) for .ARM.Collect$$rtexit$$00000001
    rtexit2.o(.ARM.exidx) refers to rtexit2.o(.ARM.Collect$$rtexit$$00000003) for .ARM.Collect$$rtexit$$00000003
    rtexit2.o(.ARM.exidx) refers to rtexit2.o(.ARM.Collect$$rtexit$$00000004) for .ARM.Collect$$rtexit$$00000004
    aeabi_idiv0_sigfpe.o(.text) refers to rt_div0.o(.text) for __rt_div0
    maybetermalloc2.o(.emb_text) refers (Special) to term_alloc.o(.text) for _terminate_alloc
    h1_extend.o(.text) refers to h1_free.o(.text) for free
    h1_extend_mt.o(.text) refers to h1_free_mt.o(.text) for _free_internal
    ftell.o(.text) refers to rt_errno_addr_intlibspace.o(.text) for __aeabi_errno_addr
    __raise.o(.text) refers to defsig.o(CL$$defsig) for __default_signal_handler
    defsig_general.o(.text) refers to sys_wrch.o(.text) for _ttywrch
    defsig_rtmem_outer.o(.text) refers to defsig_rtmem_inner.o(.text) for __rt_SIGRTMEM_inner
    defsig_rtmem_outer.o(.text) refers to defsig_exit.o(.text) for __sig_exit
    defsig_rtmem_formal.o(.text) refers to rt_raise.o(.text) for __rt_raise
    heapauxa.o(.text) refers to heapauxa.o(.data) for .data
    _get_argv.o(.text) refers (Special) to hrguard.o(.text) for __heap_region$guard
    _get_argv.o(.text) refers to h1_alloc.o(.text) for malloc
    _get_argv.o(.text) refers to defsig_rtmem_outer.o(.text) for __rt_SIGRTMEM
    _get_argv.o(.text) refers to sys_command.o(.text) for _sys_command_string
    _get_argv_nomalloc.o(.text) refers (Special) to hrguard.o(.text) for __heap_region$guard
    _get_argv_nomalloc.o(.text) refers to defsig_rtmem_outer.o(.text) for __rt_SIGRTMEM
    _get_argv_nomalloc.o(.text) refers to sys_command.o(.text) for _sys_command_string
    sys_wrch.o(.text) refers (Special) to use_no_semi.o(.text) for __I$use$semihosting
    sys_wrch.o(.text) refers (Special) to indicate_semi.o(.text) for __semihosting_library_function
    sys_command.o(.text) refers (Special) to use_no_semi.o(.text) for __I$use$semihosting
    sys_command.o(.text) refers (Special) to indicate_semi.o(.text) for __semihosting_library_function
    rt_div0.o(.text) refers to defsig_fpe_outer.o(.text) for __rt_SIGFPE
    rt_errno_addr.o(.text) refers to rt_errno_addr.o(.bss) for __aeabi_errno_addr_data
    rt_errno_addr_intlibspace.o(.text) refers to libspace.o(.bss) for __libspace_start
    term_alloc.o(.text) refers (Special) to libshutdown2.o(.ARM.Collect$$libshutdown$$0000000D) for __rt_lib_shutdown_heap_2
    term_alloc.o(.text) refers to rt_heap_descriptor_intlibspace.o(.text) for __rt_heap_descriptor
    defsig_rtmem_inner.o(.text) refers to defsig_general.o(.text) for __default_signal_display
    defsig.o(CL$$defsig) refers to defsig_fpe_inner.o(.text) for __rt_SIGFPE_inner
    defsig.o(CL$$defsig) refers to defsig_rtred_inner.o(.text) for __rt_SIGRTRED_inner
    defsig.o(CL$$defsig) refers to defsig_rtmem_inner.o(.text) for __rt_SIGRTMEM_inner
    libshutdown.o(.ARM.Collect$$libshutdown$$00000000) refers (Special) to libshutdown2.o(.ARM.Collect$$libshutdown$$00000006) for __rt_lib_shutdown_fp_trap_1
    libshutdown.o(.ARM.Collect$$libshutdown$$00000000) refers (Special) to libshutdown2.o(.ARM.Collect$$libshutdown$$0000000E) for __rt_lib_shutdown_heap_1
    libshutdown.o(.ARM.Collect$$libshutdown$$00000000) refers (Special) to libshutdown2.o(.ARM.Collect$$libshutdown$$0000000F) for __rt_lib_shutdown_return
    libshutdown.o(.ARM.Collect$$libshutdown$$00000000) refers (Special) to libshutdown2.o(.ARM.Collect$$libshutdown$$00000009) for __rt_lib_shutdown_signal_1
    libshutdown.o(.ARM.Collect$$libshutdown$$00000000) refers (Special) to libshutdown2.o(.ARM.Collect$$libshutdown$$00000003) for __rt_lib_shutdown_stdio_1
    libshutdown.o(.ARM.Collect$$libshutdown$$00000000) refers (Special) to libshutdown2.o(.ARM.Collect$$libshutdown$$0000000B) for __rt_lib_shutdown_user_alloc_1
    defsig_abrt_inner.o(.text) refers to defsig_general.o(.text) for __default_signal_display
    defsig_fpe_inner.o(.text) refers to defsig_general.o(.text) for __default_signal_display
    defsig_fpe_outer.o(.text) refers to defsig_fpe_inner.o(.text) for __rt_SIGFPE_inner
    defsig_fpe_outer.o(.text) refers to defsig_exit.o(.text) for __sig_exit
    defsig_fpe_formal.o(.text) refers to rt_raise.o(.text) for __rt_raise
    defsig_stak_inner.o(.text) refers to defsig_general.o(.text) for __default_signal_display
    defsig_pvfn_inner.o(.text) refers to defsig_general.o(.text) for __default_signal_display
    defsig_cppl_inner.o(.text) refers to defsig_general.o(.text) for __default_signal_display
    defsig_segv_inner.o(.text) refers to defsig_general.o(.text) for __default_signal_display
    defsig_other.o(.text) refers to defsig_general.o(.text) for __default_signal_display


==============================================================================

Removing Unused input sections from the image.

    Removing system_armcm0plus.o(.rev16_text), (4 bytes).
    Removing system_armcm0plus.o(.revsh_text), (4 bytes).
    Removing system_armcm0plus.o(i.SystemCoreClockUpdate), (16 bytes).

3 unused section(s) (total 24 bytes) removed from the image.

==============================================================================

Image Symbol Table

    Local Symbols

    Symbol Name                              Value     Ov Type        Size  Object(Section)

    ../clib/angel/boardlib.s                 0x00000000   Number         0  boardshut.o ABSOLUTE
    ../clib/angel/boardlib.s                 0x00000000   Number         0  boardinit1.o ABSOLUTE
    ../clib/angel/boardlib.s                 0x00000000   Number         0  boardinit2.o ABSOLUTE
    ../clib/angel/boardlib.s                 0x00000000   Number         0  boardinit3.o ABSOLUTE
    ../clib/angel/handlers.s                 0x00000000   Number         0  __scatter_copy.o ABSOLUTE
    ../clib/angel/handlers.s                 0x00000000   Number         0  __scatter_zi.o ABSOLUTE
    ../clib/angel/kernel.s                   0x00000000   Number         0  rtexit2.o ABSOLUTE
    ../clib/angel/kernel.s                   0x00000000   Number         0  __rtentry.o ABSOLUTE
    ../clib/angel/kernel.s                   0x00000000   Number         0  __rtentry4.o ABSOLUTE
    ../clib/angel/kernel.s                   0x00000000   Number         0  rtexit.o ABSOLUTE
    ../clib/angel/kernel.s                   0x00000000   Number         0  __rtentry2.o ABSOLUTE
    ../clib/angel/rt.s                       0x00000000   Number         0  aeabi_idiv0_sigfpe.o ABSOLUTE
    ../clib/angel/rt.s                       0x00000000   Number         0  rt_heap_descriptor.o ABSOLUTE
    ../clib/angel/rt.s                       0x00000000   Number         0  rt_heap_descriptor_intlibspace.o ABSOLUTE
    ../clib/angel/rt.s                       0x00000000   Number         0  rt_errno_addr.o ABSOLUTE
    ../clib/angel/rt.s                       0x00000000   Number         0  rt_errno_addr_intlibspace.o ABSOLUTE
    ../clib/angel/rt.s                       0x00000000   Number         0  rt_div0.o ABSOLUTE
    ../clib/angel/rt.s                       0x00000000   Number         0  aeabi_idiv0.o ABSOLUTE
    ../clib/angel/rt.s                       0x00000000   Number         0  rt_raise.o ABSOLUTE
    ../clib/angel/scatterp.s                 0x00000000   Number         0  __scatter.o ABSOLUTE
    ../clib/angel/startup.s                  0x00000000   Number         0  __main.o ABSOLUTE
    ../clib/angel/sys.s                      0x00000000   Number         0  indicate_semi.o ABSOLUTE
    ../clib/angel/sys.s                      0x00000000   Number         0  use_no_semi.o ABSOLUTE
    ../clib/angel/sys.s                      0x00000000   Number         0  mutex_dummy.o ABSOLUTE
    ../clib/angel/sys.s                      0x00000000   Number         0  sys_stackheap_outer.o ABSOLUTE
    ../clib/angel/sys.s                      0x00000000   Number         0  libspace.o ABSOLUTE
    ../clib/angel/sys.s                      0x00000000   Number         0  tempstk.o ABSOLUTE
    ../clib/angel/sysapp.c                   0x00000000   Number         0  sys_wrch.o ABSOLUTE
    ../clib/angel/sysapp.c                   0x00000000   Number         0  sys_command.o ABSOLUTE
    ../clib/angel/sysapp.c                   0x00000000   Number         0  sys_io.o ABSOLUTE
    ../clib/angel/sysapp.c                   0x00000000   Number         0  sys_exit.o ABSOLUTE
    ../clib/armsys.c                         0x00000000   Number         0  argv_veneer.o ABSOLUTE
    ../clib/armsys.c                         0x00000000   Number         0  _get_argv_nomalloc.o ABSOLUTE
    ../clib/armsys.c                         0x00000000   Number         0  no_argv.o ABSOLUTE
    ../clib/armsys.c                         0x00000000   Number         0  _get_argv.o ABSOLUTE
    ../clib/division.s                       0x00000000   Number         0  aeabi_sdiv.o ABSOLUTE
    ../clib/division.s                       0x00000000   Number         0  aeabi_sdiv_div0.o ABSOLUTE
    ../clib/heap1.c                          0x00000000   Number         0  h1_init_mt.o ABSOLUTE
    ../clib/heap1.c                          0x00000000   Number         0  h1_extend.o ABSOLUTE
    ../clib/heap1.c                          0x00000000   Number         0  h1_init.o ABSOLUTE
    ../clib/heap1.c                          0x00000000   Number         0  h1_alloc_mt.o ABSOLUTE
    ../clib/heap1.c                          0x00000000   Number         0  h1_free.o ABSOLUTE
    ../clib/heap1.c                          0x00000000   Number         0  h1_free_mt.o ABSOLUTE
    ../clib/heap1.c                          0x00000000   Number         0  h1_alloc.o ABSOLUTE
    ../clib/heap1.c                          0x00000000   Number         0  h1_extend_mt.o ABSOLUTE
    ../clib/heap1.c                          0x00000000   Number         0  h1_final_mt.o ABSOLUTE
    ../clib/heap1.c                          0x00000000   Number         0  h1_final.o ABSOLUTE
    ../clib/heap2.c                          0x00000000   Number         0  fdtree.o ABSOLUTE
    ../clib/heap2.c                          0x00000000   Number         0  heap2.o ABSOLUTE
    ../clib/heap2.c                          0x00000000   Number         0  heap2mt.o ABSOLUTE
    ../clib/heapalloc.c                      0x00000000   Number         0  maybetermalloc2.o ABSOLUTE
    ../clib/heapalloc.c                      0x00000000   Number         0  maybetermalloc2.o ABSOLUTE
    ../clib/heapalloc.c                      0x00000000   Number         0  maybetermalloc1.o ABSOLUTE
    ../clib/heapalloc.c                      0x00000000   Number         0  init_alloc.o ABSOLUTE
    ../clib/heapalloc.c                      0x00000000   Number         0  maybetermalloc1.o ABSOLUTE
    ../clib/heapalloc.c                      0x00000000   Number         0  hguard.o ABSOLUTE
    ../clib/heapalloc.c                      0x00000000   Number         0  heapstubs.o ABSOLUTE
    ../clib/heapalloc.c                      0x00000000   Number         0  term_alloc.o ABSOLUTE
    ../clib/heapalloc.c                      0x00000000   Number         0  free.o ABSOLUTE
    ../clib/heapalloc.c                      0x00000000   Number         0  hrguard.o ABSOLUTE
    ../clib/heapalloc.c                      0x00000000   Number         0  malloc.o ABSOLUTE
    ../clib/heapaux.c                        0x00000000   Number         0  heapauxi.o ABSOLUTE
    ../clib/heapaux.c                        0x00000000   Number         0  heapauxa.o ABSOLUTE
    ../clib/libinit.s                        0x00000000   Number         0  libshutdown2.o ABSOLUTE
    ../clib/libinit.s                        0x00000000   Number         0  libinit.o ABSOLUTE
    ../clib/libinit.s                        0x00000000   Number         0  libinit2.o ABSOLUTE
    ../clib/libinit.s                        0x00000000   Number         0  libshutdown.o ABSOLUTE
    ../clib/memcpset.c                       0x00000000   Number         0  rt_memcpy.o ABSOLUTE
    ../clib/memcpset.c                       0x00000000   Number         0  rt_memclr.o ABSOLUTE
    ../clib/memcpset.c                       0x00000000   Number         0  rt_memcpy.o ABSOLUTE
    ../clib/printf.c                         0x00000000   Number         0  __2printf.o ABSOLUTE
    ../clib/printf.c                         0x00000000   Number         0  noretval__2printf.o ABSOLUTE
    ../clib/printf.c                         0x00000000   Number         0  _printf_char_file.o ABSOLUTE
    ../clib/printf.c                         0x00000000   Number         0  _printf_char_common.o ABSOLUTE
    ../clib/printf.c                         0x00000000   Number         0  __printf_nopercent.o ABSOLUTE
    ../clib/signal.c                         0x00000000   Number         0  defsig_segv_inner.o ABSOLUTE
    ../clib/signal.c                         0x00000000   Number         0  defsig_other.o ABSOLUTE
    ../clib/signal.c                         0x00000000   Number         0  defsig_rtred_formal.o ABSOLUTE
    ../clib/signal.c                         0x00000000   Number         0  defsig_rtred_outer.o ABSOLUTE
    ../clib/signal.c                         0x00000000   Number         0  defsig_exit.o ABSOLUTE
    ../clib/signal.c                         0x00000000   Number         0  defsig_rtred_inner.o ABSOLUTE
    ../clib/signal.c                         0x00000000   Number         0  __raise.o ABSOLUTE
    ../clib/signal.c                         0x00000000   Number         0  defsig_general.o ABSOLUTE
    ../clib/signal.c                         0x00000000   Number         0  defsig_rtmem_outer.o ABSOLUTE
    ../clib/signal.c                         0x00000000   Number         0  defsig_rtmem_formal.o ABSOLUTE
    ../clib/signal.c                         0x00000000   Number         0  defsig_rtmem_inner.o ABSOLUTE
    ../clib/signal.c                         0x00000000   Number         0  defsig_abrt_inner.o ABSOLUTE
    ../clib/signal.c                         0x00000000   Number         0  defsig_fpe_inner.o ABSOLUTE
    ../clib/signal.c                         0x00000000   Number         0  defsig_fpe_outer.o ABSOLUTE
    ../clib/signal.c                         0x00000000   Number         0  defsig_fpe_formal.o ABSOLUTE
    ../clib/signal.c                         0x00000000   Number         0  defsig_stak_inner.o ABSOLUTE
    ../clib/signal.c                         0x00000000   Number         0  defsig_pvfn_inner.o ABSOLUTE
    ../clib/signal.c                         0x00000000   Number         0  defsig_cppl_inner.o ABSOLUTE
    ../clib/signal.s                         0x00000000   Number         0  defsig.o ABSOLUTE
    ../clib/stdio.c                          0x00000000   Number         0  setvbuf.o ABSOLUTE
    ../clib/stdio.c                          0x00000000   Number         0  fopen_locked.o ABSOLUTE
    ../clib/stdio.c                          0x00000000   Number         0  ferror_locked.o ABSOLUTE
    ../clib/stdio.c                          0x00000000   Number         0  fseek.o ABSOLUTE
    ../clib/stdio.c                          0x00000000   Number         0  initio_locked.o ABSOLUTE
    ../clib/stdio.c                          0x00000000   Number         0  stdio.o ABSOLUTE
    ../clib/stdio.c                          0x00000000   Number         0  stdio_streams.o ABSOLUTE
    ../clib/stdio.c                          0x00000000   Number         0  initio.o ABSOLUTE
    ../clib/stdio.c                          0x00000000   Number         0  ferror.o ABSOLUTE
    ../clib/stdio.c                          0x00000000   Number         0  ftell.o ABSOLUTE
    ../clib/stdio.c                          0x00000000   Number         0  streamlock.o ABSOLUTE
    ../clib/stdio.c                          0x00000000   Number         0  fopen.o ABSOLUTE
    ../clib/stdio.c                          0x00000000   Number         0  fclose.o ABSOLUTE
    ../clib/stdio.c                          0x00000000   Number         0  setvbuf_locked.o ABSOLUTE
    ../clib/stdlib.c                         0x00000000   Number         0  exit.o ABSOLUTE
    ../clib/string.c                         0x00000000   Number         0  strlen.o ABSOLUTE
    ../fplib/cfplib/fpinit.c                 0x00000000   Number         0  fpinit.o ABSOLUTE
    RTE\Device\ARMCM0P\startup_ARMCM0plus.s  0x00000000   Number         0  startup_armcm0plus.o ABSOLUTE
    RTE\Device\ARMCM0P\system_ARMCM0plus.c   0x00000000   Number         0  system_armcm0plus.o ABSOLUTE
    RTE\\Device\\ARMCM0P\\system_ARMCM0plus.c 0x00000000   Number         0  system_armcm0plus.o ABSOLUTE
    dc.s                                     0x00000000   Number         0  dc.o ABSOLUTE
    main.c                                   0x00000000   Number         0  main.o ABSOLUTE
    RESET                                    0x10000000   Section      192  startup_armcm0plus.o(RESET)
    !!!main                                  0x100000c0   Section        8  __main.o(!!!main)
    !!!scatter                               0x100000c8   Section       60  __scatter.o(!!!scatter)
    !!handler_copy                           0x10000104   Section       26  __scatter_copy.o(!!handler_copy)
    !!handler_zi                             0x10000120   Section       28  __scatter_zi.o(!!handler_zi)
    .ARM.Collect$$libinit$$00000000          0x1000013c   Section        2  libinit.o(.ARM.Collect$$libinit$$00000000)
    .ARM.Collect$$libinit$$00000002          0x1000013e   Section        0  libinit2.o(.ARM.Collect$$libinit$$00000002)
    .ARM.Collect$$libinit$$00000004          0x1000013e   Section        0  libinit2.o(.ARM.Collect$$libinit$$00000004)
    .ARM.Collect$$libinit$$00000005          0x1000013e   Section        8  libinit2.o(.ARM.Collect$$libinit$$00000005)
    .ARM.Collect$$libinit$$0000000A          0x10000146   Section        0  libinit2.o(.ARM.Collect$$libinit$$0000000A)
    .ARM.Collect$$libinit$$0000000C          0x10000146   Section        0  libinit2.o(.ARM.Collect$$libinit$$0000000C)
    .ARM.Collect$$libinit$$0000000E          0x10000146   Section        0  libinit2.o(.ARM.Collect$$libinit$$0000000E)
    .ARM.Collect$$libinit$$00000011          0x10000146   Section        0  libinit2.o(.ARM.Collect$$libinit$$00000011)
    .ARM.Collect$$libinit$$00000013          0x10000146   Section        0  libinit2.o(.ARM.Collect$$libinit$$00000013)
    .ARM.Collect$$libinit$$00000015          0x10000146   Section        0  libinit2.o(.ARM.Collect$$libinit$$00000015)
    .ARM.Collect$$libinit$$00000017          0x10000146   Section        0  libinit2.o(.ARM.Collect$$libinit$$00000017)
    .ARM.Collect$$libinit$$00000019          0x10000146   Section        0  libinit2.o(.ARM.Collect$$libinit$$00000019)
    .ARM.Collect$$libinit$$0000001B          0x10000146   Section        0  libinit2.o(.ARM.Collect$$libinit$$0000001B)
    .ARM.Collect$$libinit$$0000001D          0x10000146   Section        0  libinit2.o(.ARM.Collect$$libinit$$0000001D)
    .ARM.Collect$$libinit$$0000001F          0x10000146   Section        0  libinit2.o(.ARM.Collect$$libinit$$0000001F)
    .ARM.Collect$$libinit$$00000021          0x10000146   Section        0  libinit2.o(.ARM.Collect$$libinit$$00000021)
    .ARM.Collect$$libinit$$00000023          0x10000146   Section        0  libinit2.o(.ARM.Collect$$libinit$$00000023)
    .ARM.Collect$$libinit$$00000024          0x10000146   Section        4  libinit2.o(.ARM.Collect$$libinit$$00000024)
    .ARM.Collect$$libinit$$00000025          0x1000014a   Section        0  libinit2.o(.ARM.Collect$$libinit$$00000025)
    .ARM.Collect$$libinit$$0000002C          0x1000014a   Section        0  libinit2.o(.ARM.Collect$$libinit$$0000002C)
    .ARM.Collect$$libinit$$0000002E          0x1000014a   Section        0  libinit2.o(.ARM.Collect$$libinit$$0000002E)
    .ARM.Collect$$libinit$$00000030          0x1000014a   Section        0  libinit2.o(.ARM.Collect$$libinit$$00000030)
    .ARM.Collect$$libinit$$00000032          0x1000014a   Section        0  libinit2.o(.ARM.Collect$$libinit$$00000032)
    .ARM.Collect$$libinit$$00000033          0x1000014a   Section        2  libinit2.o(.ARM.Collect$$libinit$$00000033)
    .ARM.Collect$$libshutdown$$00000000      0x1000014c   Section        2  libshutdown.o(.ARM.Collect$$libshutdown$$00000000)
    .ARM.Collect$$libshutdown$$00000002      0x1000014e   Section        4  libshutdown2.o(.ARM.Collect$$libshutdown$$00000002)
    .ARM.Collect$$libshutdown$$00000003      0x10000152   Section        0  libshutdown2.o(.ARM.Collect$$libshutdown$$00000003)
    .ARM.Collect$$libshutdown$$00000006      0x10000152   Section        0  libshutdown2.o(.ARM.Collect$$libshutdown$$00000006)
    .ARM.Collect$$libshutdown$$00000009      0x10000152   Section        0  libshutdown2.o(.ARM.Collect$$libshutdown$$00000009)
    .ARM.Collect$$libshutdown$$0000000B      0x10000152   Section        0  libshutdown2.o(.ARM.Collect$$libshutdown$$0000000B)
    .ARM.Collect$$libshutdown$$0000000E      0x10000152   Section        0  libshutdown2.o(.ARM.Collect$$libshutdown$$0000000E)
    .ARM.Collect$$libshutdown$$0000000F      0x10000152   Section        2  libshutdown2.o(.ARM.Collect$$libshutdown$$0000000F)
    .ARM.Collect$$rtentry$$00000000          0x10000154   Section        0  __rtentry.o(.ARM.Collect$$rtentry$$00000000)
    .ARM.Collect$$rtentry$$00000002          0x10000154   Section        0  __rtentry2.o(.ARM.Collect$$rtentry$$00000002)
    .ARM.Collect$$rtentry$$00000004          0x10000154   Section        6  __rtentry4.o(.ARM.Collect$$rtentry$$00000004)
    .ARM.Collect$$rtentry$$00000009          0x1000015a   Section        0  __rtentry2.o(.ARM.Collect$$rtentry$$00000009)
    .ARM.Collect$$rtentry$$0000000A          0x1000015a   Section        4  __rtentry2.o(.ARM.Collect$$rtentry$$0000000A)
    .ARM.Collect$$rtentry$$0000000C          0x1000015e   Section        0  __rtentry2.o(.ARM.Collect$$rtentry$$0000000C)
    .ARM.Collect$$rtentry$$0000000D          0x1000015e   Section        8  __rtentry2.o(.ARM.Collect$$rtentry$$0000000D)
    .ARM.Collect$$rtexit$$00000000           0x10000166   Section        2  rtexit.o(.ARM.Collect$$rtexit$$00000000)
    .ARM.Collect$$rtexit$$00000002           0x10000168   Section        0  rtexit2.o(.ARM.Collect$$rtexit$$00000002)
    .ARM.Collect$$rtexit$$00000003           0x10000168   Section        4  rtexit2.o(.ARM.Collect$$rtexit$$00000003)
    .ARM.Collect$$rtexit$$00000004           0x1000016c   Section        6  rtexit2.o(.ARM.Collect$$rtexit$$00000004)
    .emb_text                                0x10000174   Section        0  maybetermalloc1.o(.emb_text)
    .text                                    0x10000174   Section       56  startup_armcm0plus.o(.text)
    .text                                    0x100001ac   Section        0  noretval__2printf.o(.text)
    .text                                    0x100001c8   Section        0  rt_memclr.o(.text)
    .text                                    0x10000208   Section        0  heapauxi.o(.text)
    .text                                    0x10000210   Section        0  _printf_char_file.o(.text)
    .text                                    0x10000238   Section        0  _printf_char_common.o(.text)
    _printf_input_char                       0x10000239   Thumb Code    10  _printf_char_common.o(.text)
    .text                                    0x10000268   Section        0  ferror.o(.text)
    .text                                    0x10000270   Section        0  initio.o(.text)
    .text                                    0x100003ac   Section        0  sys_io.o(.text)
    .text                                    0x10000412   Section       62  sys_stackheap_outer.o(.text)
    .text                                    0x10000450   Section        0  h1_free.o(.text)
    .text                                    0x1000049c   Section        0  __printf_nopercent.o(.text)
    .text                                    0x100004c0   Section        0  setvbuf.o(.text)
    .text                                    0x1000050c   Section        0  fopen.o(.text)
    _freopen_locked                          0x1000050d   Thumb Code     0  fopen.o(.text)
    .text                                    0x100005f4   Section        0  fclose.o(.text)
    .text                                    0x10000640   Section        0  exit.o(.text)
    .text                                    0x1000064c   Section        0  defsig_rtred_outer.o(.text)
    .text                                    0x10000658   Section        8  libspace.o(.text)
    .text                                    0x10000660   Section        2  use_no_semi.o(.text)
    .text                                    0x10000662   Section        0  indicate_semi.o(.text)
    .text                                    0x10000664   Section        8  rt_heap_descriptor_intlibspace.o(.text)
    .text                                    0x1000066c   Section        0  hguard.o(.text)
    .text                                    0x10000670   Section        0  init_alloc.o(.text)
    .text                                    0x100006f8   Section        0  h1_alloc.o(.text)
    .text                                    0x1000075c   Section        0  fseek.o(.text)
    .text                                    0x10000850   Section        0  stdio.o(.text)
    .text                                    0x10000940   Section        0  defsig_exit.o(.text)
    .text                                    0x1000094c   Section        0  defsig_rtred_inner.o(.text)
    .text                                    0x10000980   Section        0  strlen.o(.text)
    .text                                    0x100009c4   Section        0  sys_exit.o(.text)
    .text                                    0x100009d0   Section        0  h1_init.o(.text)
    .text                                    0x100009de   Section        0  h1_extend.o(.text)
    .text                                    0x10000a12   Section        0  ftell.o(.text)
    .text                                    0x10000a54   Section        0  defsig_general.o(.text)
    .text                                    0x10000a88   Section        0  defsig_rtmem_outer.o(.text)
    .text                                    0x10000a94   Section        0  sys_wrch.o(.text)
    .text                                    0x10000aa0   Section        8  rt_errno_addr_intlibspace.o(.text)
    .text                                    0x10000aa8   Section        0  defsig_rtmem_inner.o(.text)
    i.SystemInit                             0x10000af8   Section        0  system_armcm0plus.o(i.SystemInit)
    i.fputc                                  0x10000b08   Section        0  main.o(i.fputc)
    i.main                                   0x10000b2c   Section        0  main.o(i.main)
    i.testAccessLowBoundary                  0x10000bb8   Section        0  main.o(i.testAccessLowBoundary)
    i.testAes                                0x10000bcc   Section        0  main.o(i.testAes)
    i.testReadAccess                         0x10000c60   Section        0  main.o(i.testReadAccess)
    .constdata                               0x10000c6c   Section        4  sys_io.o(.constdata)
    .constdata                               0x10000c70   Section        4  sys_io.o(.constdata)
    .constdata                               0x10000c74   Section        4  sys_io.o(.constdata)
    .data                                    0x20000000   Section        5  main.o(.data)
    .data                                    0x20000008   Section        4  system_armcm0plus.o(.data)
    .data                                    0x2000000c   Section        4  stdio_streams.o(.data)
    .data                                    0x20000010   Section        4  stdio_streams.o(.data)
    .data                                    0x20000014   Section        4  stdio_streams.o(.data)
    .bss                                     0x20000018   Section     1024  main.o(.bss)
    .bss                                     0x20000418   Section       84  stdio_streams.o(.bss)
    .bss                                     0x2000046c   Section       84  stdio_streams.o(.bss)
    .bss                                     0x200004c0   Section       84  stdio_streams.o(.bss)
    .bss                                     0x20000514   Section       96  libspace.o(.bss)
    HEAP                                     0x20000578   Section     3072  startup_armcm0plus.o(HEAP)
    Heap_Mem                                 0x20000578   Data        3072  startup_armcm0plus.o(HEAP)
    STACK                                    0x20001178   Section     1024  startup_armcm0plus.o(STACK)
    Stack_Mem                                0x20001178   Data        1024  startup_armcm0plus.o(STACK)
    __initial_sp                             0x20001578   Data           0  startup_armcm0plus.o(STACK)

    Global Symbols

    Symbol Name                              Value     Ov Type        Size  Object(Section)

    BuildAttributes$$THM_ISAv3M$S$PE$A:L22$X:L11$S22$IEEE1$IW$USESV6$~STKCKD$USESV7$~SHL$OTIME$ROPI$EBA8$UX$STANDARDLIB$REQ8$PRES8$EABIv2 0x00000000   Number         0  anon$$obj.o ABSOLUTE
    __ARM_use_no_argv                        0x00000000   Number         0  main.o ABSOLUTE
    __ARM_exceptions_init                     - Undefined Weak Reference
    __alloca_initialize                       - Undefined Weak Reference
    __arm_preinit_                            - Undefined Weak Reference
    __cpp_initialize__aeabi_                  - Undefined Weak Reference
    __cxa_finalize                            - Undefined Weak Reference
    __rt_locale                               - Undefined Weak Reference
    __sigvec_lookup                           - Undefined Weak Reference
    __user_heap_extent                        - Undefined Weak Reference
    _atexit_init                              - Undefined Weak Reference
    _call_atexit_fns                          - Undefined Weak Reference
    _clock_init                               - Undefined Weak Reference
    _fp_trap_init                             - Undefined Weak Reference
    _fp_trap_shutdown                         - Undefined Weak Reference
    _get_lc_collate                           - Undefined Weak Reference
    _get_lc_ctype                             - Undefined Weak Reference
    _get_lc_monetary                          - Undefined Weak Reference
    _get_lc_numeric                           - Undefined Weak Reference
    _get_lc_time                              - Undefined Weak Reference
    _getenv_init                              - Undefined Weak Reference
    _handle_redirection                       - Undefined Weak Reference
    _mutex_acquire                            - Undefined Weak Reference
    _mutex_free                               - Undefined Weak Reference
    _mutex_release                            - Undefined Weak Reference
    _rand_init                                - Undefined Weak Reference
    _signal_finish                            - Undefined Weak Reference
    _signal_init                              - Undefined Weak Reference
    __Vectors_Size                           0x000000c0   Number         0  startup_armcm0plus.o ABSOLUTE
    __Vectors                                0x10000000   Data           4  startup_armcm0plus.o(RESET)
    __Vectors_End                            0x100000c0   Data           0  startup_armcm0plus.o(RESET)
    __main                                   0x100000c1   Thumb Code     8  __main.o(!!!main)
    __scatterload                            0x100000c9   Thumb Code     0  __scatter.o(!!!scatter)
    __scatterload_rt2                        0x100000c9   Thumb Code    52  __scatter.o(!!!scatter)
    __scatterload_rt2_thumb_only             0x100000c9   Thumb Code     0  __scatter.o(!!!scatter)
    __scatterload_null                       0x100000d9   Thumb Code     0  __scatter.o(!!!scatter)
    __scatterload_copy                       0x10000105   Thumb Code    26  __scatter_copy.o(!!handler_copy)
    __scatterload_zeroinit                   0x10000121   Thumb Code    28  __scatter_zi.o(!!handler_zi)
    __rt_lib_init                            0x1000013d   Thumb Code     0  libinit.o(.ARM.Collect$$libinit$$00000000)
    __rt_lib_init_fp_1                       0x1000013f   Thumb Code     0  libinit2.o(.ARM.Collect$$libinit$$00000002)
    __rt_lib_init_heap_2                     0x1000013f   Thumb Code     0  libinit2.o(.ARM.Collect$$libinit$$00000005)
    __rt_lib_init_preinit_1                  0x1000013f   Thumb Code     0  libinit2.o(.ARM.Collect$$libinit$$00000004)
    __rt_lib_init_atexit_1                   0x10000147   Thumb Code     0  libinit2.o(.ARM.Collect$$libinit$$0000001B)
    __rt_lib_init_clock_1                    0x10000147   Thumb Code     0  libinit2.o(.ARM.Collect$$libinit$$00000021)
    __rt_lib_init_fp_trap_1                  0x10000147   Thumb Code     0  libinit2.o(.ARM.Collect$$libinit$$0000001F)
    __rt_lib_init_getenv_1                   0x10000147   Thumb Code     0  libinit2.o(.ARM.Collect$$libinit$$00000023)
    __rt_lib_init_heap_1                     0x10000147   Thumb Code     0  libinit2.o(.ARM.Collect$$libinit$$0000000A)
    __rt_lib_init_lc_collate_1               0x10000147   Thumb Code     0  libinit2.o(.ARM.Collect$$libinit$$00000011)
    __rt_lib_init_lc_ctype_1                 0x10000147   Thumb Code     0  libinit2.o(.ARM.Collect$$libinit$$00000013)
    __rt_lib_init_lc_monetary_1              0x10000147   Thumb Code     0  libinit2.o(.ARM.Collect$$libinit$$00000015)
    __rt_lib_init_lc_numeric_1               0x10000147   Thumb Code     0  libinit2.o(.ARM.Collect$$libinit$$00000017)
    __rt_lib_init_lc_time_1                  0x10000147   Thumb Code     0  libinit2.o(.ARM.Collect$$libinit$$00000019)
    __rt_lib_init_rand_1                     0x10000147   Thumb Code     0  libinit2.o(.ARM.Collect$$libinit$$0000000E)
    __rt_lib_init_signal_1                   0x10000147   Thumb Code     0  libinit2.o(.ARM.Collect$$libinit$$0000001D)
    __rt_lib_init_stdio_2                    0x10000147   Thumb Code     0  libinit2.o(.ARM.Collect$$libinit$$00000024)
    __rt_lib_init_user_alloc_1               0x10000147   Thumb Code     0  libinit2.o(.ARM.Collect$$libinit$$0000000C)
    __rt_lib_init_alloca_1                   0x1000014b   Thumb Code     0  libinit2.o(.ARM.Collect$$libinit$$0000002E)
    __rt_lib_init_argv_1                     0x1000014b   Thumb Code     0  libinit2.o(.ARM.Collect$$libinit$$0000002C)
    __rt_lib_init_cpp_1                      0x1000014b   Thumb Code     0  libinit2.o(.ARM.Collect$$libinit$$00000032)
    __rt_lib_init_exceptions_1               0x1000014b   Thumb Code     0  libinit2.o(.ARM.Collect$$libinit$$00000030)
    __rt_lib_init_return                     0x1000014b   Thumb Code     0  libinit2.o(.ARM.Collect$$libinit$$00000033)
    __rt_lib_init_stdio_1                    0x1000014b   Thumb Code     0  libinit2.o(.ARM.Collect$$libinit$$00000025)
    __rt_lib_shutdown                        0x1000014d   Thumb Code     0  libshutdown.o(.ARM.Collect$$libshutdown$$00000000)
    __rt_lib_shutdown_stdio_2                0x1000014f   Thumb Code     0  libshutdown2.o(.ARM.Collect$$libshutdown$$00000002)
    __rt_lib_shutdown_fp_trap_1              0x10000153   Thumb Code     0  libshutdown2.o(.ARM.Collect$$libshutdown$$00000006)
    __rt_lib_shutdown_heap_1                 0x10000153   Thumb Code     0  libshutdown2.o(.ARM.Collect$$libshutdown$$0000000E)
    __rt_lib_shutdown_return                 0x10000153   Thumb Code     0  libshutdown2.o(.ARM.Collect$$libshutdown$$0000000F)
    __rt_lib_shutdown_signal_1               0x10000153   Thumb Code     0  libshutdown2.o(.ARM.Collect$$libshutdown$$00000009)
    __rt_lib_shutdown_stdio_1                0x10000153   Thumb Code     0  libshutdown2.o(.ARM.Collect$$libshutdown$$00000003)
    __rt_lib_shutdown_user_alloc_1           0x10000153   Thumb Code     0  libshutdown2.o(.ARM.Collect$$libshutdown$$0000000B)
    __rt_entry                               0x10000155   Thumb Code     0  __rtentry.o(.ARM.Collect$$rtentry$$00000000)
    __rt_entry_presh_1                       0x10000155   Thumb Code     0  __rtentry2.o(.ARM.Collect$$rtentry$$00000002)
    __rt_entry_sh                            0x10000155   Thumb Code     0  __rtentry4.o(.ARM.Collect$$rtentry$$00000004)
    __rt_entry_li                            0x1000015b   Thumb Code     0  __rtentry2.o(.ARM.Collect$$rtentry$$0000000A)
    __rt_entry_postsh_1                      0x1000015b   Thumb Code     0  __rtentry2.o(.ARM.Collect$$rtentry$$00000009)
    __rt_entry_main                          0x1000015f   Thumb Code     0  __rtentry2.o(.ARM.Collect$$rtentry$$0000000D)
    __rt_entry_postli_1                      0x1000015f   Thumb Code     0  __rtentry2.o(.ARM.Collect$$rtentry$$0000000C)
    __rt_exit                                0x10000167   Thumb Code     0  rtexit.o(.ARM.Collect$$rtexit$$00000000)
    __rt_exit_ls                             0x10000169   Thumb Code     0  rtexit2.o(.ARM.Collect$$rtexit$$00000003)
    __rt_exit_prels_1                        0x10000169   Thumb Code     0  rtexit2.o(.ARM.Collect$$rtexit$$00000002)
    __rt_exit_exit                           0x1000016d   Thumb Code     0  rtexit2.o(.ARM.Collect$$rtexit$$00000004)
    Reset_Handler                            0x10000175   Thumb Code     8  startup_armcm0plus.o(.text)
    _maybe_terminate_alloc                   0x10000175   Thumb Code     0  maybetermalloc1.o(.emb_text)
    NMI_Handler                              0x1000017d   Thumb Code     2  startup_armcm0plus.o(.text)
    HardFault_Handler                        0x1000017f   Thumb Code     2  startup_armcm0plus.o(.text)
    SVC_Handler                              0x10000181   Thumb Code     2  startup_armcm0plus.o(.text)
    PendSV_Handler                           0x10000183   Thumb Code     2  startup_armcm0plus.o(.text)
    SysTick_Handler                          0x10000185   Thumb Code     2  startup_armcm0plus.o(.text)
    AACI_IRQHandler                          0x10000187   Thumb Code     0  startup_armcm0plus.o(.text)
    CAN_IRQHandler                           0x10000187   Thumb Code     0  startup_armcm0plus.o(.text)
    CHLCD_IRQHandler                         0x10000187   Thumb Code     0  startup_armcm0plus.o(.text)
    CLCD_IRQHandler                          0x10000187   Thumb Code     0  startup_armcm0plus.o(.text)
    CPU_CLCD_IRQHandler                      0x10000187   Thumb Code     0  startup_armcm0plus.o(.text)
    ENET_IRQHandler                          0x10000187   Thumb Code     0  startup_armcm0plus.o(.text)
    FLEXRAY_IRQHandler                       0x10000187   Thumb Code     0  startup_armcm0plus.o(.text)
    I2C_IRQHandler                           0x10000187   Thumb Code     0  startup_armcm0plus.o(.text)
    LIN_IRQHandler                           0x10000187   Thumb Code     0  startup_armcm0plus.o(.text)
    MCIA_IRQHandler                          0x10000187   Thumb Code     0  startup_armcm0plus.o(.text)
    MCIB_IRQHandler                          0x10000187   Thumb Code     0  startup_armcm0plus.o(.text)
    RTC_IRQHandler                           0x10000187   Thumb Code     0  startup_armcm0plus.o(.text)
    SPI_IRQHandler                           0x10000187   Thumb Code     0  startup_armcm0plus.o(.text)
    TIM0_IRQHandler                          0x10000187   Thumb Code     0  startup_armcm0plus.o(.text)
    TIM2_IRQHandler                          0x10000187   Thumb Code     0  startup_armcm0plus.o(.text)
    UART0_IRQHandler                         0x10000187   Thumb Code     0  startup_armcm0plus.o(.text)
    UART1_IRQHandler                         0x10000187   Thumb Code     0  startup_armcm0plus.o(.text)
    UART2_IRQHandler                         0x10000187   Thumb Code     0  startup_armcm0plus.o(.text)
    UART3_IRQHandler                         0x10000187   Thumb Code     0  startup_armcm0plus.o(.text)
    UART4_IRQHandler                         0x10000187   Thumb Code     0  startup_armcm0plus.o(.text)
    USBDC_IRQHandler                         0x10000187   Thumb Code     0  startup_armcm0plus.o(.text)
    USBHC_IRQHandler                         0x10000187   Thumb Code     0  startup_armcm0plus.o(.text)
    WDT_IRQHandler                           0x10000187   Thumb Code     0  startup_armcm0plus.o(.text)
    __user_initial_stackheap                 0x10000189   Thumb Code    10  startup_armcm0plus.o(.text)
    __2printf                                0x100001ad   Thumb Code    22  noretval__2printf.o(.text)
    _memset_w                                0x100001c9   Thumb Code    26  rt_memclr.o(.text)
    _memset                                  0x100001e3   Thumb Code    30  rt_memclr.o(.text)
    __aeabi_memclr                           0x10000201   Thumb Code     4  rt_memclr.o(.text)
    __rt_memclr                              0x10000201   Thumb Code     0  rt_memclr.o(.text)
    __aeabi_memclr4                          0x10000205   Thumb Code     0  rt_memclr.o(.text)
    __aeabi_memclr8                          0x10000205   Thumb Code     0  rt_memclr.o(.text)
    __rt_memclr_w                            0x10000205   Thumb Code     4  rt_memclr.o(.text)
    __use_two_region_memory                  0x10000209   Thumb Code     2  heapauxi.o(.text)
    __rt_heap_escrow                         0x1000020b   Thumb Code     2  heapauxi.o(.text)
    __rt_heap_expand                         0x1000020d   Thumb Code     2  heapauxi.o(.text)
    _printf_char_file                        0x10000211   Thumb Code    34  _printf_char_file.o(.text)
    _printf_char_common                      0x10000243   Thumb Code    32  _printf_char_common.o(.text)
    ferror                                   0x10000269   Thumb Code     8  ferror.o(.text)
    _initio                                  0x10000271   Thumb Code   216  initio.o(.text)
    _terminateio                             0x10000349   Thumb Code    56  initio.o(.text)
    _sys_open                                0x100003ad   Thumb Code    20  sys_io.o(.text)
    _sys_close                               0x100003c1   Thumb Code    12  sys_io.o(.text)
    _sys_write                               0x100003cd   Thumb Code    16  sys_io.o(.text)
    _sys_read                                0x100003dd   Thumb Code    14  sys_io.o(.text)
    _sys_istty                               0x100003eb   Thumb Code    12  sys_io.o(.text)
    _sys_seek                                0x100003f7   Thumb Code    14  sys_io.o(.text)
    _sys_ensure                              0x10000405   Thumb Code     2  sys_io.o(.text)
    _sys_flen                                0x10000407   Thumb Code    12  sys_io.o(.text)
    __user_setup_stackheap                   0x10000413   Thumb Code    62  sys_stackheap_outer.o(.text)
    free                                     0x10000451   Thumb Code    76  h1_free.o(.text)
    __printf                                 0x1000049d   Thumb Code    36  __printf_nopercent.o(.text)
    setvbuf                                  0x100004c1   Thumb Code    72  setvbuf.o(.text)
    freopen                                  0x1000050d   Thumb Code   148  fopen.o(.text)
    fopen                                    0x100005a1   Thumb Code    76  fopen.o(.text)
    _fclose_internal                         0x100005f5   Thumb Code    72  fclose.o(.text)
    fclose                                   0x100005f5   Thumb Code     0  fclose.o(.text)
    exit                                     0x10000641   Thumb Code    12  exit.o(.text)
    __rt_SIGRTRED                            0x1000064d   Thumb Code    12  defsig_rtred_outer.o(.text)
    __user_libspace                          0x10000659   Thumb Code     8  libspace.o(.text)
    __user_perproc_libspace                  0x10000659   Thumb Code     0  libspace.o(.text)
    __user_perthread_libspace                0x10000659   Thumb Code     0  libspace.o(.text)
    __I$use$semihosting                      0x10000661   Thumb Code     0  use_no_semi.o(.text)
    __use_no_semihosting_swi                 0x10000661   Thumb Code     2  use_no_semi.o(.text)
    __semihosting_library_function           0x10000663   Thumb Code     0  indicate_semi.o(.text)
    __rt_heap_descriptor                     0x10000665   Thumb Code     8  rt_heap_descriptor_intlibspace.o(.text)
    __use_no_heap                            0x1000066d   Thumb Code     2  hguard.o(.text)
    __heap$guard                             0x1000066f   Thumb Code     2  hguard.o(.text)
    _terminate_user_alloc                    0x10000671   Thumb Code     2  init_alloc.o(.text)
    _init_user_alloc                         0x10000673   Thumb Code     2  init_alloc.o(.text)
    __Heap_Full                              0x10000675   Thumb Code    32  init_alloc.o(.text)
    __Heap_Broken                            0x10000695   Thumb Code    10  init_alloc.o(.text)
    _init_alloc                              0x1000069f   Thumb Code    90  init_alloc.o(.text)
    malloc                                   0x100006f9   Thumb Code    98  h1_alloc.o(.text)
    _fseek                                   0x1000075d   Thumb Code   240  fseek.o(.text)
    fseek                                    0x1000075d   Thumb Code     0  fseek.o(.text)
    _seterr                                  0x10000851   Thumb Code    20  stdio.o(.text)
    _writebuf                                0x10000865   Thumb Code    76  stdio.o(.text)
    _fflush                                  0x100008b1   Thumb Code    76  stdio.o(.text)
    _deferredlazyseek                        0x100008fd   Thumb Code    60  stdio.o(.text)
    __sig_exit                               0x10000941   Thumb Code    12  defsig_exit.o(.text)
    __rt_SIGRTRED_inner                      0x1000094d   Thumb Code    14  defsig_rtred_inner.o(.text)
    strlen                                   0x10000981   Thumb Code    62  strlen.o(.text)
    _sys_exit                                0x100009c5   Thumb Code     8  sys_exit.o(.text)
    __Heap_Initialize                        0x100009d1   Thumb Code    10  h1_init.o(.text)
    __Heap_DescSize                          0x100009db   Thumb Code     4  h1_init.o(.text)
    __Heap_ProvideMemory                     0x100009df   Thumb Code    52  h1_extend.o(.text)
    _ftell_internal                          0x10000a13   Thumb Code    66  ftell.o(.text)
    ftell                                    0x10000a13   Thumb Code     0  ftell.o(.text)
    __default_signal_display                 0x10000a55   Thumb Code    52  defsig_general.o(.text)
    __rt_SIGRTMEM                            0x10000a89   Thumb Code    12  defsig_rtmem_outer.o(.text)
    _ttywrch                                 0x10000a95   Thumb Code    12  sys_wrch.o(.text)
    __aeabi_errno_addr                       0x10000aa1   Thumb Code     8  rt_errno_addr_intlibspace.o(.text)
    __errno$intlibspace                      0x10000aa1   Thumb Code     0  rt_errno_addr_intlibspace.o(.text)
    __rt_errno_addr$intlibspace              0x10000aa1   Thumb Code     0  rt_errno_addr_intlibspace.o(.text)
    __rt_SIGRTMEM_inner                      0x10000aa9   Thumb Code    22  defsig_rtmem_inner.o(.text)
    SystemInit                               0x10000af9   Thumb Code     8  system_armcm0plus.o(i.SystemInit)
    fputc                                    0x10000b09   Thumb Code    26  main.o(i.fputc)
    main                                     0x10000b2d   Thumb Code    90  main.o(i.main)
    testAccessLowBoundary                    0x10000bb9   Thumb Code    18  main.o(i.testAccessLowBoundary)
    testAes                                  0x10000bcd   Thumb Code   116  main.o(i.testAes)
    testReadAccess                           0x10000c61   Thumb Code     8  main.o(i.testReadAccess)
    __stdin_name                             0x10000c6c   Data           4  sys_io.o(.constdata)
    __stdout_name                            0x10000c70   Data           4  sys_io.o(.constdata)
    __stderr_name                            0x10000c74   Data           4  sys_io.o(.constdata)
    Region$$Table$$Base                      0x10000c78   Number         0  anon$$obj.o(Region$$Table)
    Region$$Table$$Limit                     0x10000c98   Number         0  anon$$obj.o(Region$$Table)
    fputc_index                              0x20000000   Data           4  main.o(.data)
    temp                                     0x20000004   Data           1  main.o(.data)
    SystemCoreClock                          0x20000008   Data           4  system_armcm0plus.o(.data)
    __aeabi_stdin                            0x2000000c   Data           4  stdio_streams.o(.data)
    __aeabi_stdout                           0x20000010   Data           4  stdio_streams.o(.data)
    __aeabi_stderr                           0x20000014   Data           4  stdio_streams.o(.data)
    fputc_output_buf                         0x20000018   Data        1024  main.o(.bss)
    __stdin                                  0x20000418   Data          84  stdio_streams.o(.bss)
    __stdout                                 0x2000046c   Data          84  stdio_streams.o(.bss)
    __stderr                                 0x200004c0   Data          84  stdio_streams.o(.bss)
    __libspace_start                         0x20000514   Data          96  libspace.o(.bss)
    __temporary_stack_top$libspace           0x20000574   Data           0  libspace.o(.bss)



==============================================================================

Memory Map of the image

  Image Entry point : 0x10000175

  Load Region LR_1 (Base: 0x10000000, Size: 0x00000cb0, Max: 0xffffffff, ABSOLUTE)

    Execution Region ER_RO (Base: 0x10000000, Size: 0x00000c98, Max: 0xffffffff, ABSOLUTE)

    Base Addr    Size         Type   Attr      Idx    E Section Name        Object

    0x10000000   0x000000c0   Data   RO           58    RESET               startup_armcm0plus.o
    0x100000c0   0x00000008   Code   RO          118  * !!!main             c_p.l(__main.o)
    0x100000c8   0x0000003c   Code   RO          453    !!!scatter          c_p.l(__scatter.o)
    0x10000104   0x0000001a   Code   RO          455    !!handler_copy      c_p.l(__scatter_copy.o)
    0x1000011e   0x00000002   PAD
    0x10000120   0x0000001c   Code   RO          457    !!handler_zi        c_p.l(__scatter_zi.o)
    0x1000013c   0x00000002   Code   RO          244    .ARM.Collect$$libinit$$00000000  c_p.l(libinit.o)
    0x1000013e   0x00000000   Code   RO          246    .ARM.Collect$$libinit$$00000002  c_p.l(libinit2.o)
    0x1000013e   0x00000000   Code   RO          248    .ARM.Collect$$libinit$$00000004  c_p.l(libinit2.o)
    0x1000013e   0x00000008   Code   RO          249    .ARM.Collect$$libinit$$00000005  c_p.l(libinit2.o)
    0x10000146   0x00000000   Code   RO          251    .ARM.Collect$$libinit$$0000000A  c_p.l(libinit2.o)
    0x10000146   0x00000000   Code   RO          253    .ARM.Collect$$libinit$$0000000C  c_p.l(libinit2.o)
    0x10000146   0x00000000   Code   RO          255    .ARM.Collect$$libinit$$0000000E  c_p.l(libinit2.o)
    0x10000146   0x00000000   Code   RO          258    .ARM.Collect$$libinit$$00000011  c_p.l(libinit2.o)
    0x10000146   0x00000000   Code   RO          260    .ARM.Collect$$libinit$$00000013  c_p.l(libinit2.o)
    0x10000146   0x00000000   Code   RO          262    .ARM.Collect$$libinit$$00000015  c_p.l(libinit2.o)
    0x10000146   0x00000000   Code   RO          264    .ARM.Collect$$libinit$$00000017  c_p.l(libinit2.o)
    0x10000146   0x00000000   Code   RO          266    .ARM.Collect$$libinit$$00000019  c_p.l(libinit2.o)
    0x10000146   0x00000000   Code   RO          268    .ARM.Collect$$libinit$$0000001B  c_p.l(libinit2.o)
    0x10000146   0x00000000   Code   RO          270    .ARM.Collect$$libinit$$0000001D  c_p.l(libinit2.o)
    0x10000146   0x00000000   Code   RO          272    .ARM.Collect$$libinit$$0000001F  c_p.l(libinit2.o)
    0x10000146   0x00000000   Code   RO          274    .ARM.Collect$$libinit$$00000021  c_p.l(libinit2.o)
    0x10000146   0x00000000   Code   RO          276    .ARM.Collect$$libinit$$00000023  c_p.l(libinit2.o)
    0x10000146   0x00000004   Code   RO          277    .ARM.Collect$$libinit$$00000024  c_p.l(libinit2.o)
    0x1000014a   0x00000000   Code   RO          278    .ARM.Collect$$libinit$$00000025  c_p.l(libinit2.o)
    0x1000014a   0x00000000   Code   RO          282    .ARM.Collect$$libinit$$0000002C  c_p.l(libinit2.o)
    0x1000014a   0x00000000   Code   RO          284    .ARM.Collect$$libinit$$0000002E  c_p.l(libinit2.o)
    0x1000014a   0x00000000   Code   RO          286    .ARM.Collect$$libinit$$00000030  c_p.l(libinit2.o)
    0x1000014a   0x00000000   Code   RO          288    .ARM.Collect$$libinit$$00000032  c_p.l(libinit2.o)
    0x1000014a   0x00000002   Code   RO          289    .ARM.Collect$$libinit$$00000033  c_p.l(libinit2.o)
    0x1000014c   0x00000002   Code   RO          428    .ARM.Collect$$libshutdown$$00000000  c_p.l(libshutdown.o)
    0x1000014e   0x00000004   Code   RO          291    .ARM.Collect$$libshutdown$$00000002  c_p.l(libshutdown2.o)
    0x10000152   0x00000000   Code   RO          292    .ARM.Collect$$libshutdown$$00000003  c_p.l(libshutdown2.o)
    0x10000152   0x00000000   Code   RO          295    .ARM.Collect$$libshutdown$$00000006  c_p.l(libshutdown2.o)
    0x10000152   0x00000000   Code   RO          298    .ARM.Collect$$libshutdown$$00000009  c_p.l(libshutdown2.o)
    0x10000152   0x00000000   Code   RO          300    .ARM.Collect$$libshutdown$$0000000B  c_p.l(libshutdown2.o)
    0x10000152   0x00000000   Code   RO          303    .ARM.Collect$$libshutdown$$0000000E  c_p.l(libshutdown2.o)
    0x10000152   0x00000002   Code   RO          304    .ARM.Collect$$libshutdown$$0000000F  c_p.l(libshutdown2.o)
    0x10000154   0x00000000   Code   RO          120    .ARM.Collect$$rtentry$$00000000  c_p.l(__rtentry.o)
    0x10000154   0x00000000   Code   RO          130    .ARM.Collect$$rtentry$$00000002  c_p.l(__rtentry2.o)
    0x10000154   0x00000006   Code   RO          142    .ARM.Collect$$rtentry$$00000004  c_p.l(__rtentry4.o)
    0x1000015a   0x00000000   Code   RO          132    .ARM.Collect$$rtentry$$00000009  c_p.l(__rtentry2.o)
    0x1000015a   0x00000004   Code   RO          133    .ARM.Collect$$rtentry$$0000000A  c_p.l(__rtentry2.o)
    0x1000015e   0x00000000   Code   RO          135    .ARM.Collect$$rtentry$$0000000C  c_p.l(__rtentry2.o)
    0x1000015e   0x00000008   Code   RO          136    .ARM.Collect$$rtentry$$0000000D  c_p.l(__rtentry2.o)
    0x10000166   0x00000002   Code   RO          312    .ARM.Collect$$rtexit$$00000000  c_p.l(rtexit.o)
    0x10000168   0x00000000   Code   RO          368    .ARM.Collect$$rtexit$$00000002  c_p.l(rtexit2.o)
    0x10000168   0x00000004   Code   RO          369    .ARM.Collect$$rtexit$$00000003  c_p.l(rtexit2.o)
    0x1000016c   0x00000006   Code   RO          370    .ARM.Collect$$rtexit$$00000004  c_p.l(rtexit2.o)
    0x10000172   0x00000002   PAD
    0x10000174   0x00000000   Code   RO          378    .emb_text           c_p.l(maybetermalloc1.o)
    0x10000174   0x00000038   Code   RO           59  * .text               startup_armcm0plus.o
    0x100001ac   0x0000001c   Code   RO          112    .text               c_p.l(noretval__2printf.o)
    0x100001c8   0x00000040   Code   RO          114    .text               c_p.l(rt_memclr.o)
    0x10000208   0x00000006   Code   RO          116    .text               c_p.l(heapauxi.o)
    0x1000020e   0x00000002   PAD
    0x10000210   0x00000028   Code   RO          121    .text               c_p.l(_printf_char_file.o)
    0x10000238   0x00000030   Code   RO          144    .text               c_p.l(_printf_char_common.o)
    0x10000268   0x00000008   Code   RO          146    .text               c_p.l(ferror.o)
    0x10000270   0x0000013c   Code   RO          148    .text               c_p.l(initio.o)
    0x100003ac   0x00000066   Code   RO          154    .text               c_p.l(sys_io.o)
    0x10000412   0x0000003e   Code   RO          161    .text               c_p.l(sys_stackheap_outer.o)
    0x10000450   0x0000004c   Code   RO          166    .text               c_p.l(h1_free.o)
    0x1000049c   0x00000024   Code   RO          220    .text               c_p.l(__printf_nopercent.o)
    0x100004c0   0x0000004c   Code   RO          222    .text               c_p.l(setvbuf.o)
    0x1000050c   0x000000e8   Code   RO          225    .text               c_p.l(fopen.o)
    0x100005f4   0x0000004c   Code   RO          227    .text               c_p.l(fclose.o)
    0x10000640   0x0000000c   Code   RO          233    .text               c_p.l(exit.o)
    0x1000064c   0x0000000c   Code   RO          235    .text               c_p.l(defsig_rtred_outer.o)
    0x10000658   0x00000008   Code   RO          305    .text               c_p.l(libspace.o)
    0x10000660   0x00000002   Code   RO          308    .text               c_p.l(use_no_semi.o)
    0x10000662   0x00000000   Code   RO          310    .text               c_p.l(indicate_semi.o)
    0x10000662   0x00000002   PAD
    0x10000664   0x00000008   Code   RO          319    .text               c_p.l(rt_heap_descriptor_intlibspace.o)
    0x1000066c   0x00000004   Code   RO          321    .text               c_p.l(hguard.o)
    0x10000670   0x00000088   Code   RO          323    .text               c_p.l(init_alloc.o)
    0x100006f8   0x00000062   Code   RO          329    .text               c_p.l(h1_alloc.o)
    0x1000075a   0x00000002   PAD
    0x1000075c   0x000000f4   Code   RO          343    .text               c_p.l(fseek.o)
    0x10000850   0x000000f0   Code   RO          345    .text               c_p.l(stdio.o)
    0x10000940   0x0000000c   Code   RO          347    .text               c_p.l(defsig_exit.o)
    0x1000094c   0x00000034   Code   RO          349    .text               c_p.l(defsig_rtred_inner.o)
    0x10000980   0x00000044   Code   RO          351    .text               c_p.l(strlen.o)
    0x100009c4   0x0000000c   Code   RO          365    .text               c_p.l(sys_exit.o)
    0x100009d0   0x0000000e   Code   RO          380    .text               c_p.l(h1_init.o)
    0x100009de   0x00000034   Code   RO          382    .text               c_p.l(h1_extend.o)
    0x10000a12   0x00000042   Code   RO          388    .text               c_p.l(ftell.o)
    0x10000a54   0x00000034   Code   RO          392    .text               c_p.l(defsig_general.o)
    0x10000a88   0x0000000c   Code   RO          394    .text               c_p.l(defsig_rtmem_outer.o)
    0x10000a94   0x0000000c   Code   RO          407    .text               c_p.l(sys_wrch.o)
    0x10000aa0   0x00000008   Code   RO          416    .text               c_p.l(rt_errno_addr_intlibspace.o)
    0x10000aa8   0x00000050   Code   RO          422    .text               c_p.l(defsig_rtmem_inner.o)
    0x10000af8   0x00000010   Code   RO           67    i.SystemInit        system_armcm0plus.o
    0x10000b08   0x00000024   Code   RO            1    i.fputc             main.o
    0x10000b2c   0x0000008c   Code   RO            2    i.main              main.o
    0x10000bb8   0x00000012   Code   RO            3    i.testAccessLowBoundary  main.o
    0x10000bca   0x00000002   PAD
    0x10000bcc   0x00000094   Code   RO            4    i.testAes           main.o
    0x10000c60   0x0000000c   Code   RO            5    i.testReadAccess    main.o
    0x10000c6c   0x00000004   Data   RO          155    .constdata          c_p.l(sys_io.o)
    0x10000c70   0x00000004   Data   RO          156    .constdata          c_p.l(sys_io.o)
    0x10000c74   0x00000004   Data   RO          157    .constdata          c_p.l(sys_io.o)
    0x10000c78   0x00000020   Data   RO          451    Region$$Table       anon$$obj.o


    Execution Region ER_RW (Base: 0x20000000, Size: 0x00000018, Max: 0xffffffff, ABSOLUTE)

    Base Addr    Size         Type   Attr      Idx    E Section Name        Object

    0x20000000   0x00000005   Data   RW            7    .data               main.o
    0x20000005   0x00000003   PAD
    0x20000008   0x00000004   Data   RW           68    .data               system_armcm0plus.o
    0x2000000c   0x00000004   Data   RW          126    .data               c_p.l(stdio_streams.o)
    0x20000010   0x00000004   Data   RW          127    .data               c_p.l(stdio_streams.o)
    0x20000014   0x00000004   Data   RW          128    .data               c_p.l(stdio_streams.o)


    Execution Region ER_ZI (Base: 0x20000018, Size: 0x00001560, Max: 0xffffffff, ABSOLUTE)

    Base Addr    Size         Type   Attr      Idx    E Section Name        Object

    0x20000018   0x00000400   Zero   RW            6    .bss                main.o
    0x20000418   0x00000054   Zero   RW          123    .bss                c_p.l(stdio_streams.o)
    0x2000046c   0x00000054   Zero   RW          124    .bss                c_p.l(stdio_streams.o)
    0x200004c0   0x00000054   Zero   RW          125    .bss                c_p.l(stdio_streams.o)
    0x20000514   0x00000060   Zero   RW          306    .bss                c_p.l(libspace.o)
    0x20000574   0x00000004   PAD
    0x20000578   0x00000c00   Zero   RW           57    HEAP                startup_armcm0plus.o
    0x20001178   0x00000400   Zero   RW           56    STACK               startup_armcm0plus.o


==============================================================================

Image component sizes


      Code (inc. data)   RO Data    RW Data    ZI Data      Debug   Object Name

       354         96          0          5       1024       9114   main.o
        56         26        192          0       4096        732   startup_armcm0plus.o
        16          8          0          4          0        707   system_armcm0plus.o

    ----------------------------------------------------------------------
       428        130        224         12       5120      10553   Object Totals
         0          0         32          0          0          0   (incl. Generated)
         2          0          0          3          0          0   (incl. Padding)

    ----------------------------------------------------------------------

      Code (inc. data)   RO Data    RW Data    ZI Data      Debug   Library Member Name

         8          0          0          0          0         68   __main.o
        36          0          0          0          0         76   __printf_nopercent.o
         0          0          0          0          0          0   __rtentry.o
        12          0          0          0          0          0   __rtentry2.o
         6          0          0          0          0          0   __rtentry4.o
        60          8          0          0          0          0   __scatter.o
        26          0          0          0          0          0   __scatter_copy.o
        28          0          0          0          0          0   __scatter_zi.o
        48          6          0          0          0         88   _printf_char_common.o
        40          6          0          0          0         72   _printf_char_file.o
        12          0          0          0          0         68   defsig_exit.o
        52          0          0          0          0         72   defsig_general.o
        80         58          0          0          0         68   defsig_rtmem_inner.o
        12          0          0          0          0         68   defsig_rtmem_outer.o
        52         38          0          0          0         68   defsig_rtred_inner.o
        12          0          0          0          0         68   defsig_rtred_outer.o
        12          0          0          0          0         64   exit.o
        76          4          0          0          0         76   fclose.o
         8          0          0          0          0         60   ferror.o
       232          8          0          0          0        108   fopen.o
       244          4          0          0          0         76   fseek.o
        66          0          0          0          0         68   ftell.o
        98          0          0          0          0         72   h1_alloc.o
        52          0          0          0          0         68   h1_extend.o
        76          0          0          0          0         72   h1_free.o
        14          0          0          0          0         76   h1_init.o
         6          0          0          0          0        136   heapauxi.o
         4          0          0          0          0        120   hguard.o
         0          0          0          0          0          0   indicate_semi.o
       136          0          0          0          0        160   init_alloc.o
       316         44          0          0          0         96   initio.o
         2          0          0          0          0          0   libinit.o
        14          0          0          0          0          0   libinit2.o
         2          0          0          0          0          0   libshutdown.o
         6          0          0          0          0          0   libshutdown2.o
         8          4          0          0         96         68   libspace.o
         0          0          0          0          0          0   maybetermalloc1.o
        28          6          0          0          0         84   noretval__2printf.o
         8          4          0          0          0         68   rt_errno_addr_intlibspace.o
         8          4          0          0          0         68   rt_heap_descriptor_intlibspace.o
        64          0          0          0          0        108   rt_memclr.o
         2          0          0          0          0          0   rtexit.o
        10          0          0          0          0          0   rtexit2.o
        76          4          0          0          0         72   setvbuf.o
       240          8          0          0          0        144   stdio.o
         0          0          0         12        252          0   stdio_streams.o
        68          6          0          0          0         72   strlen.o
        12          4          0          0          0         60   sys_exit.o
       102          0         12          0          0        232   sys_io.o
        62          0          0          0          0         80   sys_stackheap_outer.o
        12          0          0          0          0         68   sys_wrch.o
         2          0          0          0          0         68   use_no_semi.o

    ----------------------------------------------------------------------
      2560        216         12         12        352       3160   Library Totals
        10          0          0          0          4          0   (incl. Padding)

    ----------------------------------------------------------------------

      Code (inc. data)   RO Data    RW Data    ZI Data      Debug   Library Name

      2550        216         12         12        348       3160   c_p.l

    ----------------------------------------------------------------------
      2560        216         12         12        352       3160   Library Totals

    ----------------------------------------------------------------------

==============================================================================


      Code (inc. data)   RO Data    RW Data    ZI Data      Debug   

      2988        346        236         24       5472      12065   Grand Totals
      2988        346        236         24       5472      12065   ELF Image Totals
      2988        346        236         24          0          0   ROM Totals

==============================================================================

    Total RO  Size (Code + RO Data)                 3224 (   3.15kB)
    Total RW  Size (RW Data + ZI Data)              5496 (   5.37kB)
    Total ROM Size (Code + RO Data + RW Data)       3248 (   3.17kB)

==============================================================================

